******************************************************************************
            TI ARM Clang Linker PC v4.0.3                      
******************************************************************************
>> Linked Fri Jun 20 19:46:05 2025

OUTPUT FILE NAME:   <uart_tim_imitate_idle_interrupt.out>
ENTRY POINT SYMBOL: "_c_int00_noargs"  address: 000031a1


MEMORY CONFIGURATION

         name            origin    length      used     unused   attr    fill
----------------------  --------  ---------  --------  --------  ----  --------
  FLASH                 00000000   00020000  00003958  0001c6a8  R  X
  SRAM                  20200000   00008000  00000a5b  000075a5  RW X
  BCR_CONFIG            41c00000   00000080  00000000  00000080  R   
  BSL_CONFIG            41c00100   00000080  00000000  00000080  R   


SEGMENT ALLOCATION MAP

run origin  load origin   length   init length attrs members
----------  ----------- ---------- ----------- ----- -------
00000000    00000000    00003408   00003408    r-x
  00000000    00000000    000000c0   000000c0    r-- .intvecs
  000000c0    000000c0    00003348   00003348    r-x .text
00003410    00003410    00000550   00000550    r--
  00003410    00003410    00000170   00000170    r-- .rodata
  00003580    00003580    000003e0   000003e0    r-- .cinit
20200000    20200000    00000861   00000000    rw-
  20200000    20200000    000005fa   00000000    rw- .data
  20200600    20200600    00000261   00000000    rw- .bss
20207e00    20207e00    00000200   00000000    rw-
  20207e00    20207e00    00000200   00000000    rw- .stack


SECTION ALLOCATION MAP

 output                                  attributes/
section   page    origin      length       input sections
--------  ----  ----------  ----------   ----------------
.intvecs   0    00000000    000000c0     
                  00000000    000000c0     startup_mspm0g350x_ticlang.o (.intvecs)

.text      0    000000c0    00003348     
                  000000c0    000009d0     libc.a : _printfi.c.obj (.text:__TI_printfi)
                  00000a90    0000096c     OLED.o (.text.OLED_Init)
                  000013fc    00000310     OLED.o (.text.OLED_ShowChar)
                  0000170c    00000220     libc.a : _printfi.c.obj (.text._pconv_a)
                  0000192c    000001dc            : _printfi.c.obj (.text._pconv_g)
                  00001b08    00000192     libclang_rt.builtins.a : adddf3.S.obj (.text.adddf3_subdf3)
                  00001c9a    00000002     startup_mspm0g350x_ticlang.o (.text.Default_Handler)
                  00001c9c    00000180     OLED.o (.text.OLED_Clear)
                  00001e1c    0000013c     libc.a : _printfi.c.obj (.text.fcvt)
                  00001f58    00000120            : _printfi.c.obj (.text._pconv_e)
                  00002078    0000011c     OLED.o (.text.OLED_SetCursor)
                  00002194    0000010c     libclang_rt.builtins.a : divdf3.S.obj (.text.__divdf3)
                  000022a0    000000e8     driverlib.a : dl_timer.o (.text.DL_Timer_initTimerMode)
                  00002388    000000e4     libclang_rt.builtins.a : muldf3.S.obj (.text.__muldf3)
                  0000246c    000000d8     libc.a : s_scalbn.c.obj (.text.scalbn)
                  00002544    000000b8     ch340.o (.text.uart_ch340_printf)
                  000025fc    000000a2     libclang_rt.builtins.a : udivmoddi4.S.obj (.text)
                  0000269e    0000009a     libc.a : memcpy16.S.obj (.text:memcpy)
                  00002738    00000080     ti_msp_dl_config.o (.text.SYSCFG_DL_UART_CH340_init)
                  000027b8    0000007c     libc.a : copy_decompress_lzss.c.obj (.text:decompress:lzss)
                  00002834    00000074     libclang_rt.builtins.a : comparedf2.c.obj (.text.__gedf2)
                  000028a8    0000006c     ch340.o (.text.UART0_IRQHandler)
                  00002914    00000068     libclang_rt.builtins.a : comparedf2.c.obj (.text.__ledf2)
                  0000297c    00000066     libc.a : _printfi.c.obj (.text._mcpy)
                  000029e2    00000064     OLED.o (.text.OLED_ShowString_FromLineToLine)
                  00002a46    00000002     libclang_rt.builtins.a : aeabi_div0.c.obj (.text.__aeabi_idiv0)
                  00002a48    00000062                            : aeabi_dcmp.S.obj (.text.__aeabi_dcmp)
                  00002aaa    00000062     libc.a : memset16.S.obj (.text:memset)
                  00002b0c    0000005e     driverlib.a : dl_i2c.o (.text.DL_I2C_fillControllerTXFIFO)
                  00002b6a    00000002     libclang_rt.builtins.a : aeabi_div0.c.obj (.text.__aeabi_ldiv0)
                  00002b6c    0000005c     libc.a : s_frexp.c.obj (.text.frexp)
                  00002bc8    0000005c     empty.o (.text.main)
                  00002c24    00000058     ch340.o (.text.TIMG8_IRQHandler)
                  00002c7c    00000058     libc.a : _ltoa.c.obj (.text.__TI_ltoa)
                  00002cd4    00000058            : _printfi.c.obj (.text._pconv_f)
                  00002d2c    00000056     libclang_rt.builtins.a : aeabi_idivmod.S.obj (.text.__aeabi_idivmod)
                  00002d82    00000054     OLED.o (.text.OLED_ShowString)
                  00002dd6    00000002     --HOLE-- [fill = 0]
                  00002dd8    00000054     ti_msp_dl_config.o (.text.SYSCFG_DL_I2C_OLED_init)
                  00002e2c    00000052     libc.a : _printfi.c.obj (.text._ecpy)
                  00002e7e    00000002     --HOLE-- [fill = 0]
                  00002e80    00000050     ti_msp_dl_config.o (.text.SYSCFG_DL_TIMER_UART_CH340_init)
                  00002ed0    0000004a     libclang_rt.builtins.a : fixdfsi.S.obj (.text.__fixdfsi)
                  00002f1a    00000002     --HOLE-- [fill = 0]
                  00002f1c    00000048     driverlib.a : dl_uart.o (.text.DL_UART_init)
                  00002f64    00000048     ti_msp_dl_config.o (.text.SYSCFG_DL_initPower)
                  00002fac    00000040     ti_msp_dl_config.o (.text.SYSCFG_DL_SYSCTL_init)
                  00002fec    00000040     libclang_rt.builtins.a : aeabi_uidivmod.S.obj (.text.__aeabi_uidivmod)
                  0000302c    00000040     libc.a : atoi.c.obj (.text.atoi)
                  0000306c    0000003c            : autoinit.c.obj (.text:__TI_auto_init_nobinit_nopinit)
                  000030a8    0000003a     libclang_rt.builtins.a : muldsi3.S.obj (.text.__muldsi3)
                  000030e2    00000002     --HOLE-- [fill = 0]
                  000030e4    00000034     ti_msp_dl_config.o (.text.SYSCFG_DL_GPIO_init)
                  00003118    00000030     libc.a : _printfi.c.obj (.text._fcpy)
                  00003148    0000002c     libclang_rt.builtins.a : floatsidf.S.obj (.text.__floatsidf)
                  00003174    0000002c     libc.a : vsprintf.c.obj (.text.vsprintf)
                  000031a0    00000028            : boot_cortex_m.c.obj (.text:_c_int00_noargs)
                  000031c8    00000026     driverlib.a : dl_i2c.o (.text.DL_I2C_setClockConfig)
                  000031ee    00000002     --HOLE-- [fill = 0]
                  000031f0    00000024     libclang_rt.builtins.a : muldi3.S.obj (.text.__muldi3)
                  00003214    00000022     libc.a : memccpy.c.obj (.text.memccpy)
                  00003236    00000002     --HOLE-- [fill = 0]
                  00003238    00000020     driverlib.a : dl_uart.o (.text.DL_UART_transmitDataBlocking)
                  00003258    0000001e     libclang_rt.builtins.a : ashldi3.S.obj (.text.__ashldi3)
                  00003276    00000002     --HOLE-- [fill = 0]
                  00003278    0000001c     driverlib.a : dl_timer.o (.text.DL_Timer_setClockConfig)
                  00003294    0000001c     ti_msp_dl_config.o (.text.SYSCFG_DL_init)
                  000032b0    0000001c     ch340.o (.text.ch340_init)
                  000032cc    00000018     libc.a : vsprintf.c.obj (.text._outs)
                  000032e4    00000018     ch340.o (.text.get_ch340_TC_flag)
                  000032fc    00000016     libc.a : copy_zero_init.c.obj (.text:decompress:ZI:__TI_zero_init_nomemset)
                  00003312    00000002     --HOLE-- [fill = 0]
                  00003314    00000014     libclang_rt.builtins.a : aeabi_uldivmod.S.obj (.text.__aeabi_uldivmod)
                  00003328    00000014     libc.a : _printfi.c.obj (.text.strchr)
                  0000333c    00000012     driverlib.a : dl_uart.o (.text.DL_UART_setClockConfig)
                  0000334e    00000012     libc.a : copy_decompress_none.c.obj (.text:decompress:none)
                  00003360    00000010            : wcslen.c.obj (.text.wcslen)
                  00003370    0000000e     libclang_rt.builtins.a : aeabi_memset.S.obj (.text.__aeabi_memset)
                  0000337e    0000000e     libc.a : _printfi.c.obj (.text.strlen)
                  0000338c    0000000c     delay.o (.text.delay_init)
                  00003398    0000000c     ch340.o (.text.get_ch340_rx_len)
                  000033a4    0000000a     driverlib.a : dl_common.o (.text.DL_Common_delayCycles)
                  000033ae    0000000a     libc.a : _printfi.c.obj (.text.OUTLINED_FUNCTION_0)
                  000033b8    00000010     libclang_rt.builtins.a : adddf3.S.obj (.tramp.__aeabi_dsub.1)
                  000033c8    0000000a     libc.a : _printfi.c.obj (.text.OUTLINED_FUNCTION_1)
                  000033d2    0000000a            : vsprintf.c.obj (.text._outc)
                  000033dc    00000008            : aeabi_portable.c.obj (.text.__aeabi_errno_addr)
                  000033e4    00000008     libclang_rt.builtins.a : aeabi_memcpy.S.obj (.text.__aeabi_memcpy)
                  000033ec    00000008     ch340.o (.text.get_ch340_rx_pack)
                  000033f4    00000006     libc.a : exit.c.obj (.text:abort)
                  000033fa    00000004     libsysbm.a : hostexit.c.obj (.text.HOSTexit)
                  000033fe    00000004     startup_mspm0g350x_ticlang.o (.text.Reset_Handler)
                  00003402    00000004     libc.a : pre_init.c.obj (.text._system_pre_init)
                  00003406    00000002     --HOLE-- [fill = 0]

.cinit     0    00003580    000003e0     
                  00003580    000003b6     (.cinit..data.load) [load image, compression = lzss]
                  00003936    00000002     --HOLE-- [fill = 0]
                  00003938    0000000c     (__TI_handler_table)
                  00003944    00000008     (.cinit..bss.load) [load image, compression = zero_init]
                  0000394c    00000010     (__TI_cinit_table)
                  0000395c    00000004     --HOLE-- [fill = 0]

.rodata    0    00003410    00000170     
                  00003410    00000101     libc.a : aeabi_ctype.S.obj (.rodata:__aeabi_ctype_table_)
                  00003511    00000003     ti_msp_dl_config.o (.rodata.gTIMER_UART_CH340ClockConfig)
                  00003514    00000014     ti_msp_dl_config.o (.rodata.gTIMER_UART_CH340TimerConfig)
                  00003528    00000011     libc.a : _printfi.c.obj (.rodata.str1.10348868589481759720.1)
                  00003539    00000011            : _printfi.c.obj (.rodata.str1.15363888844622738466.1)
                  0000354a    00000010     empty.o (.rodata.str1.9517790425240694019.1)
                  0000355a    0000000b     empty.o (.rodata.str1.254342170260855183.1)
                  00003565    00000001     --HOLE-- [fill = 0]
                  00003566    0000000a     ti_msp_dl_config.o (.rodata.gUART_CH340Config)
                  00003570    00000002     ti_msp_dl_config.o (.rodata.gI2C_OLEDClockConfig)
                  00003572    00000002     ti_msp_dl_config.o (.rodata.gUART_CH340ClockConfig)
                  00003574    0000000c     --HOLE-- [fill = 0]

.init_array 
*          0    00000000    00000000     UNINITIALIZED

.binit     0    00000000    00000000     

.data      0    20200000    000005fa     UNINITIALIZED
                  20200000    000005f0     OLED.o (.data.OLED_F8x16)
                  202005f0    00000004     libc.a : aeabi_portable.c.obj (.data.__aeabi_errno)
                  202005f4    00000002     ch340.o (.data.ch340_rx_cnt)
                  202005f6    00000002     ch340.o (.data.ch340_rx_len)
                  202005f8    00000001     ch340.o (.data.is_timer_uart_ch340_enabled)
                  202005f9    00000001     ch340.o (.data.is_uart_ch340_recv_done)

.bss       0    20200600    00000261     UNINITIALIZED
                  20200600    000001f4     (.common:ch340_rx_pack)
                  202007f4    00000064     (.common:ch340_tx_package)
                  20200858    00000008     (.common:SYSTEMCLOCK)
                  20200860    00000001     (.common:ch340_rx_byte)

.stack     0    20207e00    00000200     UNINITIALIZED
                  20207e00    00000004     libc.a : boot_cortex_m.c.obj (.stack)
                  20207e04    000001fc     --HOLE--

__llvm_prf_cnts 
*          0    20200000    00000000     UNINITIALIZED

__llvm_prf_bits 
*          0    20200000    00000000     UNINITIALIZED

MODULE SUMMARY

       Module                         code    ro data   rw data
       ------                         ----    -------   -------
    .\
       ti_msp_dl_config.o             508     37        0      
       startup_mspm0g350x_ticlang.o   6       192       0      
       empty.o                        92      27        0      
    +--+------------------------------+-------+---------+---------+
       Total:                         606     256       0      
                                                               
    .\hardware\ch340\
       ch340.o                        452     0         607    
    +--+------------------------------+-------+---------+---------+
       Total:                         452     0         607    
                                                               
    .\hardware\delay\
       delay.o                        12      0         8      
    +--+------------------------------+-------+---------+---------+
       Total:                         12      0         8      
                                                               
    .\hardware\oled\
       OLED.o                         4048    0         1520   
    +--+------------------------------+-------+---------+---------+
       Total:                         4048    0         1520   
                                                               
    C:/ti/mspm0_sdk_2_01_00_03/source/ti/driverlib/lib/ticlang/m0p/mspm0g1x0x_g3x0x/driverlib.a
       dl_timer.o                     260     0         0      
       dl_i2c.o                       132     0         0      
       dl_uart.o                      122     0         0      
       dl_common.o                    10      0         0      
    +--+------------------------------+-------+---------+---------+
       Total:                         524     0         0      
                                                               
    C:\ti\ccs2020\ccs\tools\compiler\ti-cgt-armllvm_4.0.3.LTS\lib\armv6m-ti-none-eabi/c/libc.a
       _printfi.c.obj                 4510    34        0      
       aeabi_ctype.S.obj              0       257       0      
       s_scalbn.c.obj                 216     0         0      
       memcpy16.S.obj                 154     0         0      
       copy_decompress_lzss.c.obj     124     0         0      
       memset16.S.obj                 98      0         0      
       s_frexp.c.obj                  92      0         0      
       _ltoa.c.obj                    88      0         0      
       vsprintf.c.obj                 78      0         0      
       atoi.c.obj                     64      0         0      
       autoinit.c.obj                 60      0         0      
       boot_cortex_m.c.obj            40      0         0      
       memccpy.c.obj                  34      0         0      
       copy_zero_init.c.obj           22      0         0      
       copy_decompress_none.c.obj     18      0         0      
       wcslen.c.obj                   16      0         0      
       aeabi_portable.c.obj           8       0         4      
       exit.c.obj                     6       0         0      
       pre_init.c.obj                 4       0         0      
    +--+------------------------------+-------+---------+---------+
       Total:                         5632    291       4      
                                                               
    C:\ti\ccs2020\ccs\tools\compiler\ti-cgt-armllvm_4.0.3.LTS\lib\armv6m-ti-none-eabi/c/libsysbm.a
       hostexit.c.obj                 4       0         0      
    +--+------------------------------+-------+---------+---------+
       Total:                         4       0         0      
                                                               
    C:\ti\ccs2020\ccs\tools\compiler\ti-cgt-armllvm_4.0.3.LTS\lib\armv6m-ti-none-eabi/libclang_rt.builtins.a
       adddf3.S.obj                   418     0         0      
       divdf3.S.obj                   268     0         0      
       muldf3.S.obj                   228     0         0      
       comparedf2.c.obj               220     0         0      
       udivmoddi4.S.obj               162     0         0      
       aeabi_dcmp.S.obj               98      0         0      
       aeabi_idivmod.S.obj            86      0         0      
       fixdfsi.S.obj                  74      0         0      
       aeabi_uidivmod.S.obj           64      0         0      
       muldsi3.S.obj                  58      0         0      
       floatsidf.S.obj                44      0         0      
       muldi3.S.obj                   36      0         0      
       ashldi3.S.obj                  30      0         0      
       aeabi_uldivmod.S.obj           20      0         0      
       aeabi_memset.S.obj             14      0         0      
       aeabi_memcpy.S.obj             8       0         0      
       aeabi_div0.c.obj               4       0         0      
    +--+------------------------------+-------+---------+---------+
       Total:                         1832    0         0      
                                                               
       Stack:                         0       0         512    
       Linker Generated:              0       986       0      
    +--+------------------------------+-------+---------+---------+
       Grand Total:                   13110   1533      2651   


LINKER GENERATED COPY TABLES

__TI_cinit_table @ 0000394c records: 2, size/record: 8, table size: 16
	.data: load addr=00003580, load size=000003b6 bytes, run addr=20200000, run size=000005fa bytes, compression=lzss
	.bss: load addr=00003944, load size=00000008 bytes, run addr=20200600, run size=00000261 bytes, compression=zero_init


LINKER GENERATED HANDLER TABLE

__TI_handler_table @ 00003938 records: 3, size/record: 4, table size: 12
	index: 0, handler: __TI_decompress_lzss
	index: 1, handler: __TI_decompress_none
	index: 2, handler: __TI_zero_init


FAR CALL TRAMPOLINES

callee name               trampoline name
   callee addr  tramp addr   call addr  call info
--------------  -----------  ---------  ----------------
__aeabi_dsub              $Tramp$TT$L$PI$$__aeabi_dsub
   00001b09     000033b8     000033b6   libc.a : _printfi.c.obj (.text.OUTLINED_FUNCTION_0)

[1 trampolines]
[1 trampoline calls]


GLOBAL SYMBOLS: SORTED ALPHABETICALLY BY Name 

address   name                           
-------   ----                           
00001c9b  ADC0_IRQHandler                
00001c9b  ADC1_IRQHandler                
00001c9b  AES_IRQHandler                 
000033fa  C$$EXIT                        
00001c9b  CANFD0_IRQHandler              
00001c9b  DAC0_IRQHandler                
000033a5  DL_Common_delayCycles          
00002b0d  DL_I2C_fillControllerTXFIFO    
000031c9  DL_I2C_setClockConfig          
000022a1  DL_Timer_initTimerMode         
00003279  DL_Timer_setClockConfig        
00002f1d  DL_UART_init                   
0000333d  DL_UART_setClockConfig         
00003239  DL_UART_transmitDataBlocking   
00001c9b  DMA_IRQHandler                 
00001c9b  Default_Handler                
00001c9b  GROUP0_IRQHandler              
00001c9b  GROUP1_IRQHandler              
000033fb  HOSTexit                       
00001c9b  HardFault_Handler              
00001c9b  I2C0_IRQHandler                
00001c9b  I2C1_IRQHandler                
00001c9b  NMI_Handler                    
00001c9d  OLED_Clear                     
20200000  OLED_F8x16                     
00000a91  OLED_Init                      
00002079  OLED_SetCursor                 
000013fd  OLED_ShowChar                  
00002d83  OLED_ShowString                
000029e3  OLED_ShowString_FromLineToLine 
00001c9b  PendSV_Handler                 
00001c9b  RTC_IRQHandler                 
000033ff  Reset_Handler                  
00001c9b  SPI0_IRQHandler                
00001c9b  SPI1_IRQHandler                
00001c9b  SVC_Handler                    
000030e5  SYSCFG_DL_GPIO_init            
00002dd9  SYSCFG_DL_I2C_OLED_init        
00002fad  SYSCFG_DL_SYSCTL_init          
00002e81  SYSCFG_DL_TIMER_UART_CH340_init
00002739  SYSCFG_DL_UART_CH340_init      
00003295  SYSCFG_DL_init                 
00002f65  SYSCFG_DL_initPower            
20200858  SYSTEMCLOCK                    
00001c9b  SysTick_Handler                
00001c9b  TIMA0_IRQHandler               
00001c9b  TIMA1_IRQHandler               
00001c9b  TIMG0_IRQHandler               
00001c9b  TIMG12_IRQHandler              
00001c9b  TIMG6_IRQHandler               
00001c9b  TIMG7_IRQHandler               
00002c25  TIMG8_IRQHandler               
000028a9  UART0_IRQHandler               
00001c9b  UART1_IRQHandler               
00001c9b  UART2_IRQHandler               
00001c9b  UART3_IRQHandler               
20208000  __STACK_END                    
00000200  __STACK_SIZE                   
00000000  __TI_ATRegion0_region_sz       
00000000  __TI_ATRegion0_src_addr        
00000000  __TI_ATRegion0_trg_addr        
00000000  __TI_ATRegion1_region_sz       
00000000  __TI_ATRegion1_src_addr        
00000000  __TI_ATRegion1_trg_addr        
00000000  __TI_ATRegion2_region_sz       
00000000  __TI_ATRegion2_src_addr        
00000000  __TI_ATRegion2_trg_addr        
0000394c  __TI_CINIT_Base                
0000395c  __TI_CINIT_Limit               
0000395c  __TI_CINIT_Warm                
00003938  __TI_Handler_Table_Base        
00003944  __TI_Handler_Table_Limit       
0000306d  __TI_auto_init_nobinit_nopinit 
000027b9  __TI_decompress_lzss           
0000334f  __TI_decompress_none           
00002c7d  __TI_ltoa                      
ffffffff  __TI_pprof_out_hndl            
000000c1  __TI_printfi                   
ffffffff  __TI_prof_data_size            
ffffffff  __TI_prof_data_start           
00000000  __TI_static_base__             
000032fd  __TI_zero_init_nomemset        
00001b13  __adddf3                       
00003410  __aeabi_ctype_table_           
00003410  __aeabi_ctype_table_C          
00002ed1  __aeabi_d2iz                   
00001b13  __aeabi_dadd                   
00002a49  __aeabi_dcmpeq                 
00002a85  __aeabi_dcmpge                 
00002a99  __aeabi_dcmpgt                 
00002a71  __aeabi_dcmple                 
00002a5d  __aeabi_dcmplt                 
00002195  __aeabi_ddiv                   
00002389  __aeabi_dmul                   
00001b09  __aeabi_dsub                   
202005f0  __aeabi_errno                  
000033dd  __aeabi_errno_addr             
00003149  __aeabi_i2d                    
00002d2d  __aeabi_idiv                   
00002a47  __aeabi_idiv0                  
00002d2d  __aeabi_idivmod                
00002b6b  __aeabi_ldiv0                  
00003259  __aeabi_llsl                   
000031f1  __aeabi_lmul                   
000033e5  __aeabi_memcpy                 
000033e5  __aeabi_memcpy4                
000033e5  __aeabi_memcpy8                
00003371  __aeabi_memset                 
00003371  __aeabi_memset4                
00003371  __aeabi_memset8                
00002fed  __aeabi_uidiv                  
00002fed  __aeabi_uidivmod               
00003315  __aeabi_uldivmod               
00003259  __ashldi3                      
ffffffff  __binit__                      
00002915  __cmpdf2                       
00002195  __divdf3                       
00002915  __eqdf2                        
00002ed1  __fixdfsi                      
00003149  __floatsidf                    
00002835  __gedf2                        
00002835  __gtdf2                        
00002915  __ledf2                        
00002915  __ltdf2                        
UNDEFED   __mpu_init                     
00002389  __muldf3                       
000031f1  __muldi3                       
000030a9  __muldsi3                      
00002915  __nedf2                        
20207e00  __stack                        
20200000  __start___llvm_prf_bits        
20200000  __start___llvm_prf_cnts        
20200000  __stop___llvm_prf_bits         
20200000  __stop___llvm_prf_cnts         
00001b09  __subdf3                       
000025fd  __udivmoddi4                   
000031a1  _c_int00_noargs                
UNDEFED   _system_post_cinit             
00003403  _system_pre_init               
000033f5  abort                          
0000302d  atoi                           
ffffffff  binit                          
000032b1  ch340_init                     
20200860  ch340_rx_byte                  
202005f4  ch340_rx_cnt                   
202005f6  ch340_rx_len                   
20200600  ch340_rx_pack                  
202007f4  ch340_tx_package               
0000338d  delay_init                     
00002b6d  frexp                          
00002b6d  frexpl                         
000032e5  get_ch340_TC_flag              
00003399  get_ch340_rx_len               
000033ed  get_ch340_rx_pack              
00000000  interruptVectors               
202005f8  is_timer_uart_ch340_enabled    
202005f9  is_uart_ch340_recv_done        
0000246d  ldexp                          
0000246d  ldexpl                         
00002bc9  main                           
00003215  memccpy                        
0000269f  memcpy                         
00002aab  memset                         
0000246d  scalbn                         
0000246d  scalbnl                        
00002545  uart_ch340_printf              
00003175  vsprintf                       
00003361  wcslen                         


GLOBAL SYMBOLS: SORTED BY Symbol Address 

address   name                           
-------   ----                           
00000000  __TI_ATRegion0_region_sz       
00000000  __TI_ATRegion0_src_addr        
00000000  __TI_ATRegion0_trg_addr        
00000000  __TI_ATRegion1_region_sz       
00000000  __TI_ATRegion1_src_addr        
00000000  __TI_ATRegion1_trg_addr        
00000000  __TI_ATRegion2_region_sz       
00000000  __TI_ATRegion2_src_addr        
00000000  __TI_ATRegion2_trg_addr        
00000000  __TI_static_base__             
00000000  interruptVectors               
000000c1  __TI_printfi                   
00000200  __STACK_SIZE                   
00000a91  OLED_Init                      
000013fd  OLED_ShowChar                  
00001b09  __aeabi_dsub                   
00001b09  __subdf3                       
00001b13  __adddf3                       
00001b13  __aeabi_dadd                   
00001c9b  ADC0_IRQHandler                
00001c9b  ADC1_IRQHandler                
00001c9b  AES_IRQHandler                 
00001c9b  CANFD0_IRQHandler              
00001c9b  DAC0_IRQHandler                
00001c9b  DMA_IRQHandler                 
00001c9b  Default_Handler                
00001c9b  GROUP0_IRQHandler              
00001c9b  GROUP1_IRQHandler              
00001c9b  HardFault_Handler              
00001c9b  I2C0_IRQHandler                
00001c9b  I2C1_IRQHandler                
00001c9b  NMI_Handler                    
00001c9b  PendSV_Handler                 
00001c9b  RTC_IRQHandler                 
00001c9b  SPI0_IRQHandler                
00001c9b  SPI1_IRQHandler                
00001c9b  SVC_Handler                    
00001c9b  SysTick_Handler                
00001c9b  TIMA0_IRQHandler               
00001c9b  TIMA1_IRQHandler               
00001c9b  TIMG0_IRQHandler               
00001c9b  TIMG12_IRQHandler              
00001c9b  TIMG6_IRQHandler               
00001c9b  TIMG7_IRQHandler               
00001c9b  UART1_IRQHandler               
00001c9b  UART2_IRQHandler               
00001c9b  UART3_IRQHandler               
00001c9d  OLED_Clear                     
00002079  OLED_SetCursor                 
00002195  __aeabi_ddiv                   
00002195  __divdf3                       
000022a1  DL_Timer_initTimerMode         
00002389  __aeabi_dmul                   
00002389  __muldf3                       
0000246d  ldexp                          
0000246d  ldexpl                         
0000246d  scalbn                         
0000246d  scalbnl                        
00002545  uart_ch340_printf              
000025fd  __udivmoddi4                   
0000269f  memcpy                         
00002739  SYSCFG_DL_UART_CH340_init      
000027b9  __TI_decompress_lzss           
00002835  __gedf2                        
00002835  __gtdf2                        
000028a9  UART0_IRQHandler               
00002915  __cmpdf2                       
00002915  __eqdf2                        
00002915  __ledf2                        
00002915  __ltdf2                        
00002915  __nedf2                        
000029e3  OLED_ShowString_FromLineToLine 
00002a47  __aeabi_idiv0                  
00002a49  __aeabi_dcmpeq                 
00002a5d  __aeabi_dcmplt                 
00002a71  __aeabi_dcmple                 
00002a85  __aeabi_dcmpge                 
00002a99  __aeabi_dcmpgt                 
00002aab  memset                         
00002b0d  DL_I2C_fillControllerTXFIFO    
00002b6b  __aeabi_ldiv0                  
00002b6d  frexp                          
00002b6d  frexpl                         
00002bc9  main                           
00002c25  TIMG8_IRQHandler               
00002c7d  __TI_ltoa                      
00002d2d  __aeabi_idiv                   
00002d2d  __aeabi_idivmod                
00002d83  OLED_ShowString                
00002dd9  SYSCFG_DL_I2C_OLED_init        
00002e81  SYSCFG_DL_TIMER_UART_CH340_init
00002ed1  __aeabi_d2iz                   
00002ed1  __fixdfsi                      
00002f1d  DL_UART_init                   
00002f65  SYSCFG_DL_initPower            
00002fad  SYSCFG_DL_SYSCTL_init          
00002fed  __aeabi_uidiv                  
00002fed  __aeabi_uidivmod               
0000302d  atoi                           
0000306d  __TI_auto_init_nobinit_nopinit 
000030a9  __muldsi3                      
000030e5  SYSCFG_DL_GPIO_init            
00003149  __aeabi_i2d                    
00003149  __floatsidf                    
00003175  vsprintf                       
000031a1  _c_int00_noargs                
000031c9  DL_I2C_setClockConfig          
000031f1  __aeabi_lmul                   
000031f1  __muldi3                       
00003215  memccpy                        
00003239  DL_UART_transmitDataBlocking   
00003259  __aeabi_llsl                   
00003259  __ashldi3                      
00003279  DL_Timer_setClockConfig        
00003295  SYSCFG_DL_init                 
000032b1  ch340_init                     
000032e5  get_ch340_TC_flag              
000032fd  __TI_zero_init_nomemset        
00003315  __aeabi_uldivmod               
0000333d  DL_UART_setClockConfig         
0000334f  __TI_decompress_none           
00003361  wcslen                         
00003371  __aeabi_memset                 
00003371  __aeabi_memset4                
00003371  __aeabi_memset8                
0000338d  delay_init                     
00003399  get_ch340_rx_len               
000033a5  DL_Common_delayCycles          
000033dd  __aeabi_errno_addr             
000033e5  __aeabi_memcpy                 
000033e5  __aeabi_memcpy4                
000033e5  __aeabi_memcpy8                
000033ed  get_ch340_rx_pack              
000033f5  abort                          
000033fa  C$$EXIT                        
000033fb  HOSTexit                       
000033ff  Reset_Handler                  
00003403  _system_pre_init               
00003410  __aeabi_ctype_table_           
00003410  __aeabi_ctype_table_C          
00003938  __TI_Handler_Table_Base        
00003944  __TI_Handler_Table_Limit       
0000394c  __TI_CINIT_Base                
0000395c  __TI_CINIT_Limit               
0000395c  __TI_CINIT_Warm                
20200000  OLED_F8x16                     
20200000  __start___llvm_prf_bits        
20200000  __start___llvm_prf_cnts        
20200000  __stop___llvm_prf_bits         
20200000  __stop___llvm_prf_cnts         
202005f0  __aeabi_errno                  
202005f4  ch340_rx_cnt                   
202005f6  ch340_rx_len                   
202005f8  is_timer_uart_ch340_enabled    
202005f9  is_uart_ch340_recv_done        
20200600  ch340_rx_pack                  
202007f4  ch340_tx_package               
20200858  SYSTEMCLOCK                    
20200860  ch340_rx_byte                  
20207e00  __stack                        
20208000  __STACK_END                    
ffffffff  __TI_pprof_out_hndl            
ffffffff  __TI_prof_data_size            
ffffffff  __TI_prof_data_start           
ffffffff  __binit__                      
ffffffff  binit                          
UNDEFED   __mpu_init                     
UNDEFED   _system_post_cinit             

[168 symbols]
