******************************************************************************
            TI ARM Clang Linker PC v4.0.0                      
******************************************************************************
>> Linked Thu Dec 26 16:27:45 2024

OUTPUT FILE NAME:   <i2c_hardware_oled_test.out>
ENTRY POINT SYMBOL: "_c_int00_noargs"  address: 00001215


MEMORY CONFIGURATION

         name            origin    length      used     unused   attr    fill
----------------------  --------  ---------  --------  --------  ----  --------
  FLASH                 00000000   00020000  00001740  0001e8c0  R  X
  SRAM                  20200000   00008000  000007f4  0000780c  RW X
  BCR_CONFIG            41c00000   00000080  00000000  00000080  R   
  BSL_CONFIG            41c00100   00000080  00000000  00000080  R   


SEGMENT ALLOCATION MAP

run origin  load origin   length   init length attrs members
----------  ----------- ---------- ----------- ----- -------
00000000    00000000    00001740   00001740    r-x
  00000000    00000000    000000c0   000000c0    r-- .intvecs
  000000c0    000000c0    00001258   00001258    r-x .text
  00001318    00001318    00000048   00000048    r-- .rodata
  00001360    00001360    000003e0   000003e0    r-- .cinit
20200000    20200000    000005f4   00000000    rw-
  20200000    20200000    000005f0   00000000    rw- .data
  202005f0    202005f0    00000004   00000000    rw- .bss
20207e00    20207e00    00000200   00000000    rw-
  20207e00    20207e00    00000200   00000000    rw- .stack


SECTION ALLOCATION MAP

 output                                  attributes/
section   page    origin      length       input sections
--------  ----  ----------  ----------   ----------------
.intvecs   0    00000000    000000c0     
                  00000000    000000c0     startup_mspm0g350x_ticlang.o (.intvecs)

.text      0    000000c0    00001258     
                  000000c0    00000974     OLED.o (.text.OLED_Init)
                  00000a34    00000310     OLED.o (.text.OLED_ShowChar)
                  00000d44    0000011c     OLED.o (.text.OLED_SetCursor)
                  00000e60    0000009a     libc.a : memcpy16.S.obj (.text:memcpy)
                  00000efa    00000002     startup_mspm0g350x_ticlang.o (.text.Default_Handler)
                  00000efc    00000094     ImitateSTM32.o (.text.delay_ms)
                  00000f90    0000007c     libc.a : copy_decompress_lzss.c.obj (.text:decompress:lzss)
                  0000100c    00000064     OLED.o (.text.OLED_ShowString_FromLineToLine)
                  00001070    0000005e     driverlib.a : dl_i2c.o (.text.DL_I2C_fillControllerTXFIFO)
                  000010ce    00000002     libclang_rt.builtins.a : aeabi_div0.c.obj (.text.__aeabi_idiv0)
                  000010d0    00000054     ti_msp_dl_config.o (.text.SYSCFG_DL_I2C_OLED_init)
                  00001124    00000040     ti_msp_dl_config.o (.text.SYSCFG_DL_SYSCTL_init)
                  00001164    00000040     libclang_rt.builtins.a : aeabi_uidivmod.S.obj (.text.__aeabi_uidivmod)
                  000011a4    0000003c     libc.a : autoinit.c.obj (.text:__TI_auto_init_nobinit_nopinit)
                  000011e0    00000034     ti_msp_dl_config.o (.text.SYSCFG_DL_initPower)
                  00001214    00000028     libc.a : boot_cortex_m.c.obj (.text:_c_int00_noargs)
                  0000123c    00000026     driverlib.a : dl_i2c.o (.text.DL_I2C_setClockConfig)
                  00001262    00000002     --HOLE-- [fill = 0]
                  00001264    00000024     ti_msp_dl_config.o (.text.SYSCFG_DL_GPIO_init)
                  00001288    00000024     empty.o (.text.main)
                  000012ac    00000016     libc.a : copy_zero_init.c.obj (.text:decompress:ZI:__TI_zero_init_nomemset)
                  000012c2    00000014     ti_msp_dl_config.o (.text.SYSCFG_DL_init)
                  000012d6    00000012     libc.a : copy_decompress_none.c.obj (.text:decompress:none)
                  000012e8    0000000c     ImitateSTM32.o (.text.delay_Init)
                  000012f4    0000000a     driverlib.a : dl_common.o (.text.DL_Common_delayCycles)
                  000012fe    00000002     --HOLE-- [fill = 0]
                  00001300    00000008     libclang_rt.builtins.a : aeabi_memcpy.S.obj (.text.__aeabi_memcpy)
                  00001308    00000004     startup_mspm0g350x_ticlang.o (.text.Reset_Handler)
                  0000130c    00000004     libc.a : pre_init.c.obj (.text._system_pre_init)
                  00001310    00000004            : exit.c.obj (.text:abort)
                  00001314    00000004     --HOLE-- [fill = 0]

.cinit     0    00001360    000003e0     
                  00001360    000003b6     (.cinit..data.load) [load image, compression = lzss]
                  00001716    00000002     --HOLE-- [fill = 0]
                  00001718    0000000c     (__TI_handler_table)
                  00001724    00000008     (.cinit..bss.load) [load image, compression = zero_init]
                  0000172c    00000010     (__TI_cinit_table)
                  0000173c    00000004     --HOLE-- [fill = 0]

.rodata    0    00001318    00000048     
                  00001318    00000041     empty.o (.rodata.str1.176633223477948356601)
                  00001359    00000002     ti_msp_dl_config.o (.rodata.gI2C_OLEDClockConfig)
                  0000135b    00000005     --HOLE-- [fill = 0]

.init_array 
*          0    00000000    00000000     UNINITIALIZED

.binit     0    00000000    00000000     

.data      0    20200000    000005f0     UNINITIALIZED
                  20200000    000005f0     OLED.o (.data.OLED_F8x16)

.bss       0    202005f0    00000004     UNINITIALIZED
                  202005f0    00000004     (.common:SYSTEMCLOCK)

.stack     0    20207e00    00000200     UNINITIALIZED
                  20207e00    00000004     libc.a : boot_cortex_m.c.obj (.stack)
                  20207e04    000001fc     --HOLE--

__llvm_prf_cnts 
*          0    20200000    00000000     UNINITIALIZED

__llvm_prf_bits 
*          0    20200000    00000000     UNINITIALIZED

MODULE SUMMARY

       Module                         code   ro data   rw data
       ------                         ----   -------   -------
    .\
       ti_msp_dl_config.o             256    2         0      
       startup_mspm0g350x_ticlang.o   6      192       0      
       empty.o                        36     65        0      
    +--+------------------------------+------+---------+---------+
       Total:                         298    259       0      
                                                              
    .\hardware\oled\
       OLED.o                         3588   0         1520   
    +--+------------------------------+------+---------+---------+
       Total:                         3588   0         1520   
                                                              
    .\imitateSTM32\
       ImitateSTM32.o                 160    0         4      
    +--+------------------------------+------+---------+---------+
       Total:                         160    0         4      
                                                              
    C:/ti/mspm0_sdk_2_01_00_03/source/ti/driverlib/lib/ticlang/m0p/mspm0g1x0x_g3x0x/driverlib.a
       dl_i2c.o                       132    0         0      
       dl_common.o                    10     0         0      
    +--+------------------------------+------+---------+---------+
       Total:                         142    0         0      
                                                              
    C:\ti\ccstheia150\ccs\tools\compiler\ti-cgt-armllvm_4.0.0.LTS\lib\armv6m-ti-none-eabi/c/libc.a
       memcpy16.S.obj                 154    0         0      
       copy_decompress_lzss.c.obj     124    0         0      
       autoinit.c.obj                 60     0         0      
       boot_cortex_m.c.obj            40     0         0      
       copy_zero_init.c.obj           22     0         0      
       copy_decompress_none.c.obj     18     0         0      
       exit.c.obj                     4      0         0      
       pre_init.c.obj                 4      0         0      
    +--+------------------------------+------+---------+---------+
       Total:                         426    0         0      
                                                              
    C:\ti\ccstheia150\ccs\tools\compiler\ti-cgt-armllvm_4.0.0.LTS\lib\armv6m-ti-none-eabi/libclang_rt.builtins.a
       aeabi_uidivmod.S.obj           64     0         0      
       aeabi_memcpy.S.obj             8      0         0      
       aeabi_div0.c.obj               2      0         0      
    +--+------------------------------+------+---------+---------+
       Total:                         74     0         0      
                                                              
       Stack:                         0      0         512    
       Linker Generated:              0      986       0      
    +--+------------------------------+------+---------+---------+
       Grand Total:                   4688   1245      2036   


LINKER GENERATED COPY TABLES

__TI_cinit_table @ 0000172c records: 2, size/record: 8, table size: 16
	.data: load addr=00001360, load size=000003b6 bytes, run addr=20200000, run size=000005f0 bytes, compression=lzss
	.bss: load addr=00001724, load size=00000008 bytes, run addr=202005f0, run size=00000004 bytes, compression=zero_init


LINKER GENERATED HANDLER TABLE

__TI_handler_table @ 00001718 records: 3, size/record: 4, table size: 12
	index: 0, handler: __TI_decompress_lzss
	index: 1, handler: __TI_decompress_none
	index: 2, handler: __TI_zero_init


GLOBAL SYMBOLS: SORTED ALPHABETICALLY BY Name 

address   name                          
-------   ----                          
00000efb  ADC0_IRQHandler               
00000efb  ADC1_IRQHandler               
00000efb  AES_IRQHandler                
00001310  C$$EXIT                       
00000efb  CANFD0_IRQHandler             
00000efb  DAC0_IRQHandler               
000012f5  DL_Common_delayCycles         
00001071  DL_I2C_fillControllerTXFIFO   
0000123d  DL_I2C_setClockConfig         
00000efb  DMA_IRQHandler                
00000efb  Default_Handler               
00000efb  GROUP0_IRQHandler             
00000efb  GROUP1_IRQHandler             
00000efb  HardFault_Handler             
00000efb  I2C0_IRQHandler               
00000efb  I2C1_IRQHandler               
00000efb  NMI_Handler                   
20200000  OLED_F8x16                    
000000c1  OLED_Init                     
00000d45  OLED_SetCursor                
00000a35  OLED_ShowChar                 
0000100d  OLED_ShowString_FromLineToLine
00000efb  PendSV_Handler                
00000efb  RTC_IRQHandler                
00001309  Reset_Handler                 
00000efb  SPI0_IRQHandler               
00000efb  SPI1_IRQHandler               
00000efb  SVC_Handler                   
00001265  SYSCFG_DL_GPIO_init           
000010d1  SYSCFG_DL_I2C_OLED_init       
00001125  SYSCFG_DL_SYSCTL_init         
000012c3  SYSCFG_DL_init                
000011e1  SYSCFG_DL_initPower           
202005f0  SYSTEMCLOCK                   
00000efb  SysTick_Handler               
00000efb  TIMA0_IRQHandler              
00000efb  TIMA1_IRQHandler              
00000efb  TIMG0_IRQHandler              
00000efb  TIMG12_IRQHandler             
00000efb  TIMG6_IRQHandler              
00000efb  TIMG7_IRQHandler              
00000efb  TIMG8_IRQHandler              
00000efb  UART0_IRQHandler              
00000efb  UART1_IRQHandler              
00000efb  UART2_IRQHandler              
00000efb  UART3_IRQHandler              
20208000  __STACK_END                   
00000200  __STACK_SIZE                  
00000000  __TI_ATRegion0_region_sz      
00000000  __TI_ATRegion0_src_addr       
00000000  __TI_ATRegion0_trg_addr       
00000000  __TI_ATRegion1_region_sz      
00000000  __TI_ATRegion1_src_addr       
00000000  __TI_ATRegion1_trg_addr       
00000000  __TI_ATRegion2_region_sz      
00000000  __TI_ATRegion2_src_addr       
00000000  __TI_ATRegion2_trg_addr       
0000172c  __TI_CINIT_Base               
0000173c  __TI_CINIT_Limit              
0000173c  __TI_CINIT_Warm               
00001718  __TI_Handler_Table_Base       
00001724  __TI_Handler_Table_Limit      
000011a5  __TI_auto_init_nobinit_nopinit
00000f91  __TI_decompress_lzss          
000012d7  __TI_decompress_none          
ffffffff  __TI_pprof_out_hndl           
ffffffff  __TI_prof_data_size           
ffffffff  __TI_prof_data_start          
00000000  __TI_static_base__            
000012ad  __TI_zero_init_nomemset       
000010cf  __aeabi_idiv0                 
00001301  __aeabi_memcpy                
00001301  __aeabi_memcpy4               
00001301  __aeabi_memcpy8               
00001165  __aeabi_uidiv                 
00001165  __aeabi_uidivmod              
ffffffff  __binit__                     
UNDEFED   __mpu_init                    
20207e00  __stack                       
20200000  __start___llvm_prf_bits       
20200000  __start___llvm_prf_cnts       
20200000  __stop___llvm_prf_bits        
20200000  __stop___llvm_prf_cnts        
00001215  _c_int00_noargs               
UNDEFED   _system_post_cinit            
0000130d  _system_pre_init              
00001311  abort                         
ffffffff  binit                         
000012e9  delay_Init                    
00000efd  delay_ms                      
00000000  interruptVectors              
00001289  main                          
00000e61  memcpy                        


GLOBAL SYMBOLS: SORTED BY Symbol Address 

address   name                          
-------   ----                          
00000000  __TI_ATRegion0_region_sz      
00000000  __TI_ATRegion0_src_addr       
00000000  __TI_ATRegion0_trg_addr       
00000000  __TI_ATRegion1_region_sz      
00000000  __TI_ATRegion1_src_addr       
00000000  __TI_ATRegion1_trg_addr       
00000000  __TI_ATRegion2_region_sz      
00000000  __TI_ATRegion2_src_addr       
00000000  __TI_ATRegion2_trg_addr       
00000000  __TI_static_base__            
00000000  interruptVectors              
000000c1  OLED_Init                     
00000200  __STACK_SIZE                  
00000a35  OLED_ShowChar                 
00000d45  OLED_SetCursor                
00000e61  memcpy                        
00000efb  ADC0_IRQHandler               
00000efb  ADC1_IRQHandler               
00000efb  AES_IRQHandler                
00000efb  CANFD0_IRQHandler             
00000efb  DAC0_IRQHandler               
00000efb  DMA_IRQHandler                
00000efb  Default_Handler               
00000efb  GROUP0_IRQHandler             
00000efb  GROUP1_IRQHandler             
00000efb  HardFault_Handler             
00000efb  I2C0_IRQHandler               
00000efb  I2C1_IRQHandler               
00000efb  NMI_Handler                   
00000efb  PendSV_Handler                
00000efb  RTC_IRQHandler                
00000efb  SPI0_IRQHandler               
00000efb  SPI1_IRQHandler               
00000efb  SVC_Handler                   
00000efb  SysTick_Handler               
00000efb  TIMA0_IRQHandler              
00000efb  TIMA1_IRQHandler              
00000efb  TIMG0_IRQHandler              
00000efb  TIMG12_IRQHandler             
00000efb  TIMG6_IRQHandler              
00000efb  TIMG7_IRQHandler              
00000efb  TIMG8_IRQHandler              
00000efb  UART0_IRQHandler              
00000efb  UART1_IRQHandler              
00000efb  UART2_IRQHandler              
00000efb  UART3_IRQHandler              
00000efd  delay_ms                      
00000f91  __TI_decompress_lzss          
0000100d  OLED_ShowString_FromLineToLine
00001071  DL_I2C_fillControllerTXFIFO   
000010cf  __aeabi_idiv0                 
000010d1  SYSCFG_DL_I2C_OLED_init       
00001125  SYSCFG_DL_SYSCTL_init         
00001165  __aeabi_uidiv                 
00001165  __aeabi_uidivmod              
000011a5  __TI_auto_init_nobinit_nopinit
000011e1  SYSCFG_DL_initPower           
00001215  _c_int00_noargs               
0000123d  DL_I2C_setClockConfig         
00001265  SYSCFG_DL_GPIO_init           
00001289  main                          
000012ad  __TI_zero_init_nomemset       
000012c3  SYSCFG_DL_init                
000012d7  __TI_decompress_none          
000012e9  delay_Init                    
000012f5  DL_Common_delayCycles         
00001301  __aeabi_memcpy                
00001301  __aeabi_memcpy4               
00001301  __aeabi_memcpy8               
00001309  Reset_Handler                 
0000130d  _system_pre_init              
00001310  C$$EXIT                       
00001311  abort                         
00001718  __TI_Handler_Table_Base       
00001724  __TI_Handler_Table_Limit      
0000172c  __TI_CINIT_Base               
0000173c  __TI_CINIT_Limit              
0000173c  __TI_CINIT_Warm               
20200000  OLED_F8x16                    
20200000  __start___llvm_prf_bits       
20200000  __start___llvm_prf_cnts       
20200000  __stop___llvm_prf_bits        
20200000  __stop___llvm_prf_cnts        
202005f0  SYSTEMCLOCK                   
20207e00  __stack                       
20208000  __STACK_END                   
ffffffff  __TI_pprof_out_hndl           
ffffffff  __TI_prof_data_size           
ffffffff  __TI_prof_data_start          
ffffffff  __binit__                     
ffffffff  binit                         
UNDEFED   __mpu_init                    
UNDEFED   _system_post_cinit            

[93 symbols]
