******************************************************************************
            TI ARM Clang Linker PC v4.0.0                      
******************************************************************************
>> Linked Wed Jan  1 21:16:37 2025

OUTPUT FILE NAME:   <i2c_hardware_oled128x64_test.out>
ENTRY POINT SYMBOL: "_c_int00_noargs"  address: 00001139


MEMORY CONFIGURATION

         name            origin    length      used     unused   attr    fill
----------------------  --------  ---------  --------  --------  ----  --------
  FLASH                 00000000   00020000  00001660  0001e9a0  R  X
  SRAM                  20200000   00008000  000007f4  0000780c  RW X
  BCR_CONFIG            41c00000   00000080  00000000  00000080  R   
  BSL_CONFIG            41c00100   00000080  00000000  00000080  R   


SEGMENT ALLOCATION MAP

run origin  load origin   length   init length attrs members
----------  ----------- ---------- ----------- ----- -------
00000000    00000000    00001660   00001660    r-x
  00000000    00000000    000000c0   000000c0    r-- .intvecs
  000000c0    000000c0    00001178   00001178    r-x .text
  00001238    00001238    00000048   00000048    r-- .rodata
  00001280    00001280    000003e0   000003e0    r-- .cinit
20200000    20200000    000005f4   00000000    rw-
  20200000    20200000    000005f0   00000000    rw- .data
  202005f0    202005f0    00000004   00000000    rw- .bss
20207e00    20207e00    00000200   00000000    rw-
  20207e00    20207e00    00000200   00000000    rw- .stack


SECTION ALLOCATION MAP

 output                                  attributes/
section   page    origin      length       input sections
--------  ----  ----------  ----------   ----------------
.intvecs   0    00000000    000000c0     
                  00000000    000000c0     startup_mspm0g350x_ticlang.o (.intvecs)

.text      0    000000c0    00001178     
                  000000c0    0000096c     OLED.o (.text.OLED_Init)
                  00000a2c    00000310     OLED.o (.text.OLED_ShowChar)
                  00000d3c    0000011c     OLED.o (.text.OLED_SetCursor)
                  00000e58    0000009a     libc.a : memcpy16.S.obj (.text:memcpy)
                  00000ef2    00000002     startup_mspm0g350x_ticlang.o (.text.Default_Handler)
                  00000ef4    0000007c     libc.a : copy_decompress_lzss.c.obj (.text:decompress:lzss)
                  00000f70    00000064     OLED.o (.text.OLED_ShowString_FromLineToLine)
                  00000fd4    0000005e     driverlib.a : dl_i2c.o (.text.DL_I2C_fillControllerTXFIFO)
                  00001032    00000002     --HOLE-- [fill = 0]
                  00001034    00000054     ti_msp_dl_config.o (.text.SYSCFG_DL_I2C_OLED_init)
                  00001088    00000040     ti_msp_dl_config.o (.text.SYSCFG_DL_SYSCTL_init)
                  000010c8    0000003c     libc.a : autoinit.c.obj (.text:__TI_auto_init_nobinit_nopinit)
                  00001104    00000034     ti_msp_dl_config.o (.text.SYSCFG_DL_initPower)
                  00001138    00000028     libc.a : boot_cortex_m.c.obj (.text:_c_int00_noargs)
                  00001160    00000026     driverlib.a : dl_i2c.o (.text.DL_I2C_setClockConfig)
                  00001186    00000002     --HOLE-- [fill = 0]
                  00001188    00000024     ti_msp_dl_config.o (.text.SYSCFG_DL_GPIO_init)
                  000011ac    00000024     empty.o (.text.main)
                  000011d0    00000016     libc.a : copy_zero_init.c.obj (.text:decompress:ZI:__TI_zero_init_nomemset)
                  000011e6    00000014     ti_msp_dl_config.o (.text.SYSCFG_DL_init)
                  000011fa    00000012     libc.a : copy_decompress_none.c.obj (.text:decompress:none)
                  0000120c    0000000c     delay.o (.text.delay_init)
                  00001218    0000000a     driverlib.a : dl_common.o (.text.DL_Common_delayCycles)
                  00001222    00000002     --HOLE-- [fill = 0]
                  00001224    00000008     libclang_rt.builtins.a : aeabi_memcpy.S.obj (.text.__aeabi_memcpy)
                  0000122c    00000004     startup_mspm0g350x_ticlang.o (.text.Reset_Handler)
                  00001230    00000004     libc.a : pre_init.c.obj (.text._system_pre_init)
                  00001234    00000004            : exit.c.obj (.text:abort)

.cinit     0    00001280    000003e0     
                  00001280    000003b6     (.cinit..data.load) [load image, compression = lzss]
                  00001636    00000002     --HOLE-- [fill = 0]
                  00001638    0000000c     (__TI_handler_table)
                  00001644    00000008     (.cinit..bss.load) [load image, compression = zero_init]
                  0000164c    00000010     (__TI_cinit_table)
                  0000165c    00000004     --HOLE-- [fill = 0]

.rodata    0    00001238    00000048     
                  00001238    00000041     empty.o (.rodata.str1.176633223477948356601)
                  00001279    00000002     ti_msp_dl_config.o (.rodata.gI2C_OLEDClockConfig)
                  0000127b    00000005     --HOLE-- [fill = 0]

.init_array 
*          0    00000000    00000000     UNINITIALIZED

.binit     0    00000000    00000000     

.data      0    20200000    000005f0     UNINITIALIZED
                  20200000    000005f0     OLED.o (.data.OLED_F8x16)

.bss       0    202005f0    00000004     UNINITIALIZED
                  202005f0    00000004     (.common:SYSTEMCLOCK)

.stack     0    20207e00    00000200     UNINITIALIZED
                  20207e00    00000004     libc.a : boot_cortex_m.c.obj (.stack)
                  20207e04    000001fc     --HOLE--

__llvm_prf_cnts 
*          0    20200000    00000000     UNINITIALIZED

__llvm_prf_bits 
*          0    20200000    00000000     UNINITIALIZED

MODULE SUMMARY

       Module                         code   ro data   rw data
       ------                         ----   -------   -------
    .\
       ti_msp_dl_config.o             256    2         0      
       startup_mspm0g350x_ticlang.o   6      192       0      
       empty.o                        36     65        0      
    +--+------------------------------+------+---------+---------+
       Total:                         298    259       0      
                                                              
    .\hardware\delay\
       delay.o                        12     0         4      
    +--+------------------------------+------+---------+---------+
       Total:                         12     0         4      
                                                              
    .\hardware\oled\
       OLED.o                         3580   0         1520   
    +--+------------------------------+------+---------+---------+
       Total:                         3580   0         1520   
                                                              
    C:/ti/mspm0_sdk_2_01_00_03/source/ti/driverlib/lib/ticlang/m0p/mspm0g1x0x_g3x0x/driverlib.a
       dl_i2c.o                       132    0         0      
       dl_common.o                    10     0         0      
    +--+------------------------------+------+---------+---------+
       Total:                         142    0         0      
                                                              
    C:\ti\ccstheia150\ccs\tools\compiler\ti-cgt-armllvm_4.0.0.LTS\lib\armv6m-ti-none-eabi/c/libc.a
       memcpy16.S.obj                 154    0         0      
       copy_decompress_lzss.c.obj     124    0         0      
       autoinit.c.obj                 60     0         0      
       boot_cortex_m.c.obj            40     0         0      
       copy_zero_init.c.obj           22     0         0      
       copy_decompress_none.c.obj     18     0         0      
       exit.c.obj                     4      0         0      
       pre_init.c.obj                 4      0         0      
    +--+------------------------------+------+---------+---------+
       Total:                         426    0         0      
                                                              
    C:\ti\ccstheia150\ccs\tools\compiler\ti-cgt-armllvm_4.0.0.LTS\lib\armv6m-ti-none-eabi/libclang_rt.builtins.a
       aeabi_memcpy.S.obj             8      0         0      
    +--+------------------------------+------+---------+---------+
       Total:                         8      0         0      
                                                              
       Stack:                         0      0         512    
       Linker Generated:              0      986       0      
    +--+------------------------------+------+---------+---------+
       Grand Total:                   4466   1245      2036   


LINKER GENERATED COPY TABLES

__TI_cinit_table @ 0000164c records: 2, size/record: 8, table size: 16
	.data: load addr=00001280, load size=000003b6 bytes, run addr=20200000, run size=000005f0 bytes, compression=lzss
	.bss: load addr=00001644, load size=00000008 bytes, run addr=202005f0, run size=00000004 bytes, compression=zero_init


LINKER GENERATED HANDLER TABLE

__TI_handler_table @ 00001638 records: 3, size/record: 4, table size: 12
	index: 0, handler: __TI_decompress_lzss
	index: 1, handler: __TI_decompress_none
	index: 2, handler: __TI_zero_init


GLOBAL SYMBOLS: SORTED ALPHABETICALLY BY Name 

address   name                          
-------   ----                          
00000ef3  ADC0_IRQHandler               
00000ef3  ADC1_IRQHandler               
00000ef3  AES_IRQHandler                
00001234  C$$EXIT                       
00000ef3  CANFD0_IRQHandler             
00000ef3  DAC0_IRQHandler               
00001219  DL_Common_delayCycles         
00000fd5  DL_I2C_fillControllerTXFIFO   
00001161  DL_I2C_setClockConfig         
00000ef3  DMA_IRQHandler                
00000ef3  Default_Handler               
00000ef3  GROUP0_IRQHandler             
00000ef3  GROUP1_IRQHandler             
00000ef3  HardFault_Handler             
00000ef3  I2C0_IRQHandler               
00000ef3  I2C1_IRQHandler               
00000ef3  NMI_Handler                   
20200000  OLED_F8x16                    
000000c1  OLED_Init                     
00000d3d  OLED_SetCursor                
00000a2d  OLED_ShowChar                 
00000f71  OLED_ShowString_FromLineToLine
00000ef3  PendSV_Handler                
00000ef3  RTC_IRQHandler                
0000122d  Reset_Handler                 
00000ef3  SPI0_IRQHandler               
00000ef3  SPI1_IRQHandler               
00000ef3  SVC_Handler                   
00001189  SYSCFG_DL_GPIO_init           
00001035  SYSCFG_DL_I2C_OLED_init       
00001089  SYSCFG_DL_SYSCTL_init         
000011e7  SYSCFG_DL_init                
00001105  SYSCFG_DL_initPower           
202005f0  SYSTEMCLOCK                   
00000ef3  SysTick_Handler               
00000ef3  TIMA0_IRQHandler              
00000ef3  TIMA1_IRQHandler              
00000ef3  TIMG0_IRQHandler              
00000ef3  TIMG12_IRQHandler             
00000ef3  TIMG6_IRQHandler              
00000ef3  TIMG7_IRQHandler              
00000ef3  TIMG8_IRQHandler              
00000ef3  UART0_IRQHandler              
00000ef3  UART1_IRQHandler              
00000ef3  UART2_IRQHandler              
00000ef3  UART3_IRQHandler              
20208000  __STACK_END                   
00000200  __STACK_SIZE                  
00000000  __TI_ATRegion0_region_sz      
00000000  __TI_ATRegion0_src_addr       
00000000  __TI_ATRegion0_trg_addr       
00000000  __TI_ATRegion1_region_sz      
00000000  __TI_ATRegion1_src_addr       
00000000  __TI_ATRegion1_trg_addr       
00000000  __TI_ATRegion2_region_sz      
00000000  __TI_ATRegion2_src_addr       
00000000  __TI_ATRegion2_trg_addr       
0000164c  __TI_CINIT_Base               
0000165c  __TI_CINIT_Limit              
0000165c  __TI_CINIT_Warm               
00001638  __TI_Handler_Table_Base       
00001644  __TI_Handler_Table_Limit      
000010c9  __TI_auto_init_nobinit_nopinit
00000ef5  __TI_decompress_lzss          
000011fb  __TI_decompress_none          
ffffffff  __TI_pprof_out_hndl           
ffffffff  __TI_prof_data_size           
ffffffff  __TI_prof_data_start          
00000000  __TI_static_base__            
000011d1  __TI_zero_init_nomemset       
00001225  __aeabi_memcpy                
00001225  __aeabi_memcpy4               
00001225  __aeabi_memcpy8               
ffffffff  __binit__                     
UNDEFED   __mpu_init                    
20207e00  __stack                       
20200000  __start___llvm_prf_bits       
20200000  __start___llvm_prf_cnts       
20200000  __stop___llvm_prf_bits        
20200000  __stop___llvm_prf_cnts        
00001139  _c_int00_noargs               
UNDEFED   _system_post_cinit            
00001231  _system_pre_init              
00001235  abort                         
ffffffff  binit                         
0000120d  delay_init                    
00000000  interruptVectors              
000011ad  main                          
00000e59  memcpy                        


GLOBAL SYMBOLS: SORTED BY Symbol Address 

address   name                          
-------   ----                          
00000000  __TI_ATRegion0_region_sz      
00000000  __TI_ATRegion0_src_addr       
00000000  __TI_ATRegion0_trg_addr       
00000000  __TI_ATRegion1_region_sz      
00000000  __TI_ATRegion1_src_addr       
00000000  __TI_ATRegion1_trg_addr       
00000000  __TI_ATRegion2_region_sz      
00000000  __TI_ATRegion2_src_addr       
00000000  __TI_ATRegion2_trg_addr       
00000000  __TI_static_base__            
00000000  interruptVectors              
000000c1  OLED_Init                     
00000200  __STACK_SIZE                  
00000a2d  OLED_ShowChar                 
00000d3d  OLED_SetCursor                
00000e59  memcpy                        
00000ef3  ADC0_IRQHandler               
00000ef3  ADC1_IRQHandler               
00000ef3  AES_IRQHandler                
00000ef3  CANFD0_IRQHandler             
00000ef3  DAC0_IRQHandler               
00000ef3  DMA_IRQHandler                
00000ef3  Default_Handler               
00000ef3  GROUP0_IRQHandler             
00000ef3  GROUP1_IRQHandler             
00000ef3  HardFault_Handler             
00000ef3  I2C0_IRQHandler               
00000ef3  I2C1_IRQHandler               
00000ef3  NMI_Handler                   
00000ef3  PendSV_Handler                
00000ef3  RTC_IRQHandler                
00000ef3  SPI0_IRQHandler               
00000ef3  SPI1_IRQHandler               
00000ef3  SVC_Handler                   
00000ef3  SysTick_Handler               
00000ef3  TIMA0_IRQHandler              
00000ef3  TIMA1_IRQHandler              
00000ef3  TIMG0_IRQHandler              
00000ef3  TIMG12_IRQHandler             
00000ef3  TIMG6_IRQHandler              
00000ef3  TIMG7_IRQHandler              
00000ef3  TIMG8_IRQHandler              
00000ef3  UART0_IRQHandler              
00000ef3  UART1_IRQHandler              
00000ef3  UART2_IRQHandler              
00000ef3  UART3_IRQHandler              
00000ef5  __TI_decompress_lzss          
00000f71  OLED_ShowString_FromLineToLine
00000fd5  DL_I2C_fillControllerTXFIFO   
00001035  SYSCFG_DL_I2C_OLED_init       
00001089  SYSCFG_DL_SYSCTL_init         
000010c9  __TI_auto_init_nobinit_nopinit
00001105  SYSCFG_DL_initPower           
00001139  _c_int00_noargs               
00001161  DL_I2C_setClockConfig         
00001189  SYSCFG_DL_GPIO_init           
000011ad  main                          
000011d1  __TI_zero_init_nomemset       
000011e7  SYSCFG_DL_init                
000011fb  __TI_decompress_none          
0000120d  delay_init                    
00001219  DL_Common_delayCycles         
00001225  __aeabi_memcpy                
00001225  __aeabi_memcpy4               
00001225  __aeabi_memcpy8               
0000122d  Reset_Handler                 
00001231  _system_pre_init              
00001234  C$$EXIT                       
00001235  abort                         
00001638  __TI_Handler_Table_Base       
00001644  __TI_Handler_Table_Limit      
0000164c  __TI_CINIT_Base               
0000165c  __TI_CINIT_Limit              
0000165c  __TI_CINIT_Warm               
20200000  OLED_F8x16                    
20200000  __start___llvm_prf_bits       
20200000  __start___llvm_prf_cnts       
20200000  __stop___llvm_prf_bits        
20200000  __stop___llvm_prf_cnts        
202005f0  SYSTEMCLOCK                   
20207e00  __stack                       
20208000  __STACK_END                   
ffffffff  __TI_pprof_out_hndl           
ffffffff  __TI_prof_data_size           
ffffffff  __TI_prof_data_start          
ffffffff  __binit__                     
ffffffff  binit                         
UNDEFED   __mpu_init                    
UNDEFED   _system_post_cinit            

[89 symbols]
