******************************************************************************
            TI ARM Clang Linker PC v4.0.3                      
******************************************************************************
>> Linked Mon Jun 30 19:24:11 2025

OUTPUT FILE NAME:   <led_matrix_32x32_with_74ic.out>
ENTRY POINT SYMBOL: "_c_int00_noargs"  address: 00001449


MEMORY CONFIGURATION

         name            origin    length      used     unused   attr    fill
----------------------  --------  ---------  --------  --------  ----  --------
  FLASH                 00000000   00020000  00001f08  0001e0f8  R  X
  SRAM                  20200000   00008000  000003fa  00007c06  RW X
  BCR_CONFIG            41c00000   00000080  00000000  00000080  R   
  BSL_CONFIG            41c00100   00000080  00000000  00000080  R   


SEGMENT ALLOCATION MAP

run origin  load origin   length   init length attrs members
----------  ----------- ---------- ----------- ----- -------
00000000    00000000    00001f08   00001f08    r-x
  00000000    00000000    000000c0   000000c0    r-- .intvecs
  000000c0    000000c0    00001460   00001460    r-x .text
  00001520    00001520    000009b8   000009b8    r-- .rodata
  00001ed8    00001ed8    00000030   00000030    r-- .cinit
20200000    20200000    000001fa   00000000    rw-
  20200000    20200000    00000178   00000000    rw- .bss
  20200178    20200178    00000082   00000000    rw- .data
20207e00    20207e00    00000200   00000000    rw-
  20207e00    20207e00    00000200   00000000    rw- .stack


SECTION ALLOCATION MAP

 output                                  attributes/
section   page    origin      length       input sections
--------  ----  ----------  ----------   ----------------
.intvecs   0    00000000    000000c0     
                  00000000    000000c0     startup_mspm0g350x_ticlang.o (.intvecs)

.text      0    000000c0    00001460     
                  000000c0    000004d8     LEDMatrix.o (.text.LEDMatrix_ShowCNChar)
                  00000598    000002f8     LEDMatrix.o (.text.LEDMatrix_ShowENChar)
                  00000890    000002b4     LEDMatrix.o (.text.LEDMatrix_DrawQuad)
                  00000b44    00000198     hc595.o (.text.HC595OutputBits)
                  00000cdc    00000188     hc595.o (.text.HC595ShiftBits)
                  00000e64    000000e8     driverlib.a : dl_timer.o (.text.DL_Timer_initTimerMode)
                  00000f4c    000000d4     main.o (.text.main)
                  00001020    0000009a     libc.a : memcpy16.S.obj (.text:memcpy)
                  000010ba    00000002     startup_mspm0g350x_ticlang.o (.text.Default_Handler)
                  000010bc    0000007c     libc.a : copy_decompress_lzss.c.obj (.text:decompress:lzss)
                  00001138    00000064     LEDMatrix.o (.text.LEDMatrix_Init)
                  0000119c    00000054     LEDMatrix.o (.text.TIMA1_IRQHandler)
                  000011f0    00000050     ti_msp_dl_config.o (.text.SYSCFG_DL_TIMER_LED_MATRIX_init)
                  00001240    0000004c     ti_msp_dl_config.o (.text.SYSCFG_DL_TIMER_TASK_init)
                  0000128c    00000040     ti_msp_dl_config.o (.text.SYSCFG_DL_SYSCTL_init)
                  000012cc    00000040     ti_msp_dl_config.o (.text.SYSCFG_DL_initPower)
                  0000130c    00000040     libclang_rt.builtins.a : aeabi_uidivmod.S.obj (.text.__aeabi_uidivmod)
                  0000134c    0000003c     libc.a : autoinit.c.obj (.text:__TI_auto_init_nobinit_nopinit)
                  00001388    00000038     ti_msp_dl_config.o (.text.SYSCFG_DL_GPIO_init)
                  000013c0    00000030     LEDMatrix.o (.text.LEDMatrix_RowsRotateMove)
                  000013f0    0000002c     hc595.o (.text.HC595Init)
                  0000141c    0000002c     ti_msp_dl_config.o (.text.SYSCFG_DL_init)
                  00001448    00000028     libc.a : boot_cortex_m.c.obj (.text:_c_int00_noargs)
                  00001470    0000001c     driverlib.a : dl_timer.o (.text.DL_Timer_setClockConfig)
                  0000148c    00000018     hc595.o (.text.HC595LatchBits)
                  000014a4    00000018     decoder_5_32.o (.text.YMQWritePort)
                  000014bc    00000016     libc.a : copy_zero_init.c.obj (.text:decompress:ZI:__TI_zero_init_nomemset)
                  000014d2    00000002     libclang_rt.builtins.a : aeabi_div0.c.obj (.text.__aeabi_idiv0)
                  000014d4    00000014     decoder_5_32.o (.text.YMQInit)
                  000014e8    00000012     libc.a : copy_decompress_none.c.obj (.text:decompress:none)
                  000014fa    0000000a     driverlib.a : dl_common.o (.text.DL_Common_delayCycles)
                  00001504    00000008     libclang_rt.builtins.a : aeabi_memcpy.S.obj (.text.__aeabi_memcpy)
                  0000150c    00000006     libc.a : exit.c.obj (.text:abort)
                  00001512    00000004     libsysbm.a : hostexit.c.obj (.text.HOSTexit)
                  00001516    00000004     startup_mspm0g350x_ticlang.o (.text.Reset_Handler)
                  0000151a    00000004     libc.a : pre_init.c.obj (.text._system_pre_init)
                  0000151e    00000002     --HOLE-- [fill = 0]

.cinit     0    00001ed8    00000030     
                  00001ed8    0000000c     (__TI_handler_table)
                  00001ee4    00000008     (.cinit..bss.load) [load image, compression = zero_init]
                  00001eec    00000008     (.cinit..data.load) [load image, compression = lzss]
                  00001ef4    00000010     (__TI_cinit_table)
                  00001f04    00000004     --HOLE-- [fill = 0]

.rodata    0    00001520    000009b8     
                  00001520    000005f0     LEDMatrix_Data.o (.rodata.enchar_8x16)
                  00001b10    000002f8     LEDMatrix_Data.o (.rodata.enchar_6x8)
                  00001e08    00000060     LEDMatrix_Data.o (.rodata.cnchar_11x16)
                  00001e68    00000040     LEDMatrix_Data.o (.rodata.cnchar_16x16)
                  00001ea8    00000014     ti_msp_dl_config.o (.rodata.gTIMER_LED_MATRIXTimerConfig)
                  00001ebc    00000014     ti_msp_dl_config.o (.rodata.gTIMER_TASKTimerConfig)
                  00001ed0    00000003     ti_msp_dl_config.o (.rodata.gTIMER_LED_MATRIXClockConfig)
                  00001ed3    00000003     ti_msp_dl_config.o (.rodata.gTIMER_TASKClockConfig)
                  00001ed6    00000002     --HOLE-- [fill = 0]

.init_array 
*          0    00000000    00000000     UNINITIALIZED

.binit     0    00000000    00000000     

.bss       0    20200000    00000178     UNINITIALIZED
                  20200000    000000bc     (.common:gTIMER_LED_MATRIXBackup)
                  202000bc    000000bc     (.common:gTIMER_TASKBackup)

.data      0    20200178    00000082     UNINITIALIZED
                  20200178    00000080     LEDMatrix.o (.data.__disp_pic)
                  202001f8    00000002     LEDMatrix.o (.data.DispRow)

.stack     0    20207e00    00000200     UNINITIALIZED
                  20207e00    00000004     libc.a : boot_cortex_m.c.obj (.stack)
                  20207e04    000001fc     --HOLE--

__llvm_prf_cnts 
*          0    20200000    00000000     UNINITIALIZED

__llvm_prf_bits 
*          0    20200000    00000000     UNINITIALIZED

MODULE SUMMARY

       Module                         code   ro data   rw data
       ------                         ----   -------   -------
    .\
       ti_msp_dl_config.o             384    46        376    
       main.o                         212    0         0      
       startup_mspm0g350x_ticlang.o   6      192       0      
    +--+------------------------------+------+---------+---------+
       Total:                         602    238       376    
                                                              
    .\hardware\LEDMatrix\
       LEDMatrix.o                    2924   0         130    
       LEDMatrix_Data.o               0      2440      0      
    +--+------------------------------+------+---------+---------+
       Total:                         2924   2440      130    
                                                              
    .\hardware\decoder\
       decoder_5_32.o                 44     0         0      
    +--+------------------------------+------+---------+---------+
       Total:                         44     0         0      
                                                              
    .\hardware\hc595\
       hc595.o                        868    0         0      
    +--+------------------------------+------+---------+---------+
       Total:                         868    0         0      
                                                              
    C:/ti/mspm0_sdk_2_01_00_03/source/ti/driverlib/lib/ticlang/m0p/mspm0g1x0x_g3x0x/driverlib.a
       dl_timer.o                     260    0         0      
       dl_common.o                    10     0         0      
    +--+------------------------------+------+---------+---------+
       Total:                         270    0         0      
                                                              
    C:\ti\ccs2020\ccs\tools\compiler\ti-cgt-armllvm_4.0.3.LTS\lib\armv6m-ti-none-eabi/c/libc.a
       memcpy16.S.obj                 154    0         0      
       copy_decompress_lzss.c.obj     124    0         0      
       autoinit.c.obj                 60     0         0      
       boot_cortex_m.c.obj            40     0         0      
       copy_zero_init.c.obj           22     0         0      
       copy_decompress_none.c.obj     18     0         0      
       exit.c.obj                     6      0         0      
       pre_init.c.obj                 4      0         0      
    +--+------------------------------+------+---------+---------+
       Total:                         428    0         0      
                                                              
    C:\ti\ccs2020\ccs\tools\compiler\ti-cgt-armllvm_4.0.3.LTS\lib\armv6m-ti-none-eabi/c/libsysbm.a
       hostexit.c.obj                 4      0         0      
    +--+------------------------------+------+---------+---------+
       Total:                         4      0         0      
                                                              
    C:\ti\ccs2020\ccs\tools\compiler\ti-cgt-armllvm_4.0.3.LTS\lib\armv6m-ti-none-eabi/libclang_rt.builtins.a
       aeabi_uidivmod.S.obj           64     0         0      
       aeabi_memcpy.S.obj             8      0         0      
       aeabi_div0.c.obj               2      0         0      
    +--+------------------------------+------+---------+---------+
       Total:                         74     0         0      
                                                              
       Stack:                         0      0         512    
       Linker Generated:              0      44        0      
    +--+------------------------------+------+---------+---------+
       Grand Total:                   5214   2722      1018   


LINKER GENERATED COPY TABLES

__TI_cinit_table @ 00001ef4 records: 2, size/record: 8, table size: 16
	.bss: load addr=00001ee4, load size=00000008 bytes, run addr=20200000, run size=00000178 bytes, compression=zero_init
	.data: load addr=00001eec, load size=00000008 bytes, run addr=20200178, run size=00000082 bytes, compression=lzss


LINKER GENERATED HANDLER TABLE

__TI_handler_table @ 00001ed8 records: 3, size/record: 4, table size: 12
	index: 0, handler: __TI_decompress_lzss
	index: 1, handler: __TI_decompress_none
	index: 2, handler: __TI_zero_init


GLOBAL SYMBOLS: SORTED ALPHABETICALLY BY Name 

address   name                           
-------   ----                           
000010bb  ADC0_IRQHandler                
000010bb  ADC1_IRQHandler                
000010bb  AES_IRQHandler                 
00001512  C$$EXIT                        
000010bb  CANFD0_IRQHandler              
000010bb  DAC0_IRQHandler                
000014fb  DL_Common_delayCycles          
00000e65  DL_Timer_initTimerMode         
00001471  DL_Timer_setClockConfig        
000010bb  DMA_IRQHandler                 
000010bb  Default_Handler                
202001f8  DispRow                        
000010bb  GROUP0_IRQHandler              
000010bb  GROUP1_IRQHandler              
000013f1  HC595Init                      
0000148d  HC595LatchBits                 
00000b45  HC595OutputBits                
00000cdd  HC595ShiftBits                 
00001513  HOSTexit                       
000010bb  HardFault_Handler              
000010bb  I2C0_IRQHandler                
000010bb  I2C1_IRQHandler                
00000891  LEDMatrix_DrawQuad             
00001139  LEDMatrix_Init                 
000013c1  LEDMatrix_RowsRotateMove       
000000c1  LEDMatrix_ShowCNChar           
00000599  LEDMatrix_ShowENChar           
000010bb  NMI_Handler                    
000010bb  PendSV_Handler                 
000010bb  RTC_IRQHandler                 
00001517  Reset_Handler                  
000010bb  SPI0_IRQHandler                
000010bb  SPI1_IRQHandler                
000010bb  SVC_Handler                    
00001389  SYSCFG_DL_GPIO_init            
0000128d  SYSCFG_DL_SYSCTL_init          
000011f1  SYSCFG_DL_TIMER_LED_MATRIX_init
00001241  SYSCFG_DL_TIMER_TASK_init      
0000141d  SYSCFG_DL_init                 
000012cd  SYSCFG_DL_initPower            
000010bb  SysTick_Handler                
000010bb  TIMA0_IRQHandler               
0000119d  TIMA1_IRQHandler               
000010bb  TIMG0_IRQHandler               
000010bb  TIMG12_IRQHandler              
000010bb  TIMG6_IRQHandler               
000010bb  TIMG7_IRQHandler               
000010bb  TIMG8_IRQHandler               
000010bb  UART0_IRQHandler               
000010bb  UART1_IRQHandler               
000010bb  UART2_IRQHandler               
000010bb  UART3_IRQHandler               
000014d5  YMQInit                        
000014a5  YMQWritePort                   
20208000  __STACK_END                    
00000200  __STACK_SIZE                   
00000000  __TI_ATRegion0_region_sz       
00000000  __TI_ATRegion0_src_addr        
00000000  __TI_ATRegion0_trg_addr        
00000000  __TI_ATRegion1_region_sz       
00000000  __TI_ATRegion1_src_addr        
00000000  __TI_ATRegion1_trg_addr        
00000000  __TI_ATRegion2_region_sz       
00000000  __TI_ATRegion2_src_addr        
00000000  __TI_ATRegion2_trg_addr        
00001ef4  __TI_CINIT_Base                
00001f04  __TI_CINIT_Limit               
00001f04  __TI_CINIT_Warm                
00001ed8  __TI_Handler_Table_Base        
00001ee4  __TI_Handler_Table_Limit       
0000134d  __TI_auto_init_nobinit_nopinit 
000010bd  __TI_decompress_lzss           
000014e9  __TI_decompress_none           
ffffffff  __TI_pprof_out_hndl            
ffffffff  __TI_prof_data_size            
ffffffff  __TI_prof_data_start           
00000000  __TI_static_base__             
000014bd  __TI_zero_init_nomemset        
000014d3  __aeabi_idiv0                  
00001505  __aeabi_memcpy                 
00001505  __aeabi_memcpy4                
00001505  __aeabi_memcpy8                
0000130d  __aeabi_uidiv                  
0000130d  __aeabi_uidivmod               
ffffffff  __binit__                      
20200178  __disp_pic                     
UNDEFED   __mpu_init                     
20207e00  __stack                        
20200000  __start___llvm_prf_bits        
20200000  __start___llvm_prf_cnts        
20200000  __stop___llvm_prf_bits         
20200000  __stop___llvm_prf_cnts         
00001449  _c_int00_noargs                
UNDEFED   _system_post_cinit             
0000151b  _system_pre_init               
0000150d  abort                          
ffffffff  binit                          
00001e08  cnchar_11x16                   
00001e68  cnchar_16x16                   
00001b10  enchar_6x8                     
00001520  enchar_8x16                    
20200000  gTIMER_LED_MATRIXBackup        
202000bc  gTIMER_TASKBackup              
00000000  interruptVectors               
00000f4d  main                           
00001021  memcpy                         


GLOBAL SYMBOLS: SORTED BY Symbol Address 

address   name                           
-------   ----                           
00000000  __TI_ATRegion0_region_sz       
00000000  __TI_ATRegion0_src_addr        
00000000  __TI_ATRegion0_trg_addr        
00000000  __TI_ATRegion1_region_sz       
00000000  __TI_ATRegion1_src_addr        
00000000  __TI_ATRegion1_trg_addr        
00000000  __TI_ATRegion2_region_sz       
00000000  __TI_ATRegion2_src_addr        
00000000  __TI_ATRegion2_trg_addr        
00000000  __TI_static_base__             
00000000  interruptVectors               
000000c1  LEDMatrix_ShowCNChar           
00000200  __STACK_SIZE                   
00000599  LEDMatrix_ShowENChar           
00000891  LEDMatrix_DrawQuad             
00000b45  HC595OutputBits                
00000cdd  HC595ShiftBits                 
00000e65  DL_Timer_initTimerMode         
00000f4d  main                           
00001021  memcpy                         
000010bb  ADC0_IRQHandler                
000010bb  ADC1_IRQHandler                
000010bb  AES_IRQHandler                 
000010bb  CANFD0_IRQHandler              
000010bb  DAC0_IRQHandler                
000010bb  DMA_IRQHandler                 
000010bb  Default_Handler                
000010bb  GROUP0_IRQHandler              
000010bb  GROUP1_IRQHandler              
000010bb  HardFault_Handler              
000010bb  I2C0_IRQHandler                
000010bb  I2C1_IRQHandler                
000010bb  NMI_Handler                    
000010bb  PendSV_Handler                 
000010bb  RTC_IRQHandler                 
000010bb  SPI0_IRQHandler                
000010bb  SPI1_IRQHandler                
000010bb  SVC_Handler                    
000010bb  SysTick_Handler                
000010bb  TIMA0_IRQHandler               
000010bb  TIMG0_IRQHandler               
000010bb  TIMG12_IRQHandler              
000010bb  TIMG6_IRQHandler               
000010bb  TIMG7_IRQHandler               
000010bb  TIMG8_IRQHandler               
000010bb  UART0_IRQHandler               
000010bb  UART1_IRQHandler               
000010bb  UART2_IRQHandler               
000010bb  UART3_IRQHandler               
000010bd  __TI_decompress_lzss           
00001139  LEDMatrix_Init                 
0000119d  TIMA1_IRQHandler               
000011f1  SYSCFG_DL_TIMER_LED_MATRIX_init
00001241  SYSCFG_DL_TIMER_TASK_init      
0000128d  SYSCFG_DL_SYSCTL_init          
000012cd  SYSCFG_DL_initPower            
0000130d  __aeabi_uidiv                  
0000130d  __aeabi_uidivmod               
0000134d  __TI_auto_init_nobinit_nopinit 
00001389  SYSCFG_DL_GPIO_init            
000013c1  LEDMatrix_RowsRotateMove       
000013f1  HC595Init                      
0000141d  SYSCFG_DL_init                 
00001449  _c_int00_noargs                
00001471  DL_Timer_setClockConfig        
0000148d  HC595LatchBits                 
000014a5  YMQWritePort                   
000014bd  __TI_zero_init_nomemset        
000014d3  __aeabi_idiv0                  
000014d5  YMQInit                        
000014e9  __TI_decompress_none           
000014fb  DL_Common_delayCycles          
00001505  __aeabi_memcpy                 
00001505  __aeabi_memcpy4                
00001505  __aeabi_memcpy8                
0000150d  abort                          
00001512  C$$EXIT                        
00001513  HOSTexit                       
00001517  Reset_Handler                  
0000151b  _system_pre_init               
00001520  enchar_8x16                    
00001b10  enchar_6x8                     
00001e08  cnchar_11x16                   
00001e68  cnchar_16x16                   
00001ed8  __TI_Handler_Table_Base        
00001ee4  __TI_Handler_Table_Limit       
00001ef4  __TI_CINIT_Base                
00001f04  __TI_CINIT_Limit               
00001f04  __TI_CINIT_Warm                
20200000  __start___llvm_prf_bits        
20200000  __start___llvm_prf_cnts        
20200000  __stop___llvm_prf_bits         
20200000  __stop___llvm_prf_cnts         
20200000  gTIMER_LED_MATRIXBackup        
202000bc  gTIMER_TASKBackup              
20200178  __disp_pic                     
202001f8  DispRow                        
20207e00  __stack                        
20208000  __STACK_END                    
ffffffff  __TI_pprof_out_hndl            
ffffffff  __TI_prof_data_size            
ffffffff  __TI_prof_data_start           
ffffffff  __binit__                      
ffffffff  binit                          
UNDEFED   __mpu_init                     
UNDEFED   _system_post_cinit             

[106 symbols]
