******************************************************************************
            TI ARM Clang Linker PC v4.0.3                      
******************************************************************************
>> Linked Thu Jul  3 14:11:22 2025

OUTPUT FILE NAME:   <led_matrix_32x32_orig_backup.out>
ENTRY POINT SYMBOL: "_c_int00_noargs"  address: 000016a5


MEMORY CONFIGURATION

         name            origin    length      used     unused   attr    fill
----------------------  --------  ---------  --------  --------  ----  --------
  FLASH                 00000000   00020000  000021d0  0001de30  R  X
  SRAM                  20200000   00008000  0000040d  00007bf3  RW X
  BCR_CONFIG            41c00000   00000080  00000000  00000080  R   
  BSL_CONFIG            41c00100   00000080  00000000  00000080  R   


SEGMENT ALLOCATION MAP

run origin  load origin   length   init length attrs members
----------  ----------- ---------- ----------- ----- -------
00000000    00000000    000021d0   000021d0    r-x
  00000000    00000000    000000c0   000000c0    r-- .intvecs
  000000c0    000000c0    00001710   00001710    r-x .text
  000017d0    000017d0    000009c8   000009c8    r-- .rodata
  00002198    00002198    00000038   00000038    r-- .cinit
20200000    20200000    0000020d   00000000    rw-
  20200000    20200000    00000180   00000000    rw- .bss
  20200180    20200180    0000008d   00000000    rw- .data
20207e00    20207e00    00000200   00000000    rw-
  20207e00    20207e00    00000200   00000000    rw- .stack


SECTION ALLOCATION MAP

 output                                  attributes/
section   page    origin      length       input sections
--------  ----  ----------  ----------   ----------------
.intvecs   0    00000000    000000c0     
                  00000000    000000c0     startup_mspm0g350x_ticlang.o (.intvecs)

.text      0    000000c0    00001710     
                  000000c0    000004d8     LEDMatrix.o (.text.LEDMatrix_ShowCNChar)
                  00000598    000002f8     LEDMatrix.o (.text.LEDMatrix_ShowENChar)
                  00000890    000002c4     main.o (.text.main)
                  00000b54    00000198     hc595.o (.text.HC595OutputBits)
                  00000cec    00000188     hc595.o (.text.HC595ShiftBits)
                  00000e74    000000e8     driverlib.a : dl_timer.o (.text.DL_Timer_initTimerMode)
                  00000f5c    000000a8     delay.o (.text.delay_ms)
                  00001004    000000a2     libclang_rt.builtins.a : udivmoddi4.S.obj (.text)
                  000010a6    0000009a     libc.a : memcpy16.S.obj (.text:memcpy)
                  00001140    00000084     main.o (.text.TIMA0_IRQHandler)
                  000011c4    00000080     ti_msp_dl_config.o (.text.SYSCFG_DL_UART_DISP_init)
                  00001244    0000007c     libc.a : copy_decompress_lzss.c.obj (.text:decompress:lzss)
                  000012c0    00000064     LEDMatrix.o (.text.LEDMatrix_Init)
                  00001324    00000054     LEDMatrix.o (.text.TIMA1_IRQHandler)
                  00001378    00000050     ti_msp_dl_config.o (.text.SYSCFG_DL_TIMER_LED_MATRIX_init)
                  000013c8    0000004c     LEDMatrix.o (.text.LEDMatrix_ClearAll)
                  00001414    0000004c     ti_msp_dl_config.o (.text.SYSCFG_DL_TIMER_TIME_CNT_init)
                  00001460    00000048     driverlib.a : dl_uart.o (.text.DL_UART_init)
                  000014a8    00000048     ti_msp_dl_config.o (.text.SYSCFG_DL_initPower)
                  000014f0    00000040     ti_msp_dl_config.o (.text.SYSCFG_DL_GPIO_init)
                  00001530    00000040     ti_msp_dl_config.o (.text.SYSCFG_DL_SYSCTL_init)
                  00001570    00000040     libclang_rt.builtins.a : aeabi_uidivmod.S.obj (.text.__aeabi_uidivmod)
                  000015b0    0000003c     libc.a : autoinit.c.obj (.text:__TI_auto_init_nobinit_nopinit)
                  000015ec    00000030     LEDMatrix.o (.text.LEDMatrix_RowsRotateMove)
                  0000161c    00000030     ti_msp_dl_config.o (.text.SYSCFG_DL_init)
                  0000164c    0000002c     hc595.o (.text.HC595Init)
                  00001678    0000002c     main.o (.text.UART0_IRQHandler)
                  000016a4    00000028     libc.a : boot_cortex_m.c.obj (.text:_c_int00_noargs)
                  000016cc    0000001e     libclang_rt.builtins.a : ashldi3.S.obj (.text.__ashldi3)
                  000016ea    00000002     startup_mspm0g350x_ticlang.o (.text.Default_Handler)
                  000016ec    0000001c     driverlib.a : dl_timer.o (.text.DL_Timer_setClockConfig)
                  00001708    00000018     hc595.o (.text.HC595LatchBits)
                  00001720    00000018     decoder_5_32.o (.text.YMQWritePort)
                  00001738    00000016     libc.a : copy_zero_init.c.obj (.text:decompress:ZI:__TI_zero_init_nomemset)
                  0000174e    00000002     libclang_rt.builtins.a : aeabi_div0.c.obj (.text.__aeabi_idiv0)
                  00001750    00000014     decoder_5_32.o (.text.YMQInit)
                  00001764    00000014     libclang_rt.builtins.a : aeabi_uldivmod.S.obj (.text.__aeabi_uldivmod)
                  00001778    00000012     driverlib.a : dl_uart.o (.text.DL_UART_setClockConfig)
                  0000178a    00000012     libc.a : copy_decompress_none.c.obj (.text:decompress:none)
                  0000179c    0000000c     delay.o (.text.delay_init)
                  000017a8    0000000a     driverlib.a : dl_common.o (.text.DL_Common_delayCycles)
                  000017b2    00000002     libclang_rt.builtins.a : aeabi_div0.c.obj (.text.__aeabi_ldiv0)
                  000017b4    00000008                            : aeabi_memcpy.S.obj (.text.__aeabi_memcpy)
                  000017bc    00000006     libc.a : exit.c.obj (.text:abort)
                  000017c2    00000004     libsysbm.a : hostexit.c.obj (.text.HOSTexit)
                  000017c6    00000004     startup_mspm0g350x_ticlang.o (.text.Reset_Handler)
                  000017ca    00000004     libc.a : pre_init.c.obj (.text._system_pre_init)
                  000017ce    00000002     --HOLE-- [fill = 0]

.cinit     0    00002198    00000038     
                  00002198    00000014     (.cinit..data.load) [load image, compression = lzss]
                  000021ac    0000000c     (__TI_handler_table)
                  000021b8    00000008     (.cinit..bss.load) [load image, compression = zero_init]
                  000021c0    00000010     (__TI_cinit_table)

.rodata    0    000017d0    000009c8     
                  000017d0    000005f0     LEDMatrix_Data.o (.rodata.enchar_8x16)
                  00001dc0    000002f8     LEDMatrix_Data.o (.rodata.enchar_6x8)
                  000020b8    00000060     LEDMatrix_Data.o (.rodata.cnchar_11x16)
                  00002118    00000040     LEDMatrix_Data.o (.rodata.cnchar_16x16)
                  00002158    00000014     ti_msp_dl_config.o (.rodata.gTIMER_LED_MATRIXTimerConfig)
                  0000216c    00000014     ti_msp_dl_config.o (.rodata.gTIMER_TIME_CNTTimerConfig)
                  00002180    0000000a     ti_msp_dl_config.o (.rodata.gUART_DISPConfig)
                  0000218a    00000003     ti_msp_dl_config.o (.rodata.gTIMER_LED_MATRIXClockConfig)
                  0000218d    00000003     ti_msp_dl_config.o (.rodata.gTIMER_TIME_CNTClockConfig)
                  00002190    00000002     ti_msp_dl_config.o (.rodata.gUART_DISPClockConfig)
                  00002192    00000006     --HOLE-- [fill = 0]

.init_array 
*          0    00000000    00000000     UNINITIALIZED

.binit     0    00000000    00000000     

.bss       0    20200000    00000180     UNINITIALIZED
                  20200000    000000bc     (.common:gTIMER_LED_MATRIXBackup)
                  202000bc    000000bc     (.common:gTIMER_TIME_CNTBackup)
                  20200178    00000008     (.common:SYSTEMCLOCK)

.data      0    20200180    0000008d     UNINITIALIZED
                  20200180    00000080     LEDMatrix.o (.data.__disp_pic)
                  20200200    00000004     main.o (.data.year)
                  20200204    00000002     LEDMatrix.o (.data.DispRow)
                  20200206    00000001     main.o (.data.date)
                  20200207    00000001     main.o (.data.disp_state)
                  20200208    00000001     main.o (.data.hour)
                  20200209    00000001     main.o (.data.minute)
                  2020020a    00000001     main.o (.data.month)
                  2020020b    00000001     main.o (.data.second)
                  2020020c    00000001     main.o (.data.shouldClear)

.stack     0    20207e00    00000200     UNINITIALIZED
                  20207e00    00000004     libc.a : boot_cortex_m.c.obj (.stack)
                  20207e04    000001fc     --HOLE--

__llvm_prf_cnts 
*          0    20200000    00000000     UNINITIALIZED

__llvm_prf_bits 
*          0    20200000    00000000     UNINITIALIZED

MODULE SUMMARY

       Module                         code   ro data   rw data
       ------                         ----   -------   -------
    .\
       ti_msp_dl_config.o             532    58        376    
       main.o                         884    0         11     
       startup_mspm0g350x_ticlang.o   6      192       0      
    +--+------------------------------+------+---------+---------+
       Total:                         1422   250       387    
                                                              
    .\hardware\LEDMatrix\
       LEDMatrix_Data.o               0      2440      0      
       LEDMatrix.o                    2308   0         130    
    +--+------------------------------+------+---------+---------+
       Total:                         2308   2440      130    
                                                              
    .\hardware\decoder\
       decoder_5_32.o                 44     0         0      
    +--+------------------------------+------+---------+---------+
       Total:                         44     0         0      
                                                              
    .\hardware\delay\
       delay.o                        180    0         8      
    +--+------------------------------+------+---------+---------+
       Total:                         180    0         8      
                                                              
    .\hardware\hc595\
       hc595.o                        868    0         0      
    +--+------------------------------+------+---------+---------+
       Total:                         868    0         0      
                                                              
    C:/ti/mspm0_sdk_2_01_00_03/source/ti/driverlib/lib/ticlang/m0p/mspm0g1x0x_g3x0x/driverlib.a
       dl_timer.o                     260    0         0      
       dl_uart.o                      90     0         0      
       dl_common.o                    10     0         0      
    +--+------------------------------+------+---------+---------+
       Total:                         360    0         0      
                                                              
    C:\ti\ccs2020\ccs\tools\compiler\ti-cgt-armllvm_4.0.3.LTS\lib\armv6m-ti-none-eabi/c/libc.a
       memcpy16.S.obj                 154    0         0      
       copy_decompress_lzss.c.obj     124    0         0      
       autoinit.c.obj                 60     0         0      
       boot_cortex_m.c.obj            40     0         0      
       copy_zero_init.c.obj           22     0         0      
       copy_decompress_none.c.obj     18     0         0      
       exit.c.obj                     6      0         0      
       pre_init.c.obj                 4      0         0      
    +--+------------------------------+------+---------+---------+
       Total:                         428    0         0      
                                                              
    C:\ti\ccs2020\ccs\tools\compiler\ti-cgt-armllvm_4.0.3.LTS\lib\armv6m-ti-none-eabi/c/libsysbm.a
       hostexit.c.obj                 4      0         0      
    +--+------------------------------+------+---------+---------+
       Total:                         4      0         0      
                                                              
    C:\ti\ccs2020\ccs\tools\compiler\ti-cgt-armllvm_4.0.3.LTS\lib\armv6m-ti-none-eabi/libclang_rt.builtins.a
       udivmoddi4.S.obj               162    0         0      
       aeabi_uidivmod.S.obj           64     0         0      
       ashldi3.S.obj                  30     0         0      
       aeabi_uldivmod.S.obj           20     0         0      
       aeabi_memcpy.S.obj             8      0         0      
       aeabi_div0.c.obj               4      0         0      
    +--+------------------------------+------+---------+---------+
       Total:                         288    0         0      
                                                              
       Stack:                         0      0         512    
       Linker Generated:              0      56        0      
    +--+------------------------------+------+---------+---------+
       Grand Total:                   5902   2746      1037   


LINKER GENERATED COPY TABLES

__TI_cinit_table @ 000021c0 records: 2, size/record: 8, table size: 16
	.data: load addr=00002198, load size=00000014 bytes, run addr=20200180, run size=0000008d bytes, compression=lzss
	.bss: load addr=000021b8, load size=00000008 bytes, run addr=20200000, run size=00000180 bytes, compression=zero_init


LINKER GENERATED HANDLER TABLE

__TI_handler_table @ 000021ac records: 3, size/record: 4, table size: 12
	index: 0, handler: __TI_decompress_lzss
	index: 1, handler: __TI_decompress_none
	index: 2, handler: __TI_zero_init


GLOBAL SYMBOLS: SORTED ALPHABETICALLY BY Name 

address   name                           
-------   ----                           
000016eb  ADC0_IRQHandler                
000016eb  ADC1_IRQHandler                
000016eb  AES_IRQHandler                 
000017c2  C$$EXIT                        
000016eb  CANFD0_IRQHandler              
000016eb  DAC0_IRQHandler                
000017a9  DL_Common_delayCycles          
00000e75  DL_Timer_initTimerMode         
000016ed  DL_Timer_setClockConfig        
00001461  DL_UART_init                   
00001779  DL_UART_setClockConfig         
000016eb  DMA_IRQHandler                 
000016eb  Default_Handler                
20200204  DispRow                        
000016eb  GROUP0_IRQHandler              
000016eb  GROUP1_IRQHandler              
0000164d  HC595Init                      
00001709  HC595LatchBits                 
00000b55  HC595OutputBits                
00000ced  HC595ShiftBits                 
000017c3  HOSTexit                       
000016eb  HardFault_Handler              
000016eb  I2C0_IRQHandler                
000016eb  I2C1_IRQHandler                
000013c9  LEDMatrix_ClearAll             
000012c1  LEDMatrix_Init                 
000015ed  LEDMatrix_RowsRotateMove       
000000c1  LEDMatrix_ShowCNChar           
00000599  LEDMatrix_ShowENChar           
000016eb  NMI_Handler                    
000016eb  PendSV_Handler                 
000016eb  RTC_IRQHandler                 
000017c7  Reset_Handler                  
000016eb  SPI0_IRQHandler                
000016eb  SPI1_IRQHandler                
000016eb  SVC_Handler                    
000014f1  SYSCFG_DL_GPIO_init            
00001531  SYSCFG_DL_SYSCTL_init          
00001379  SYSCFG_DL_TIMER_LED_MATRIX_init
00001415  SYSCFG_DL_TIMER_TIME_CNT_init  
000011c5  SYSCFG_DL_UART_DISP_init       
0000161d  SYSCFG_DL_init                 
000014a9  SYSCFG_DL_initPower            
20200178  SYSTEMCLOCK                    
000016eb  SysTick_Handler                
00001141  TIMA0_IRQHandler               
00001325  TIMA1_IRQHandler               
000016eb  TIMG0_IRQHandler               
000016eb  TIMG12_IRQHandler              
000016eb  TIMG6_IRQHandler               
000016eb  TIMG7_IRQHandler               
000016eb  TIMG8_IRQHandler               
00001679  UART0_IRQHandler               
000016eb  UART1_IRQHandler               
000016eb  UART2_IRQHandler               
000016eb  UART3_IRQHandler               
00001751  YMQInit                        
00001721  YMQWritePort                   
20208000  __STACK_END                    
00000200  __STACK_SIZE                   
00000000  __TI_ATRegion0_region_sz       
00000000  __TI_ATRegion0_src_addr        
00000000  __TI_ATRegion0_trg_addr        
00000000  __TI_ATRegion1_region_sz       
00000000  __TI_ATRegion1_src_addr        
00000000  __TI_ATRegion1_trg_addr        
00000000  __TI_ATRegion2_region_sz       
00000000  __TI_ATRegion2_src_addr        
00000000  __TI_ATRegion2_trg_addr        
000021c0  __TI_CINIT_Base                
000021d0  __TI_CINIT_Limit               
000021d0  __TI_CINIT_Warm                
000021ac  __TI_Handler_Table_Base        
000021b8  __TI_Handler_Table_Limit       
000015b1  __TI_auto_init_nobinit_nopinit 
00001245  __TI_decompress_lzss           
0000178b  __TI_decompress_none           
ffffffff  __TI_pprof_out_hndl            
ffffffff  __TI_prof_data_size            
ffffffff  __TI_prof_data_start           
00000000  __TI_static_base__             
00001739  __TI_zero_init_nomemset        
0000174f  __aeabi_idiv0                  
000017b3  __aeabi_ldiv0                  
000016cd  __aeabi_llsl                   
000017b5  __aeabi_memcpy                 
000017b5  __aeabi_memcpy4                
000017b5  __aeabi_memcpy8                
00001571  __aeabi_uidiv                  
00001571  __aeabi_uidivmod               
00001765  __aeabi_uldivmod               
000016cd  __ashldi3                      
ffffffff  __binit__                      
20200180  __disp_pic                     
UNDEFED   __mpu_init                     
20207e00  __stack                        
20200000  __start___llvm_prf_bits        
20200000  __start___llvm_prf_cnts        
20200000  __stop___llvm_prf_bits         
20200000  __stop___llvm_prf_cnts         
00001005  __udivmoddi4                   
000016a5  _c_int00_noargs                
UNDEFED   _system_post_cinit             
000017cb  _system_pre_init               
000017bd  abort                          
ffffffff  binit                          
000020b8  cnchar_11x16                   
00002118  cnchar_16x16                   
20200206  date                           
0000179d  delay_init                     
00000f5d  delay_ms                       
20200207  disp_state                     
00001dc0  enchar_6x8                     
000017d0  enchar_8x16                    
20200000  gTIMER_LED_MATRIXBackup        
202000bc  gTIMER_TIME_CNTBackup          
20200208  hour                           
00000000  interruptVectors               
00000891  main                           
000010a7  memcpy                         
20200209  minute                         
2020020a  month                          
2020020b  second                         
2020020c  shouldClear                    
20200200  year                           


GLOBAL SYMBOLS: SORTED BY Symbol Address 

address   name                           
-------   ----                           
00000000  __TI_ATRegion0_region_sz       
00000000  __TI_ATRegion0_src_addr        
00000000  __TI_ATRegion0_trg_addr        
00000000  __TI_ATRegion1_region_sz       
00000000  __TI_ATRegion1_src_addr        
00000000  __TI_ATRegion1_trg_addr        
00000000  __TI_ATRegion2_region_sz       
00000000  __TI_ATRegion2_src_addr        
00000000  __TI_ATRegion2_trg_addr        
00000000  __TI_static_base__             
00000000  interruptVectors               
000000c1  LEDMatrix_ShowCNChar           
00000200  __STACK_SIZE                   
00000599  LEDMatrix_ShowENChar           
00000891  main                           
00000b55  HC595OutputBits                
00000ced  HC595ShiftBits                 
00000e75  DL_Timer_initTimerMode         
00000f5d  delay_ms                       
00001005  __udivmoddi4                   
000010a7  memcpy                         
00001141  TIMA0_IRQHandler               
000011c5  SYSCFG_DL_UART_DISP_init       
00001245  __TI_decompress_lzss           
000012c1  LEDMatrix_Init                 
00001325  TIMA1_IRQHandler               
00001379  SYSCFG_DL_TIMER_LED_MATRIX_init
000013c9  LEDMatrix_ClearAll             
00001415  SYSCFG_DL_TIMER_TIME_CNT_init  
00001461  DL_UART_init                   
000014a9  SYSCFG_DL_initPower            
000014f1  SYSCFG_DL_GPIO_init            
00001531  SYSCFG_DL_SYSCTL_init          
00001571  __aeabi_uidiv                  
00001571  __aeabi_uidivmod               
000015b1  __TI_auto_init_nobinit_nopinit 
000015ed  LEDMatrix_RowsRotateMove       
0000161d  SYSCFG_DL_init                 
0000164d  HC595Init                      
00001679  UART0_IRQHandler               
000016a5  _c_int00_noargs                
000016cd  __aeabi_llsl                   
000016cd  __ashldi3                      
000016eb  ADC0_IRQHandler                
000016eb  ADC1_IRQHandler                
000016eb  AES_IRQHandler                 
000016eb  CANFD0_IRQHandler              
000016eb  DAC0_IRQHandler                
000016eb  DMA_IRQHandler                 
000016eb  Default_Handler                
000016eb  GROUP0_IRQHandler              
000016eb  GROUP1_IRQHandler              
000016eb  HardFault_Handler              
000016eb  I2C0_IRQHandler                
000016eb  I2C1_IRQHandler                
000016eb  NMI_Handler                    
000016eb  PendSV_Handler                 
000016eb  RTC_IRQHandler                 
000016eb  SPI0_IRQHandler                
000016eb  SPI1_IRQHandler                
000016eb  SVC_Handler                    
000016eb  SysTick_Handler                
000016eb  TIMG0_IRQHandler               
000016eb  TIMG12_IRQHandler              
000016eb  TIMG6_IRQHandler               
000016eb  TIMG7_IRQHandler               
000016eb  TIMG8_IRQHandler               
000016eb  UART1_IRQHandler               
000016eb  UART2_IRQHandler               
000016eb  UART3_IRQHandler               
000016ed  DL_Timer_setClockConfig        
00001709  HC595LatchBits                 
00001721  YMQWritePort                   
00001739  __TI_zero_init_nomemset        
0000174f  __aeabi_idiv0                  
00001751  YMQInit                        
00001765  __aeabi_uldivmod               
00001779  DL_UART_setClockConfig         
0000178b  __TI_decompress_none           
0000179d  delay_init                     
000017a9  DL_Common_delayCycles          
000017b3  __aeabi_ldiv0                  
000017b5  __aeabi_memcpy                 
000017b5  __aeabi_memcpy4                
000017b5  __aeabi_memcpy8                
000017bd  abort                          
000017c2  C$$EXIT                        
000017c3  HOSTexit                       
000017c7  Reset_Handler                  
000017cb  _system_pre_init               
000017d0  enchar_8x16                    
00001dc0  enchar_6x8                     
000020b8  cnchar_11x16                   
00002118  cnchar_16x16                   
000021ac  __TI_Handler_Table_Base        
000021b8  __TI_Handler_Table_Limit       
000021c0  __TI_CINIT_Base                
000021d0  __TI_CINIT_Limit               
000021d0  __TI_CINIT_Warm                
20200000  __start___llvm_prf_bits        
20200000  __start___llvm_prf_cnts        
20200000  __stop___llvm_prf_bits         
20200000  __stop___llvm_prf_cnts         
20200000  gTIMER_LED_MATRIXBackup        
202000bc  gTIMER_TIME_CNTBackup          
20200178  SYSTEMCLOCK                    
20200180  __disp_pic                     
20200200  year                           
20200204  DispRow                        
20200206  date                           
20200207  disp_state                     
20200208  hour                           
20200209  minute                         
2020020a  month                          
2020020b  second                         
2020020c  shouldClear                    
20207e00  __stack                        
20208000  __STACK_END                    
ffffffff  __TI_pprof_out_hndl            
ffffffff  __TI_prof_data_size            
ffffffff  __TI_prof_data_start           
ffffffff  __binit__                      
ffffffff  binit                          
UNDEFED   __mpu_init                     
UNDEFED   _system_post_cinit             

[125 symbols]
