******************************************************************************
            TI ARM Clang Linker PC v4.0.3                      
******************************************************************************
>> Linked Sun Jun 22 02:49:34 2025

OUTPUT FILE NAME:   <encoder_ctrl_led_brightness.out>
ENTRY POINT SYMBOL: "_c_int00_noargs"  address: 00003571


MEMORY CONFIGURATION

         name            origin    length      used     unused   attr    fill
----------------------  --------  ---------  --------  --------  ----  --------
  FLASH                 00000000   00020000  00004380  0001bc80  R  X
  SRAM                  20200000   00008000  000006d1  0000792f  RW X
  BCR_CONFIG            41c00000   00000080  00000000  00000080  R   
  BSL_CONFIG            41c00100   00000080  00000000  00000080  R   


SEGMENT ALLOCATION MAP

run origin  load origin   length   init length attrs members
----------  ----------- ---------- ----------- ----- -------
00000000    00000000    00004380   00004380    r-x
  00000000    00000000    000000c0   000000c0    r-- .intvecs
  000000c0    000000c0    000036d0   000036d0    r-x .text
  00003790    00003790    00000bc0   00000bc0    r-- .rodata
  00004350    00004350    00000030   00000030    r-- .cinit
20200000    20200000    000004d1   00000000    rw-
  20200000    20200000    000004c8   00000000    rw- .bss
  202004c8    202004c8    00000009   00000000    rw- .data
20207e00    20207e00    00000200   00000000    rw-
  20207e00    20207e00    00000200   00000000    rw- .stack


SECTION ALLOCATION MAP

 output                                  attributes/
section   page    origin      length       input sections
--------  ----  ----------  ----------   ----------------
.intvecs   0    00000000    000000c0     
                  00000000    000000c0     startup_mspm0g350x_ticlang.o (.intvecs)

.text      0    000000c0    000036d0     
                  000000c0    000009d0     libc.a : _printfi.c.obj (.text:__TI_printfi)
                  00000a90    0000039c     OLED.o (.text.OLED_WriteData)
                  00000e2c    00000378     OLED.o (.text.OLED_WriteCommand)
                  000011a4    00000304     OLED.o (.text.OLED_Init)
                  000014a8    00000264     OLED.o (.text.OLED_ShowImage)
                  0000170c    00000220     libc.a : _printfi.c.obj (.text._pconv_a)
                  0000192c    000001f0     OLED.o (.text.OLED_ShowString)
                  00001b1c    000001dc     libc.a : _printfi.c.obj (.text._pconv_g)
                  00001cf8    00000192     libclang_rt.builtins.a : adddf3.S.obj (.text.adddf3_subdf3)
                  00001e8a    00000002     startup_mspm0g350x_ticlang.o (.text.Default_Handler)
                  00001e8c    0000013c     libc.a : _printfi.c.obj (.text.fcvt)
                  00001fc8    00000120            : _printfi.c.obj (.text._pconv_e)
                  000020e8    0000010c     libclang_rt.builtins.a : divdf3.S.obj (.text.__divdf3)
                  000021f4    00000108     main.o (.text.main)
                  000022fc    00000104     OLED.o (.text.OLED_Update)
                  00002400    000000f8     TwoMotorDriver.o (.text.SetMotorSpeed)
                  000024f8    000000e4     libclang_rt.builtins.a : muldf3.S.obj (.text.__muldf3)
                  000025dc    000000d8     libc.a : s_scalbn.c.obj (.text.scalbn)
                  000026b4    000000c4     driverlib.a : dl_timer.o (.text.DL_Timer_initPWMMode)
                  00002778    000000a8     delay.o (.text.delay_ms)
                  00002820    000000a2     libclang_rt.builtins.a : udivmoddi4.S.obj (.text)
                  000028c2    0000009a     libc.a : memcpy16.S.obj (.text:memcpy)
                  0000295c    0000008c     libclang_rt.builtins.a : mulsf3.S.obj (.text.__mulsf3)
                  000029e8    00000008     libc.a : aeabi_portable.c.obj (.text.__aeabi_errno_addr)
                  000029f0    00000088            : strcmp-armv6m.S.obj (.text:strcmp)
                  00002a78    00000082     libclang_rt.builtins.a : divsf3.S.obj (.text.__divsf3)
                  00002afa    00000002                            : aeabi_div0.c.obj (.text.__aeabi_idiv0)
                  00002afc    00000080     driverlib.a : dl_timer.o (.text.DL_TimerA_initPWMMode)
                  00002b7c    00000080     ti_msp_dl_config.o (.text.SYSCFG_DL_GPIO_init)
                  00002bfc    0000007c     ti_msp_dl_config.o (.text.SYSCFG_DL_PWM_MOTOR_init)
                  00002c78    0000007c     libc.a : copy_decompress_lzss.c.obj (.text:decompress:lzss)
                  00002cf4    00000074     libclang_rt.builtins.a : comparedf2.c.obj (.text.__gedf2)
                  00002d68    00000070     main.o (.text.GROUP1_IRQHandler)
                  00002dd8    00000068     libclang_rt.builtins.a : comparedf2.c.obj (.text.__ledf2)
                  00002e40    00000066     libc.a : _printfi.c.obj (.text._mcpy)
                  00002ea6    00000002     libclang_rt.builtins.a : aeabi_div0.c.obj (.text.__aeabi_ldiv0)
                  00002ea8    00000062                            : aeabi_dcmp.S.obj (.text.__aeabi_dcmp)
                  00002f0a    00000002     --HOLE-- [fill = 0]
                  00002f0c    00000062                            : aeabi_fcmp.S.obj (.text.__aeabi_fcmp)
                  00002f6e    00000062     libc.a : memset16.S.obj (.text:memset)
                  00002fd0    0000005c            : s_frexp.c.obj (.text.frexp)
                  0000302c    00000058            : _ltoa.c.obj (.text.__TI_ltoa)
                  00003084    00000058            : _printfi.c.obj (.text._pconv_f)
                  000030dc    00000056     libclang_rt.builtins.a : aeabi_idivmod.S.obj (.text.__aeabi_idivmod)
                  00003132    00000052     libc.a : _printfi.c.obj (.text._ecpy)
                  00003184    0000004a     libclang_rt.builtins.a : fixdfsi.S.obj (.text.__fixdfsi)
                  000031ce    00000002     --HOLE-- [fill = 0]
                  000031d0    00000040     ti_msp_dl_config.o (.text.SYSCFG_DL_SYSCTL_init)
                  00003210    00000040     libclang_rt.builtins.a : aeabi_uidivmod.S.obj (.text.__aeabi_uidivmod)
                  00003250    00000040     libc.a : atoi.c.obj (.text.atoi)
                  00003290    0000003c     libclang_rt.builtins.a : floatsisf.S.obj (.text.__floatsisf)
                  000032cc    0000003c                            : comparesf2.S.obj (.text.__gtsf2)
                  00003308    0000003c     libc.a : autoinit.c.obj (.text:__TI_auto_init_nobinit_nopinit)
                  00003344    0000003a     libclang_rt.builtins.a : comparesf2.S.obj (.text.__eqsf2)
                  0000337e    00000002     --HOLE-- [fill = 0]
                  00003380    0000003a                            : muldsi3.S.obj (.text.__muldsi3)
                  000033ba    00000002     --HOLE-- [fill = 0]
                  000033bc    00000038     TwoMotorDriver.o (.text.MotorInit)
                  000033f4    00000038     libclang_rt.builtins.a : fixsfsi.S.obj (.text.__fixsfsi)
                  0000342c    00000034     ti_msp_dl_config.o (.text.SYSCFG_DL_initPower)
                  00003460    00000032     libclang_rt.builtins.a : fixunssfsi.S.obj (.text.__fixunssfsi)
                  00003492    00000030     libc.a : _printfi.c.obj (.text._fcpy)
                  000034c2    00000002     --HOLE-- [fill = 0]
                  000034c4    0000002c     libclang_rt.builtins.a : floatsidf.S.obj (.text.__floatsidf)
                  000034f0    0000002c     libc.a : vsprintf.c.obj (.text.vsprintf)
                  0000351c    0000002a     TwoMotorDriver.o (.text.MotorSpeedClamp)
                  00003546    00000028     OLED.o (.text.OLED_Printf)
                  0000356e    00000002     --HOLE-- [fill = 0]
                  00003570    00000028     libc.a : boot_cortex_m.c.obj (.text:_c_int00_noargs)
                  00003598    00000024     libclang_rt.builtins.a : muldi3.S.obj (.text.__muldi3)
                  000035bc    00000022     libc.a : memccpy.c.obj (.text.memccpy)
                  000035de    00000002     --HOLE-- [fill = 0]
                  000035e0    00000020     ti_msp_dl_config.o (.text.SYSCFG_DL_init)
                  00003600    0000001e     libclang_rt.builtins.a : ashldi3.S.obj (.text.__ashldi3)
                  0000361e    00000002     --HOLE-- [fill = 0]
                  00003620    0000001c     driverlib.a : dl_timer.o (.text.DL_Timer_setCaptCompUpdateMethod)
                  0000363c    0000001c                 : dl_timer.o (.text.DL_Timer_setClockConfig)
                  00003658    00000018                 : dl_timer.o (.text.DL_Timer_setCaptureCompareOutCtl)
                  00003670    00000018     libc.a : vsprintf.c.obj (.text._outs)
                  00003688    00000014     libclang_rt.builtins.a : aeabi_uldivmod.S.obj (.text.__aeabi_uldivmod)
                  0000369c    00000014     libc.a : _printfi.c.obj (.text.strchr)
                  000036b0    00000012            : copy_decompress_none.c.obj (.text:decompress:none)
                  000036c2    00000002     --HOLE-- [fill = 0]
                  000036c4    00000010     driverlib.a : dl_timer.o (.text.DL_Timer_getCaptureCompareValue)
                  000036d4    00000010                 : dl_timer.o (.text.DL_Timer_setCaptureCompareValue)
                  000036e4    00000010     libc.a : wcslen.c.obj (.text.wcslen)
                  000036f4    00000010            : copy_zero_init.c.obj (.text:decompress:ZI)
                  00003704    0000000e     libclang_rt.builtins.a : aeabi_memset.S.obj (.text.__aeabi_memset)
                  00003712    0000000e     libc.a : _printfi.c.obj (.text.strlen)
                  00003720    0000000c     libclang_rt.builtins.a : aeabi_memset.S.obj (.text.__aeabi_memclr)
                  0000372c    0000000c     delay.o (.text.delay_init)
                  00003738    0000000a     driverlib.a : dl_common.o (.text.DL_Common_delayCycles)
                  00003742    0000000a     libc.a : _printfi.c.obj (.text.OUTLINED_FUNCTION_0)
                  0000374c    00000010     libclang_rt.builtins.a : adddf3.S.obj (.tramp.__aeabi_dsub.1)
                  0000375c    0000000a     libc.a : _printfi.c.obj (.text.OUTLINED_FUNCTION_1)
                  00003766    0000000a            : vsprintf.c.obj (.text._outc)
                  00003770    00000008     libclang_rt.builtins.a : aeabi_memcpy.S.obj (.text.__aeabi_memcpy)
                  00003778    00000006     libc.a : exit.c.obj (.text:abort)
                  0000377e    00000004     libsysbm.a : hostexit.c.obj (.text.HOSTexit)
                  00003782    00000004     startup_mspm0g350x_ticlang.o (.text.Reset_Handler)
                  00003786    00000004     libc.a : pre_init.c.obj (.text._system_pre_init)
                  0000378a    00000006     --HOLE-- [fill = 0]

.cinit     0    00004350    00000030     
                  00004350    0000000c     (__TI_handler_table)
                  0000435c    00000008     (.cinit..bss.load) [load image, compression = zero_init]
                  00004364    00000007     (.cinit..data.load) [load image, compression = lzss]
                  0000436b    00000001     --HOLE-- [fill = 0]
                  0000436c    00000010     (__TI_cinit_table)
                  0000437c    00000004     --HOLE-- [fill = 0]

.rodata    0    00003790    00000bc0     
                  00003790    000005f0     OLED_Data.o (.rodata.OLED_F8x16)
                  00003d80    0000023a     OLED_Data.o (.rodata.OLED_F6x8)
                  00003fba    0000022b     OLED_Data.o (.rodata.OLED_CF16x16)
                  000041e5    0000000b     main.o (.rodata.str1.15159059442110792349.1)
                  000041f0    00000101     libc.a : aeabi_ctype.S.obj (.rodata:__aeabi_ctype_table_)
                  000042f1    00000011            : _printfi.c.obj (.rodata.str1.10348868589481759720.1)
                  00004302    00000011            : _printfi.c.obj (.rodata.str1.15363888844622738466.1)
                  00004313    0000000b     main.o (.rodata.str1.17100691992556644108.1)
                  0000431e    0000000b     main.o (.rodata.str1.8154729771448623357.1)
                  00004329    00000003     ti_msp_dl_config.o (.rodata.gPWM_MOTORClockConfig)
                  0000432c    00000008     ti_msp_dl_config.o (.rodata.gPWM_MOTORConfig)
                  00004334    00000008     main.o (.rodata.str1.18227636981041470289.1)
                  0000433c    00000005     main.o (.rodata.str1.12180500075719773345.1)
                  00004341    00000005     main.o (.rodata.str1.2846389346932560359.1)
                  00004346    0000000a     --HOLE-- [fill = 0]

.init_array 
*          0    00000000    00000000     UNINITIALIZED

.binit     0    00000000    00000000     

.bss       0    20200000    000004c8     UNINITIALIZED
                  20200000    00000400     (.common:OLED_DisplayBuf)
                  20200400    000000bc     (.common:gPWM_MOTORBackup)
                  202004bc    00000004     --HOLE--
                  202004c0    00000008     (.common:SYSTEMCLOCK)

.data      0    202004c8    00000009     UNINITIALIZED
                  202004c8    00000004     main.o (.data.EncoderCount)
                  202004cc    00000004     libc.a : aeabi_portable.c.obj (.data.__aeabi_errno)
                  202004d0    00000001     main.o (.data.isEncoderRotatingForward)

.stack     0    20207e00    00000200     UNINITIALIZED
                  20207e00    00000004     libc.a : boot_cortex_m.c.obj (.stack)
                  20207e04    000001fc     --HOLE--

__llvm_prf_cnts 
*          0    20200000    00000000     UNINITIALIZED

__llvm_prf_bits 
*          0    20200000    00000000     UNINITIALIZED

MODULE SUMMARY

       Module                         code    ro data   rw data
       ------                         ----    -------   -------
    .\
       ti_msp_dl_config.o             400     11        188    
       main.o                         376     51        5      
       startup_mspm0g350x_ticlang.o   6       192       0      
    +--+------------------------------+-------+---------+---------+
       Total:                         782     254       193    
                                                               
    .\hardware\OLED\
       OLED.o                         3992    0         1024   
       OLED_Data.o                    0       2645      0      
    +--+------------------------------+-------+---------+---------+
       Total:                         3992    2645      1024   
                                                               
    .\hardware\TwoMotorDriver\
       TwoMotorDriver.o               346     0         0      
    +--+------------------------------+-------+---------+---------+
       Total:                         346     0         0      
                                                               
    .\hardware\delay\
       delay.o                        180     0         8      
    +--+------------------------------+-------+---------+---------+
       Total:                         180     0         8      
                                                               
    C:/ti/mspm0_sdk_2_01_00_03/source/ti/driverlib/lib/ticlang/m0p/mspm0g1x0x_g3x0x/driverlib.a
       dl_timer.o                     436     0         0      
       dl_common.o                    10      0         0      
    +--+------------------------------+-------+---------+---------+
       Total:                         446     0         0      
                                                               
    C:\ti\ccs2020\ccs\tools\compiler\ti-cgt-armllvm_4.0.3.LTS\lib\armv6m-ti-none-eabi/c/libc.a
       _printfi.c.obj                 4510    34        0      
       aeabi_ctype.S.obj              0       257       0      
       s_scalbn.c.obj                 216     0         0      
       memcpy16.S.obj                 154     0         0      
       strcmp-armv6m.S.obj            136     0         0      
       copy_decompress_lzss.c.obj     124     0         0      
       memset16.S.obj                 98      0         0      
       s_frexp.c.obj                  92      0         0      
       _ltoa.c.obj                    88      0         0      
       vsprintf.c.obj                 78      0         0      
       atoi.c.obj                     64      0         0      
       autoinit.c.obj                 60      0         0      
       boot_cortex_m.c.obj            40      0         0      
       memccpy.c.obj                  34      0         0      
       copy_decompress_none.c.obj     18      0         0      
       copy_zero_init.c.obj           16      0         0      
       wcslen.c.obj                   16      0         0      
       aeabi_portable.c.obj           8       0         4      
       exit.c.obj                     6       0         0      
       pre_init.c.obj                 4       0         0      
    +--+------------------------------+-------+---------+---------+
       Total:                         5762    291       4      
                                                               
    C:\ti\ccs2020\ccs\tools\compiler\ti-cgt-armllvm_4.0.3.LTS\lib\armv6m-ti-none-eabi/c/libsysbm.a
       hostexit.c.obj                 4       0         0      
    +--+------------------------------+-------+---------+---------+
       Total:                         4       0         0      
                                                               
    C:\ti\ccs2020\ccs\tools\compiler\ti-cgt-armllvm_4.0.3.LTS\lib\armv6m-ti-none-eabi/libclang_rt.builtins.a
       adddf3.S.obj                   418     0         0      
       divdf3.S.obj                   268     0         0      
       muldf3.S.obj                   228     0         0      
       comparedf2.c.obj               220     0         0      
       udivmoddi4.S.obj               162     0         0      
       mulsf3.S.obj                   140     0         0      
       divsf3.S.obj                   130     0         0      
       comparesf2.S.obj               118     0         0      
       aeabi_dcmp.S.obj               98      0         0      
       aeabi_fcmp.S.obj               98      0         0      
       aeabi_idivmod.S.obj            86      0         0      
       fixdfsi.S.obj                  74      0         0      
       aeabi_uidivmod.S.obj           64      0         0      
       floatsisf.S.obj                60      0         0      
       muldsi3.S.obj                  58      0         0      
       fixsfsi.S.obj                  56      0         0      
       fixunssfsi.S.obj               50      0         0      
       floatsidf.S.obj                44      0         0      
       muldi3.S.obj                   36      0         0      
       ashldi3.S.obj                  30      0         0      
       aeabi_memset.S.obj             26      0         0      
       aeabi_uldivmod.S.obj           20      0         0      
       aeabi_memcpy.S.obj             8       0         0      
       aeabi_div0.c.obj               4       0         0      
    +--+------------------------------+-------+---------+---------+
       Total:                         2496    0         0      
                                                               
       Stack:                         0       0         512    
       Linker Generated:              0       43        0      
    +--+------------------------------+-------+---------+---------+
       Grand Total:                   14008   3233      1741   


LINKER GENERATED COPY TABLES

__TI_cinit_table @ 0000436c records: 2, size/record: 8, table size: 16
	.bss: load addr=0000435c, load size=00000008 bytes, run addr=20200000, run size=000004c8 bytes, compression=zero_init
	.data: load addr=00004364, load size=00000007 bytes, run addr=202004c8, run size=00000009 bytes, compression=lzss


LINKER GENERATED HANDLER TABLE

__TI_handler_table @ 00004350 records: 3, size/record: 4, table size: 12
	index: 0, handler: __TI_decompress_lzss
	index: 1, handler: __TI_decompress_none
	index: 2, handler: __TI_zero_init


FAR CALL TRAMPOLINES

callee name               trampoline name
   callee addr  tramp addr   call addr  call info
--------------  -----------  ---------  ----------------
__aeabi_dsub              $Tramp$TT$L$PI$$__aeabi_dsub
   00001cf9     0000374c     0000374a   libc.a : _printfi.c.obj (.text.OUTLINED_FUNCTION_0)

[1 trampolines]
[1 trampoline calls]


GLOBAL SYMBOLS: SORTED ALPHABETICALLY BY Name 

address   name                            
-------   ----                            
00001e8b  ADC0_IRQHandler                 
00001e8b  ADC1_IRQHandler                 
00001e8b  AES_IRQHandler                  
0000377e  C$$EXIT                         
00001e8b  CANFD0_IRQHandler               
00001e8b  DAC0_IRQHandler                 
00003739  DL_Common_delayCycles           
00002afd  DL_TimerA_initPWMMode           
000036c5  DL_Timer_getCaptureCompareValue 
000026b5  DL_Timer_initPWMMode            
00003621  DL_Timer_setCaptCompUpdateMethod
00003659  DL_Timer_setCaptureCompareOutCtl
000036d5  DL_Timer_setCaptureCompareValue 
0000363d  DL_Timer_setClockConfig         
00001e8b  DMA_IRQHandler                  
00001e8b  Default_Handler                 
202004c8  EncoderCount                    
00001e8b  GROUP0_IRQHandler               
00002d69  GROUP1_IRQHandler               
0000377f  HOSTexit                        
00001e8b  HardFault_Handler               
00001e8b  I2C0_IRQHandler                 
00001e8b  I2C1_IRQHandler                 
000033bd  MotorInit                       
0000351d  MotorSpeedClamp                 
00001e8b  NMI_Handler                     
00003fba  OLED_CF16x16                    
20200000  OLED_DisplayBuf                 
00003d80  OLED_F6x8                       
00003790  OLED_F8x16                      
000011a5  OLED_Init                       
00003547  OLED_Printf                     
000014a9  OLED_ShowImage                  
0000192d  OLED_ShowString                 
000022fd  OLED_Update                     
00000e2d  OLED_WriteCommand               
00000a91  OLED_WriteData                  
00001e8b  PendSV_Handler                  
00001e8b  RTC_IRQHandler                  
00003783  Reset_Handler                   
00001e8b  SPI0_IRQHandler                 
00001e8b  SPI1_IRQHandler                 
00001e8b  SVC_Handler                     
00002b7d  SYSCFG_DL_GPIO_init             
00002bfd  SYSCFG_DL_PWM_MOTOR_init        
000031d1  SYSCFG_DL_SYSCTL_init           
000035e1  SYSCFG_DL_init                  
0000342d  SYSCFG_DL_initPower             
202004c0  SYSTEMCLOCK                     
00002401  SetMotorSpeed                   
00001e8b  SysTick_Handler                 
00001e8b  TIMA0_IRQHandler                
00001e8b  TIMA1_IRQHandler                
00001e8b  TIMG0_IRQHandler                
00001e8b  TIMG12_IRQHandler               
00001e8b  TIMG6_IRQHandler                
00001e8b  TIMG7_IRQHandler                
00001e8b  TIMG8_IRQHandler                
00001e8b  UART0_IRQHandler                
00001e8b  UART1_IRQHandler                
00001e8b  UART2_IRQHandler                
00001e8b  UART3_IRQHandler                
20208000  __STACK_END                     
00000200  __STACK_SIZE                    
00000000  __TI_ATRegion0_region_sz        
00000000  __TI_ATRegion0_src_addr         
00000000  __TI_ATRegion0_trg_addr         
00000000  __TI_ATRegion1_region_sz        
00000000  __TI_ATRegion1_src_addr         
00000000  __TI_ATRegion1_trg_addr         
00000000  __TI_ATRegion2_region_sz        
00000000  __TI_ATRegion2_src_addr         
00000000  __TI_ATRegion2_trg_addr         
0000436c  __TI_CINIT_Base                 
0000437c  __TI_CINIT_Limit                
0000437c  __TI_CINIT_Warm                 
00004350  __TI_Handler_Table_Base         
0000435c  __TI_Handler_Table_Limit        
00003309  __TI_auto_init_nobinit_nopinit  
00002c79  __TI_decompress_lzss            
000036b1  __TI_decompress_none            
0000302d  __TI_ltoa                       
ffffffff  __TI_pprof_out_hndl             
000000c1  __TI_printfi                    
ffffffff  __TI_prof_data_size             
ffffffff  __TI_prof_data_start            
00000000  __TI_static_base__              
000036f5  __TI_zero_init                  
00001d03  __adddf3                        
000041f0  __aeabi_ctype_table_            
000041f0  __aeabi_ctype_table_C           
00003185  __aeabi_d2iz                    
00001d03  __aeabi_dadd                    
00002ea9  __aeabi_dcmpeq                  
00002ee5  __aeabi_dcmpge                  
00002ef9  __aeabi_dcmpgt                  
00002ed1  __aeabi_dcmple                  
00002ebd  __aeabi_dcmplt                  
000020e9  __aeabi_ddiv                    
000024f9  __aeabi_dmul                    
00001cf9  __aeabi_dsub                    
202004cc  __aeabi_errno                   
000029e9  __aeabi_errno_addr              
000033f5  __aeabi_f2iz                    
00003461  __aeabi_f2uiz                   
00002f0d  __aeabi_fcmpeq                  
00002f49  __aeabi_fcmpge                  
00002f5d  __aeabi_fcmpgt                  
00002f35  __aeabi_fcmple                  
00002f21  __aeabi_fcmplt                  
00002a79  __aeabi_fdiv                    
0000295d  __aeabi_fmul                    
000034c5  __aeabi_i2d                     
00003291  __aeabi_i2f                     
000030dd  __aeabi_idiv                    
00002afb  __aeabi_idiv0                   
000030dd  __aeabi_idivmod                 
00002ea7  __aeabi_ldiv0                   
00003601  __aeabi_llsl                    
00003599  __aeabi_lmul                    
00003721  __aeabi_memclr                  
00003721  __aeabi_memclr4                 
00003721  __aeabi_memclr8                 
00003771  __aeabi_memcpy                  
00003771  __aeabi_memcpy4                 
00003771  __aeabi_memcpy8                 
00003705  __aeabi_memset                  
00003705  __aeabi_memset4                 
00003705  __aeabi_memset8                 
00003211  __aeabi_uidiv                   
00003211  __aeabi_uidivmod                
00003689  __aeabi_uldivmod                
00003601  __ashldi3                       
ffffffff  __binit__                       
00002dd9  __cmpdf2                        
00003345  __cmpsf2                        
000020e9  __divdf3                        
00002a79  __divsf3                        
00002dd9  __eqdf2                         
00003345  __eqsf2                         
00003185  __fixdfsi                       
000033f5  __fixsfsi                       
00003461  __fixunssfsi                    
000034c5  __floatsidf                     
00003291  __floatsisf                     
00002cf5  __gedf2                         
000032cd  __gesf2                         
00002cf5  __gtdf2                         
000032cd  __gtsf2                         
00002dd9  __ledf2                         
00003345  __lesf2                         
00002dd9  __ltdf2                         
00003345  __ltsf2                         
UNDEFED   __mpu_init                      
000024f9  __muldf3                        
00003599  __muldi3                        
00003381  __muldsi3                       
0000295d  __mulsf3                        
00002dd9  __nedf2                         
00003345  __nesf2                         
20207e00  __stack                         
20200000  __start___llvm_prf_bits         
20200000  __start___llvm_prf_cnts         
20200000  __stop___llvm_prf_bits          
20200000  __stop___llvm_prf_cnts          
00001cf9  __subdf3                        
00002821  __udivmoddi4                    
00003571  _c_int00_noargs                 
UNDEFED   _system_post_cinit              
00003787  _system_pre_init                
00003779  abort                           
00003251  atoi                            
ffffffff  binit                           
0000372d  delay_init                      
00002779  delay_ms                        
00002fd1  frexp                           
00002fd1  frexpl                          
20200400  gPWM_MOTORBackup                
00000000  interruptVectors                
202004d0  isEncoderRotatingForward        
000025dd  ldexp                           
000025dd  ldexpl                          
000021f5  main                            
000035bd  memccpy                         
000028c3  memcpy                          
00002f6f  memset                          
000025dd  scalbn                          
000025dd  scalbnl                         
000029f1  strcmp                          
000034f1  vsprintf                        
000036e5  wcslen                          


GLOBAL SYMBOLS: SORTED BY Symbol Address 

address   name                            
-------   ----                            
00000000  __TI_ATRegion0_region_sz        
00000000  __TI_ATRegion0_src_addr         
00000000  __TI_ATRegion0_trg_addr         
00000000  __TI_ATRegion1_region_sz        
00000000  __TI_ATRegion1_src_addr         
00000000  __TI_ATRegion1_trg_addr         
00000000  __TI_ATRegion2_region_sz        
00000000  __TI_ATRegion2_src_addr         
00000000  __TI_ATRegion2_trg_addr         
00000000  __TI_static_base__              
00000000  interruptVectors                
000000c1  __TI_printfi                    
00000200  __STACK_SIZE                    
00000a91  OLED_WriteData                  
00000e2d  OLED_WriteCommand               
000011a5  OLED_Init                       
000014a9  OLED_ShowImage                  
0000192d  OLED_ShowString                 
00001cf9  __aeabi_dsub                    
00001cf9  __subdf3                        
00001d03  __adddf3                        
00001d03  __aeabi_dadd                    
00001e8b  ADC0_IRQHandler                 
00001e8b  ADC1_IRQHandler                 
00001e8b  AES_IRQHandler                  
00001e8b  CANFD0_IRQHandler               
00001e8b  DAC0_IRQHandler                 
00001e8b  DMA_IRQHandler                  
00001e8b  Default_Handler                 
00001e8b  GROUP0_IRQHandler               
00001e8b  HardFault_Handler               
00001e8b  I2C0_IRQHandler                 
00001e8b  I2C1_IRQHandler                 
00001e8b  NMI_Handler                     
00001e8b  PendSV_Handler                  
00001e8b  RTC_IRQHandler                  
00001e8b  SPI0_IRQHandler                 
00001e8b  SPI1_IRQHandler                 
00001e8b  SVC_Handler                     
00001e8b  SysTick_Handler                 
00001e8b  TIMA0_IRQHandler                
00001e8b  TIMA1_IRQHandler                
00001e8b  TIMG0_IRQHandler                
00001e8b  TIMG12_IRQHandler               
00001e8b  TIMG6_IRQHandler                
00001e8b  TIMG7_IRQHandler                
00001e8b  TIMG8_IRQHandler                
00001e8b  UART0_IRQHandler                
00001e8b  UART1_IRQHandler                
00001e8b  UART2_IRQHandler                
00001e8b  UART3_IRQHandler                
000020e9  __aeabi_ddiv                    
000020e9  __divdf3                        
000021f5  main                            
000022fd  OLED_Update                     
00002401  SetMotorSpeed                   
000024f9  __aeabi_dmul                    
000024f9  __muldf3                        
000025dd  ldexp                           
000025dd  ldexpl                          
000025dd  scalbn                          
000025dd  scalbnl                         
000026b5  DL_Timer_initPWMMode            
00002779  delay_ms                        
00002821  __udivmoddi4                    
000028c3  memcpy                          
0000295d  __aeabi_fmul                    
0000295d  __mulsf3                        
000029e9  __aeabi_errno_addr              
000029f1  strcmp                          
00002a79  __aeabi_fdiv                    
00002a79  __divsf3                        
00002afb  __aeabi_idiv0                   
00002afd  DL_TimerA_initPWMMode           
00002b7d  SYSCFG_DL_GPIO_init             
00002bfd  SYSCFG_DL_PWM_MOTOR_init        
00002c79  __TI_decompress_lzss            
00002cf5  __gedf2                         
00002cf5  __gtdf2                         
00002d69  GROUP1_IRQHandler               
00002dd9  __cmpdf2                        
00002dd9  __eqdf2                         
00002dd9  __ledf2                         
00002dd9  __ltdf2                         
00002dd9  __nedf2                         
00002ea7  __aeabi_ldiv0                   
00002ea9  __aeabi_dcmpeq                  
00002ebd  __aeabi_dcmplt                  
00002ed1  __aeabi_dcmple                  
00002ee5  __aeabi_dcmpge                  
00002ef9  __aeabi_dcmpgt                  
00002f0d  __aeabi_fcmpeq                  
00002f21  __aeabi_fcmplt                  
00002f35  __aeabi_fcmple                  
00002f49  __aeabi_fcmpge                  
00002f5d  __aeabi_fcmpgt                  
00002f6f  memset                          
00002fd1  frexp                           
00002fd1  frexpl                          
0000302d  __TI_ltoa                       
000030dd  __aeabi_idiv                    
000030dd  __aeabi_idivmod                 
00003185  __aeabi_d2iz                    
00003185  __fixdfsi                       
000031d1  SYSCFG_DL_SYSCTL_init           
00003211  __aeabi_uidiv                   
00003211  __aeabi_uidivmod                
00003251  atoi                            
00003291  __aeabi_i2f                     
00003291  __floatsisf                     
000032cd  __gesf2                         
000032cd  __gtsf2                         
00003309  __TI_auto_init_nobinit_nopinit  
00003345  __cmpsf2                        
00003345  __eqsf2                         
00003345  __lesf2                         
00003345  __ltsf2                         
00003345  __nesf2                         
00003381  __muldsi3                       
000033bd  MotorInit                       
000033f5  __aeabi_f2iz                    
000033f5  __fixsfsi                       
0000342d  SYSCFG_DL_initPower             
00003461  __aeabi_f2uiz                   
00003461  __fixunssfsi                    
000034c5  __aeabi_i2d                     
000034c5  __floatsidf                     
000034f1  vsprintf                        
0000351d  MotorSpeedClamp                 
00003547  OLED_Printf                     
00003571  _c_int00_noargs                 
00003599  __aeabi_lmul                    
00003599  __muldi3                        
000035bd  memccpy                         
000035e1  SYSCFG_DL_init                  
00003601  __aeabi_llsl                    
00003601  __ashldi3                       
00003621  DL_Timer_setCaptCompUpdateMethod
0000363d  DL_Timer_setClockConfig         
00003659  DL_Timer_setCaptureCompareOutCtl
00003689  __aeabi_uldivmod                
000036b1  __TI_decompress_none            
000036c5  DL_Timer_getCaptureCompareValue 
000036d5  DL_Timer_setCaptureCompareValue 
000036e5  wcslen                          
000036f5  __TI_zero_init                  
00003705  __aeabi_memset                  
00003705  __aeabi_memset4                 
00003705  __aeabi_memset8                 
00003721  __aeabi_memclr                  
00003721  __aeabi_memclr4                 
00003721  __aeabi_memclr8                 
0000372d  delay_init                      
00003739  DL_Common_delayCycles           
00003771  __aeabi_memcpy                  
00003771  __aeabi_memcpy4                 
00003771  __aeabi_memcpy8                 
00003779  abort                           
0000377e  C$$EXIT                         
0000377f  HOSTexit                        
00003783  Reset_Handler                   
00003787  _system_pre_init                
00003790  OLED_F8x16                      
00003d80  OLED_F6x8                       
00003fba  OLED_CF16x16                    
000041f0  __aeabi_ctype_table_            
000041f0  __aeabi_ctype_table_C           
00004350  __TI_Handler_Table_Base         
0000435c  __TI_Handler_Table_Limit        
0000436c  __TI_CINIT_Base                 
0000437c  __TI_CINIT_Limit                
0000437c  __TI_CINIT_Warm                 
20200000  OLED_DisplayBuf                 
20200000  __start___llvm_prf_bits         
20200000  __start___llvm_prf_cnts         
20200000  __stop___llvm_prf_bits          
20200000  __stop___llvm_prf_cnts          
20200400  gPWM_MOTORBackup                
202004c0  SYSTEMCLOCK                     
202004c8  EncoderCount                    
202004cc  __aeabi_errno                   
202004d0  isEncoderRotatingForward        
20207e00  __stack                         
20208000  __STACK_END                     
ffffffff  __TI_pprof_out_hndl             
ffffffff  __TI_prof_data_size             
ffffffff  __TI_prof_data_start            
ffffffff  __binit__                       
ffffffff  binit                           
UNDEFED   __mpu_init                      
UNDEFED   _system_post_cinit              

[191 symbols]
