******************************************************************************
            TI ARM Clang Linker PC v4.0.3                      
******************************************************************************
>> Linked Sun Jun 22 00:50:47 2025

OUTPUT FILE NAME:   <gpio_i2c_simulator_oled_driver.out>
ENTRY POINT SYMBOL: "_c_int00_noargs"  address: 000072e5


MEMORY CONFIGURATION

         name            origin    length      used     unused   attr    fill
----------------------  --------  ---------  --------  --------  ----  --------
  FLASH                 00000000   00020000  00008150  00017eb0  R  X
  SRAM                  20200000   00008000  0000060c  000079f4  RW X
  BCR_CONFIG            41c00000   00000080  00000000  00000080  R   
  BSL_CONFIG            41c00100   00000080  00000000  00000080  R   


SEGMENT ALLOCATION MAP

run origin  load origin   length   init length attrs members
----------  ----------- ---------- ----------- ----- -------
00000000    00000000    00008150   00008150    r-x
  00000000    00000000    000000c0   000000c0    r-- .intvecs
  000000c0    000000c0    00007450   00007450    r-x .text
  00007510    00007510    00000c10   00000c10    r-- .rodata
  00008120    00008120    00000030   00000030    r-- .cinit
20200000    20200000    0000040c   00000000    rw-
  20200000    20200000    00000408   00000000    rw- .bss
  20200408    20200408    00000004   00000000    rw- .data
20207e00    20207e00    00000200   00000000    rw-
  20207e00    20207e00    00000200   00000000    rw- .stack


SECTION ALLOCATION MAP

 output                                  attributes/
section   page    origin      length       input sections
--------  ----  ----------  ----------   ----------------
.intvecs   0    00000000    000000c0     
                  00000000    000000c0     startup_mspm0g350x_ticlang.o (.intvecs)

.text      0    000000c0    00007450     
                  000000c0    00000bb4     OLED.o (.text.OLED_DrawArc)
                  00000c74    000009d0     libc.a : _printfi.c.obj (.text:__TI_printfi)
                  00001644    00000948     OLED.o (.text.OLED_ShowFloatNum)
                  00001f8c    000006a8     OLED.o (.text.OLED_DrawEllipse)
                  00002634    00000644     OLED.o (.text.OLED_DrawCircle)
                  00002c78    00000544     OLED.o (.text.OLED_DrawLine)
                  000031bc    0000046c     OLED.o (.text.OLED_ShowSignedNum)
                  00003628    00000408     OLED.o (.text.OLED_ShowNum)
                  00003a30    000003a8     OLED.o (.text.OLED_ShowBinNum)
                  00003dd8    0000039c     OLED.o (.text.OLED_WriteData)
                  00004174    00000378     OLED.o (.text.OLED_WriteCommand)
                  000044ec    00000304     OLED.o (.text.OLED_Init)
                  000047f0    000002f8     libc.a : s_atan.c.obj (.text.atan)
                  00004ae8    000002d4     main.o (.text.main)
                  00004dbc    00000264     OLED.o (.text.OLED_ShowImage)
                  00005020    00000220     libc.a : _printfi.c.obj (.text._pconv_a)
                  00005240    000001f0     OLED.o (.text.OLED_ShowString)
                  00005430    000001dc     libc.a : _printfi.c.obj (.text._pconv_g)
                  0000560c    000001d8     OLED.o (.text.OLED_DrawTriangle)
                  000057e4    00000192     libclang_rt.builtins.a : adddf3.S.obj (.text.adddf3_subdf3)
                  00005976    00000002     startup_mspm0g350x_ticlang.o (.text.Default_Handler)
                  00005978    00000188     libc.a : e_atan2.c.obj (.text.atan2)
                  00005b00    00000144            : s_floor.c.obj (.text.floor)
                  00005c44    0000013c     OLED.o (.text.OLED_DrawRectangle)
                  00005d80    0000013c     libc.a : _printfi.c.obj (.text.fcvt)
                  00005ebc    00000120            : _printfi.c.obj (.text._pconv_e)
                  00005fdc    0000010c     libclang_rt.builtins.a : divdf3.S.obj (.text.__divdf3)
                  000060e8    00000104     OLED.o (.text.OLED_Update)
                  000061ec    000000f8     OLED.o (.text.OLED_ShowHexNum)
                  000062e4    000000e4     libclang_rt.builtins.a : muldf3.S.obj (.text.__muldf3)
                  000063c8    000000e0     OLED.o (.text.OLED_Reverse)
                  000064a8    000000d8     libc.a : s_scalbn.c.obj (.text.scalbn)
                  00006580    000000d8     libclang_rt.builtins.a : addsf3.S.obj (.text)
                  00006658    000000a8     delay.o (.text.delay_ms)
                  00006700    000000a8     libc.a : s_round.c.obj (.text.round)
                  000067a8    000000a2     libclang_rt.builtins.a : udivmoddi4.S.obj (.text)
                  0000684a    0000009a     libc.a : memcpy16.S.obj (.text:memcpy)
                  000068e4    0000000c     libclang_rt.builtins.a : aeabi_memset.S.obj (.text.__aeabi_memclr)
                  000068f0    00000088     libc.a : strcmp-armv6m.S.obj (.text:strcmp)
                  00006978    0000007c            : copy_decompress_lzss.c.obj (.text:decompress:lzss)
                  000069f4    00000074     libclang_rt.builtins.a : comparedf2.c.obj (.text.__gedf2)
                  00006a68    00000008     libc.a : s_atan.c.obj (.text.OUTLINED_FUNCTION_2)
                  00006a70    00000074     libclang_rt.builtins.a : truncdfsf2.S.obj (.text.__truncdfsf2)
                  00006ae4    00000068                            : comparedf2.c.obj (.text.__ledf2)
                  00006b4c    00000066     libc.a : _printfi.c.obj (.text._mcpy)
                  00006bb2    00000002     libclang_rt.builtins.a : aeabi_div0.c.obj (.text.__aeabi_idiv0)
                  00006bb4    00000064     OLED.o (.text.OLED_ReverseArea)
                  00006c18    00000062     libclang_rt.builtins.a : aeabi_dcmp.S.obj (.text.__aeabi_dcmp)
                  00006c7a    00000002                            : aeabi_div0.c.obj (.text.__aeabi_ldiv0)
                  00006c7c    00000062                            : aeabi_fcmp.S.obj (.text.__aeabi_fcmp)
                  00006cde    00000062     libc.a : memset16.S.obj (.text:memset)
                  00006d40    0000005c            : s_frexp.c.obj (.text.frexp)
                  00006d9c    00000058            : _ltoa.c.obj (.text.__TI_ltoa)
                  00006df4    00000058            : _printfi.c.obj (.text._pconv_f)
                  00006e4c    00000056     libclang_rt.builtins.a : aeabi_idivmod.S.obj (.text.__aeabi_idivmod)
                  00006ea2    00000052     libc.a : _printfi.c.obj (.text._ecpy)
                  00006ef4    0000004a     libclang_rt.builtins.a : fixdfsi.S.obj (.text.__fixdfsi)
                  00006f3e    00000002     --HOLE-- [fill = 0]
                  00006f40    00000044     OLED.o (.text.OLED_ShowChar)
                  00006f84    00000042     libclang_rt.builtins.a : fixunsdfsi.S.obj (.text.__fixunsdfsi)
                  00006fc6    00000002     --HOLE-- [fill = 0]
                  00006fc8    00000040     ti_msp_dl_config.o (.text.SYSCFG_DL_SYSCTL_init)
                  00007008    00000040     libclang_rt.builtins.a : aeabi_uidivmod.S.obj (.text.__aeabi_uidivmod)
                  00007048    00000040     libc.a : atoi.c.obj (.text.atoi)
                  00007088    0000003c     libclang_rt.builtins.a : floatsisf.S.obj (.text.__floatsisf)
                  000070c4    0000003c                            : comparesf2.S.obj (.text.__gtsf2)
                  00007100    0000003c     libc.a : autoinit.c.obj (.text:__TI_auto_init_nobinit_nopinit)
                  0000713c    0000003a     libclang_rt.builtins.a : comparesf2.S.obj (.text.__eqsf2)
                  00007176    00000002     --HOLE-- [fill = 0]
                  00007178    0000003a                            : muldsi3.S.obj (.text.__muldsi3)
                  000071b2    00000030     libc.a : _printfi.c.obj (.text._fcpy)
                  000071e2    00000002     --HOLE-- [fill = 0]
                  000071e4    0000002c     OLED.o (.text.OLED_GetPoint)
                  00007210    0000002c     ti_msp_dl_config.o (.text.SYSCFG_DL_initPower)
                  0000723c    0000002c     libclang_rt.builtins.a : floatsidf.S.obj (.text.__floatsidf)
                  00007268    0000002c     libc.a : vsprintf.c.obj (.text.vsprintf)
                  00007294    00000028     OLED.o (.text.OLED_DrawPoint)
                  000072bc    00000028     OLED.o (.text.OLED_Printf)
                  000072e4    00000028     libc.a : boot_cortex_m.c.obj (.text:_c_int00_noargs)
                  0000730c    00000024     libclang_rt.builtins.a : floatunsidf.S.obj (.text.__floatunsidf)
                  00007330    00000024                            : muldi3.S.obj (.text.__muldi3)
                  00007354    00000022     libc.a : memccpy.c.obj (.text.memccpy)
                  00007376    00000002     --HOLE-- [fill = 0]
                  00007378    00000020     ti_msp_dl_config.o (.text.SYSCFG_DL_GPIO_init)
                  00007398    0000001e     libclang_rt.builtins.a : ashldi3.S.obj (.text.__ashldi3)
                  000073b6    00000018     libc.a : vsprintf.c.obj (.text._outs)
                  000073ce    00000002     --HOLE-- [fill = 0]
                  000073d0    00000014     OLED.o (.text.OLED_Clear)
                  000073e4    00000014     libclang_rt.builtins.a : aeabi_uldivmod.S.obj (.text.__aeabi_uldivmod)
                  000073f8    00000014     libc.a : _printfi.c.obj (.text.strchr)
                  0000740c    00000012            : copy_decompress_none.c.obj (.text:decompress:none)
                  0000741e    00000010     ti_msp_dl_config.o (.text.SYSCFG_DL_init)
                  0000742e    00000010     libc.a : wcslen.c.obj (.text.wcslen)
                  0000743e    00000010            : copy_zero_init.c.obj (.text:decompress:ZI)
                  0000744e    00000002     --HOLE-- [fill = 0]
                  00007450    0000000e     libclang_rt.builtins.a : aeabi_memset.S.obj (.text.__aeabi_memset)
                  0000745e    0000000e     libc.a : _printfi.c.obj (.text.strlen)
                  0000746c    0000000c     delay.o (.text.delay_init)
                  00007478    0000000a     driverlib.a : dl_common.o (.text.DL_Common_delayCycles)
                  00007482    0000000a     libc.a : _printfi.c.obj (.text.OUTLINED_FUNCTION_0)
                  0000748c    00000010     libclang_rt.builtins.a : adddf3.S.obj (.tramp.__aeabi_dsub.1)
                  0000749c    0000000a     libc.a : s_atan.c.obj (.text.OUTLINED_FUNCTION_0)
                  000074a6    00000002     --HOLE-- [fill = 0]
                  000074a8    00000010     libclang_rt.builtins.a : muldf3.S.obj (.tramp.__aeabi_dmul.1)
                  000074b8    0000000a     libc.a : _printfi.c.obj (.text.OUTLINED_FUNCTION_1)
                  000074c2    0000000a            : vsprintf.c.obj (.text._outc)
                  000074cc    00000008            : s_round.c.obj (.text.OUTLINED_FUNCTION_0)
                  000074d4    00000010     libclang_rt.builtins.a : adddf3.S.obj (.tramp.__aeabi_dadd.1)
                  000074e4    00000008     libc.a : aeabi_portable.c.obj (.text.__aeabi_errno_addr)
                  000074ec    00000008     libclang_rt.builtins.a : aeabi_memcpy.S.obj (.text.__aeabi_memcpy)
                  000074f4    00000006     libc.a : s_atan.c.obj (.text.OUTLINED_FUNCTION_1)
                  000074fa    00000006            : exit.c.obj (.text:abort)
                  00007500    00000004     libsysbm.a : hostexit.c.obj (.text.HOSTexit)
                  00007504    00000004     startup_mspm0g350x_ticlang.o (.text.Reset_Handler)
                  00007508    00000004     libc.a : pre_init.c.obj (.text._system_pre_init)
                  0000750c    00000004     --HOLE-- [fill = 0]

.cinit     0    00008120    00000030     
                  00008120    0000000c     (__TI_handler_table)
                  0000812c    00000008     (.cinit..bss.load) [load image, compression = zero_init]
                  00008134    00000007     (.cinit..data.load) [load image, compression = lzss]
                  0000813b    00000001     --HOLE-- [fill = 0]
                  0000813c    00000010     (__TI_cinit_table)
                  0000814c    00000004     --HOLE-- [fill = 0]

.rodata    0    00007510    00000c10     
                  00007510    000005f0     OLED_Data.o (.rodata.OLED_F8x16)
                  00007b00    0000023a     OLED_Data.o (.rodata.OLED_F6x8)
                  00007d3a    0000022b     OLED_Data.o (.rodata.OLED_CF16x16)
                  00007f65    00000007     main.o (.rodata.str1.17100691992556644108.1)
                  00007f6c    00000004     main.o (.rodata.str1.18227636981041470289.1)
                  00007f70    00000101     libc.a : aeabi_ctype.S.obj (.rodata:__aeabi_ctype_table_)
                  00008071    00000004     main.o (.rodata.str1.2846389346932560359.1)
                  00008075    00000003     --HOLE-- [fill = 0]
                  00008078    00000040     libc.a : s_atan.c.obj (.rodata.cst32)
                  000080b8    00000020     OLED_Data.o (.rodata.Diode)
                  000080d8    00000019     main.o (.rodata.str1.8154729771448623357.1)
                  000080f1    00000011     libc.a : _printfi.c.obj (.rodata.str1.10348868589481759720.1)
                  00008102    00000011            : _printfi.c.obj (.rodata.str1.15363888844622738466.1)
                  00008113    0000000d     main.o (.rodata.str1.15159059442110792349.1)

.init_array 
*          0    00000000    00000000     UNINITIALIZED

.binit     0    00000000    00000000     

.bss       0    20200000    00000408     UNINITIALIZED
                  20200000    00000400     (.common:OLED_DisplayBuf)
                  20200400    00000008     (.common:SYSTEMCLOCK)

.data      0    20200408    00000004     UNINITIALIZED
                  20200408    00000004     libc.a : aeabi_portable.c.obj (.data.__aeabi_errno)

.stack     0    20207e00    00000200     UNINITIALIZED
                  20207e00    00000004     libc.a : boot_cortex_m.c.obj (.stack)
                  20207e04    000001fc     --HOLE--

__llvm_prf_cnts 
*          0    20200000    00000000     UNINITIALIZED

__llvm_prf_bits 
*          0    20200000    00000000     UNINITIALIZED

MODULE SUMMARY

       Module                         code    ro data   rw data
       ------                         ----    -------   -------
    .\
       main.o                         724     53        0      
       startup_mspm0g350x_ticlang.o   6       192       0      
       ti_msp_dl_config.o             156     0         0      
    +--+------------------------------+-------+---------+---------+
       Total:                         886     245       0      
                                                               
    .\hardware\OLED\
       OLED.o                         18652   0         1024   
       OLED_Data.o                    0       2677      0      
    +--+------------------------------+-------+---------+---------+
       Total:                         18652   2677      1024   
                                                               
    .\hardware\delay\
       delay.o                        180     0         8      
    +--+------------------------------+-------+---------+---------+
       Total:                         180     0         8      
                                                               
    C:/ti/mspm0_sdk_2_01_00_03/source/ti/driverlib/lib/ticlang/m0p/mspm0g1x0x_g3x0x/driverlib.a
       dl_common.o                    10      0         0      
    +--+------------------------------+-------+---------+---------+
       Total:                         10      0         0      
                                                               
    C:\ti\ccs2020\ccs\tools\compiler\ti-cgt-armllvm_4.0.3.LTS\lib\armv6m-ti-none-eabi/c/libc.a
       _printfi.c.obj                 4510    34        0      
       s_atan.c.obj                   784     64        0      
       e_atan2.c.obj                  392     0         0      
       s_floor.c.obj                  324     0         0      
       aeabi_ctype.S.obj              0       257       0      
       s_scalbn.c.obj                 216     0         0      
       s_round.c.obj                  176     0         0      
       memcpy16.S.obj                 154     0         0      
       strcmp-armv6m.S.obj            136     0         0      
       copy_decompress_lzss.c.obj     124     0         0      
       memset16.S.obj                 98      0         0      
       s_frexp.c.obj                  92      0         0      
       _ltoa.c.obj                    88      0         0      
       vsprintf.c.obj                 78      0         0      
       atoi.c.obj                     64      0         0      
       autoinit.c.obj                 60      0         0      
       boot_cortex_m.c.obj            40      0         0      
       memccpy.c.obj                  34      0         0      
       copy_decompress_none.c.obj     18      0         0      
       copy_zero_init.c.obj           16      0         0      
       wcslen.c.obj                   16      0         0      
       aeabi_portable.c.obj           8       0         4      
       exit.c.obj                     6       0         0      
       pre_init.c.obj                 4       0         0      
    +--+------------------------------+-------+---------+---------+
       Total:                         7438    355       4      
                                                               
    C:\ti\ccs2020\ccs\tools\compiler\ti-cgt-armllvm_4.0.3.LTS\lib\armv6m-ti-none-eabi/c/libsysbm.a
       hostexit.c.obj                 4       0         0      
    +--+------------------------------+-------+---------+---------+
       Total:                         4       0         0      
                                                               
    C:\ti\ccs2020\ccs\tools\compiler\ti-cgt-armllvm_4.0.3.LTS\lib\armv6m-ti-none-eabi/libclang_rt.builtins.a
       adddf3.S.obj                   434     0         0      
       divdf3.S.obj                   268     0         0      
       muldf3.S.obj                   244     0         0      
       comparedf2.c.obj               220     0         0      
       addsf3.S.obj                   216     0         0      
       udivmoddi4.S.obj               162     0         0      
       comparesf2.S.obj               118     0         0      
       truncdfsf2.S.obj               116     0         0      
       aeabi_dcmp.S.obj               98      0         0      
       aeabi_fcmp.S.obj               98      0         0      
       aeabi_idivmod.S.obj            86      0         0      
       fixdfsi.S.obj                  74      0         0      
       fixunsdfsi.S.obj               66      0         0      
       aeabi_uidivmod.S.obj           64      0         0      
       floatsisf.S.obj                60      0         0      
       muldsi3.S.obj                  58      0         0      
       floatsidf.S.obj                44      0         0      
       floatunsidf.S.obj              36      0         0      
       muldi3.S.obj                   36      0         0      
       ashldi3.S.obj                  30      0         0      
       aeabi_memset.S.obj             26      0         0      
       aeabi_uldivmod.S.obj           20      0         0      
       aeabi_memcpy.S.obj             8       0         0      
       aeabi_div0.c.obj               4       0         0      
    +--+------------------------------+-------+---------+---------+
       Total:                         2586    0         0      
                                                               
       Stack:                         0       0         512    
       Linker Generated:              0       43        0      
    +--+------------------------------+-------+---------+---------+
       Grand Total:                   29756   3320      1548   


LINKER GENERATED COPY TABLES

__TI_cinit_table @ 0000813c records: 2, size/record: 8, table size: 16
	.bss: load addr=0000812c, load size=00000008 bytes, run addr=20200000, run size=00000408 bytes, compression=zero_init
	.data: load addr=00008134, load size=00000007 bytes, run addr=20200408, run size=00000004 bytes, compression=lzss


LINKER GENERATED HANDLER TABLE

__TI_handler_table @ 00008120 records: 3, size/record: 4, table size: 12
	index: 0, handler: __TI_decompress_lzss
	index: 1, handler: __TI_decompress_none
	index: 2, handler: __TI_zero_init


FAR CALL TRAMPOLINES

callee name               trampoline name
   callee addr  tramp addr   call addr  call info
--------------  -----------  ---------  ----------------
__aeabi_dsub              $Tramp$TT$L$PI$$__aeabi_dsub
   000057e5     0000748c     0000748a   libc.a : _printfi.c.obj (.text.OUTLINED_FUNCTION_0)
__aeabi_dmul              $Tramp$TT$L$PI$$__aeabi_dmul
   000062e5     000074a8     000074a4   libc.a : s_atan.c.obj (.text.OUTLINED_FUNCTION_0)
__aeabi_dadd              $Tramp$TT$L$PI$$__aeabi_dadd
   000057ef     000074d4     000074d2   libc.a : s_round.c.obj (.text.OUTLINED_FUNCTION_0)
                             000074f8          : s_atan.c.obj (.text.OUTLINED_FUNCTION_1)

[3 trampolines]
[4 trampoline calls]


GLOBAL SYMBOLS: SORTED ALPHABETICALLY BY Name 

address   name                          
-------   ----                          
00005977  ADC0_IRQHandler               
00005977  ADC1_IRQHandler               
00005977  AES_IRQHandler                
00007500  C$$EXIT                       
00005977  CANFD0_IRQHandler             
00005977  DAC0_IRQHandler               
00007479  DL_Common_delayCycles         
00005977  DMA_IRQHandler                
00005977  Default_Handler               
000080b8  Diode                         
00005977  GROUP0_IRQHandler             
00005977  GROUP1_IRQHandler             
00007501  HOSTexit                      
00005977  HardFault_Handler             
00005977  I2C0_IRQHandler               
00005977  I2C1_IRQHandler               
00005977  NMI_Handler                   
00007d3a  OLED_CF16x16                  
000073d1  OLED_Clear                    
20200000  OLED_DisplayBuf               
000000c1  OLED_DrawArc                  
00002635  OLED_DrawCircle               
00001f8d  OLED_DrawEllipse              
00002c79  OLED_DrawLine                 
00007295  OLED_DrawPoint                
00005c45  OLED_DrawRectangle            
0000560d  OLED_DrawTriangle             
00007b00  OLED_F6x8                     
00007510  OLED_F8x16                    
000071e5  OLED_GetPoint                 
000044ed  OLED_Init                     
000072bd  OLED_Printf                   
000063c9  OLED_Reverse                  
00006bb5  OLED_ReverseArea              
00003a31  OLED_ShowBinNum               
00006f41  OLED_ShowChar                 
00001645  OLED_ShowFloatNum             
000061ed  OLED_ShowHexNum               
00004dbd  OLED_ShowImage                
00003629  OLED_ShowNum                  
000031bd  OLED_ShowSignedNum            
00005241  OLED_ShowString               
000060e9  OLED_Update                   
00004175  OLED_WriteCommand             
00003dd9  OLED_WriteData                
00005977  PendSV_Handler                
00005977  RTC_IRQHandler                
00007505  Reset_Handler                 
00005977  SPI0_IRQHandler               
00005977  SPI1_IRQHandler               
00005977  SVC_Handler                   
00007379  SYSCFG_DL_GPIO_init           
00006fc9  SYSCFG_DL_SYSCTL_init         
0000741f  SYSCFG_DL_init                
00007211  SYSCFG_DL_initPower           
20200400  SYSTEMCLOCK                   
00005977  SysTick_Handler               
00005977  TIMA0_IRQHandler              
00005977  TIMA1_IRQHandler              
00005977  TIMG0_IRQHandler              
00005977  TIMG12_IRQHandler             
00005977  TIMG6_IRQHandler              
00005977  TIMG7_IRQHandler              
00005977  TIMG8_IRQHandler              
00005977  UART0_IRQHandler              
00005977  UART1_IRQHandler              
00005977  UART2_IRQHandler              
00005977  UART3_IRQHandler              
20208000  __STACK_END                   
00000200  __STACK_SIZE                  
00000000  __TI_ATRegion0_region_sz      
00000000  __TI_ATRegion0_src_addr       
00000000  __TI_ATRegion0_trg_addr       
00000000  __TI_ATRegion1_region_sz      
00000000  __TI_ATRegion1_src_addr       
00000000  __TI_ATRegion1_trg_addr       
00000000  __TI_ATRegion2_region_sz      
00000000  __TI_ATRegion2_src_addr       
00000000  __TI_ATRegion2_trg_addr       
0000813c  __TI_CINIT_Base               
0000814c  __TI_CINIT_Limit              
0000814c  __TI_CINIT_Warm               
00008120  __TI_Handler_Table_Base       
0000812c  __TI_Handler_Table_Limit      
00007101  __TI_auto_init_nobinit_nopinit
00006979  __TI_decompress_lzss          
0000740d  __TI_decompress_none          
00006d9d  __TI_ltoa                     
ffffffff  __TI_pprof_out_hndl           
00000c75  __TI_printfi                  
ffffffff  __TI_prof_data_size           
ffffffff  __TI_prof_data_start          
00000000  __TI_static_base__            
0000743f  __TI_zero_init                
000057ef  __adddf3                      
0000658b  __addsf3                      
00007f70  __aeabi_ctype_table_          
00007f70  __aeabi_ctype_table_C         
00006a71  __aeabi_d2f                   
00006ef5  __aeabi_d2iz                  
00006f85  __aeabi_d2uiz                 
000057ef  __aeabi_dadd                  
00006c19  __aeabi_dcmpeq                
00006c55  __aeabi_dcmpge                
00006c69  __aeabi_dcmpgt                
00006c41  __aeabi_dcmple                
00006c2d  __aeabi_dcmplt                
00005fdd  __aeabi_ddiv                  
000062e5  __aeabi_dmul                  
000057e5  __aeabi_dsub                  
20200408  __aeabi_errno                 
000074e5  __aeabi_errno_addr            
0000658b  __aeabi_fadd                  
00006c7d  __aeabi_fcmpeq                
00006cb9  __aeabi_fcmpge                
00006ccd  __aeabi_fcmpgt                
00006ca5  __aeabi_fcmple                
00006c91  __aeabi_fcmplt                
00006581  __aeabi_fsub                  
0000723d  __aeabi_i2d                   
00007089  __aeabi_i2f                   
00006e4d  __aeabi_idiv                  
00006bb3  __aeabi_idiv0                 
00006e4d  __aeabi_idivmod               
00006c7b  __aeabi_ldiv0                 
00007399  __aeabi_llsl                  
00007331  __aeabi_lmul                  
000068e5  __aeabi_memclr                
000068e5  __aeabi_memclr4               
000068e5  __aeabi_memclr8               
000074ed  __aeabi_memcpy                
000074ed  __aeabi_memcpy4               
000074ed  __aeabi_memcpy8               
00007451  __aeabi_memset                
00007451  __aeabi_memset4               
00007451  __aeabi_memset8               
0000730d  __aeabi_ui2d                  
00007009  __aeabi_uidiv                 
00007009  __aeabi_uidivmod              
000073e5  __aeabi_uldivmod              
00007399  __ashldi3                     
ffffffff  __binit__                     
00006ae5  __cmpdf2                      
0000713d  __cmpsf2                      
00005fdd  __divdf3                      
00006ae5  __eqdf2                       
0000713d  __eqsf2                       
00006ef5  __fixdfsi                     
00006f85  __fixunsdfsi                  
0000723d  __floatsidf                   
00007089  __floatsisf                   
0000730d  __floatunsidf                 
000069f5  __gedf2                       
000070c5  __gesf2                       
000069f5  __gtdf2                       
000070c5  __gtsf2                       
00006ae5  __ledf2                       
0000713d  __lesf2                       
00006ae5  __ltdf2                       
0000713d  __ltsf2                       
UNDEFED   __mpu_init                    
000062e5  __muldf3                      
00007331  __muldi3                      
00007179  __muldsi3                     
00006ae5  __nedf2                       
0000713d  __nesf2                       
20207e00  __stack                       
20200000  __start___llvm_prf_bits       
20200000  __start___llvm_prf_cnts       
20200000  __stop___llvm_prf_bits        
20200000  __stop___llvm_prf_cnts        
000057e5  __subdf3                      
00006581  __subsf3                      
00006a71  __truncdfsf2                  
000067a9  __udivmoddi4                  
000072e5  _c_int00_noargs               
UNDEFED   _system_post_cinit            
00007509  _system_pre_init              
000074fb  abort                         
000047f1  atan                          
00005979  atan2                         
00005979  atan2l                        
000047f1  atanl                         
00007049  atoi                          
ffffffff  binit                         
0000746d  delay_init                    
00006659  delay_ms                      
00005b01  floor                         
00005b01  floorl                        
00006d41  frexp                         
00006d41  frexpl                        
00000000  interruptVectors              
000064a9  ldexp                         
000064a9  ldexpl                        
00004ae9  main                          
00007355  memccpy                       
0000684b  memcpy                        
00006cdf  memset                        
00006701  round                         
00006701  roundl                        
000064a9  scalbn                        
000064a9  scalbnl                       
000068f1  strcmp                        
00007269  vsprintf                      
0000742f  wcslen                        


GLOBAL SYMBOLS: SORTED BY Symbol Address 

address   name                          
-------   ----                          
00000000  __TI_ATRegion0_region_sz      
00000000  __TI_ATRegion0_src_addr       
00000000  __TI_ATRegion0_trg_addr       
00000000  __TI_ATRegion1_region_sz      
00000000  __TI_ATRegion1_src_addr       
00000000  __TI_ATRegion1_trg_addr       
00000000  __TI_ATRegion2_region_sz      
00000000  __TI_ATRegion2_src_addr       
00000000  __TI_ATRegion2_trg_addr       
00000000  __TI_static_base__            
00000000  interruptVectors              
000000c1  OLED_DrawArc                  
00000200  __STACK_SIZE                  
00000c75  __TI_printfi                  
00001645  OLED_ShowFloatNum             
00001f8d  OLED_DrawEllipse              
00002635  OLED_DrawCircle               
00002c79  OLED_DrawLine                 
000031bd  OLED_ShowSignedNum            
00003629  OLED_ShowNum                  
00003a31  OLED_ShowBinNum               
00003dd9  OLED_WriteData                
00004175  OLED_WriteCommand             
000044ed  OLED_Init                     
000047f1  atan                          
000047f1  atanl                         
00004ae9  main                          
00004dbd  OLED_ShowImage                
00005241  OLED_ShowString               
0000560d  OLED_DrawTriangle             
000057e5  __aeabi_dsub                  
000057e5  __subdf3                      
000057ef  __adddf3                      
000057ef  __aeabi_dadd                  
00005977  ADC0_IRQHandler               
00005977  ADC1_IRQHandler               
00005977  AES_IRQHandler                
00005977  CANFD0_IRQHandler             
00005977  DAC0_IRQHandler               
00005977  DMA_IRQHandler                
00005977  Default_Handler               
00005977  GROUP0_IRQHandler             
00005977  GROUP1_IRQHandler             
00005977  HardFault_Handler             
00005977  I2C0_IRQHandler               
00005977  I2C1_IRQHandler               
00005977  NMI_Handler                   
00005977  PendSV_Handler                
00005977  RTC_IRQHandler                
00005977  SPI0_IRQHandler               
00005977  SPI1_IRQHandler               
00005977  SVC_Handler                   
00005977  SysTick_Handler               
00005977  TIMA0_IRQHandler              
00005977  TIMA1_IRQHandler              
00005977  TIMG0_IRQHandler              
00005977  TIMG12_IRQHandler             
00005977  TIMG6_IRQHandler              
00005977  TIMG7_IRQHandler              
00005977  TIMG8_IRQHandler              
00005977  UART0_IRQHandler              
00005977  UART1_IRQHandler              
00005977  UART2_IRQHandler              
00005977  UART3_IRQHandler              
00005979  atan2                         
00005979  atan2l                        
00005b01  floor                         
00005b01  floorl                        
00005c45  OLED_DrawRectangle            
00005fdd  __aeabi_ddiv                  
00005fdd  __divdf3                      
000060e9  OLED_Update                   
000061ed  OLED_ShowHexNum               
000062e5  __aeabi_dmul                  
000062e5  __muldf3                      
000063c9  OLED_Reverse                  
000064a9  ldexp                         
000064a9  ldexpl                        
000064a9  scalbn                        
000064a9  scalbnl                       
00006581  __aeabi_fsub                  
00006581  __subsf3                      
0000658b  __addsf3                      
0000658b  __aeabi_fadd                  
00006659  delay_ms                      
00006701  round                         
00006701  roundl                        
000067a9  __udivmoddi4                  
0000684b  memcpy                        
000068e5  __aeabi_memclr                
000068e5  __aeabi_memclr4               
000068e5  __aeabi_memclr8               
000068f1  strcmp                        
00006979  __TI_decompress_lzss          
000069f5  __gedf2                       
000069f5  __gtdf2                       
00006a71  __aeabi_d2f                   
00006a71  __truncdfsf2                  
00006ae5  __cmpdf2                      
00006ae5  __eqdf2                       
00006ae5  __ledf2                       
00006ae5  __ltdf2                       
00006ae5  __nedf2                       
00006bb3  __aeabi_idiv0                 
00006bb5  OLED_ReverseArea              
00006c19  __aeabi_dcmpeq                
00006c2d  __aeabi_dcmplt                
00006c41  __aeabi_dcmple                
00006c55  __aeabi_dcmpge                
00006c69  __aeabi_dcmpgt                
00006c7b  __aeabi_ldiv0                 
00006c7d  __aeabi_fcmpeq                
00006c91  __aeabi_fcmplt                
00006ca5  __aeabi_fcmple                
00006cb9  __aeabi_fcmpge                
00006ccd  __aeabi_fcmpgt                
00006cdf  memset                        
00006d41  frexp                         
00006d41  frexpl                        
00006d9d  __TI_ltoa                     
00006e4d  __aeabi_idiv                  
00006e4d  __aeabi_idivmod               
00006ef5  __aeabi_d2iz                  
00006ef5  __fixdfsi                     
00006f41  OLED_ShowChar                 
00006f85  __aeabi_d2uiz                 
00006f85  __fixunsdfsi                  
00006fc9  SYSCFG_DL_SYSCTL_init         
00007009  __aeabi_uidiv                 
00007009  __aeabi_uidivmod              
00007049  atoi                          
00007089  __aeabi_i2f                   
00007089  __floatsisf                   
000070c5  __gesf2                       
000070c5  __gtsf2                       
00007101  __TI_auto_init_nobinit_nopinit
0000713d  __cmpsf2                      
0000713d  __eqsf2                       
0000713d  __lesf2                       
0000713d  __ltsf2                       
0000713d  __nesf2                       
00007179  __muldsi3                     
000071e5  OLED_GetPoint                 
00007211  SYSCFG_DL_initPower           
0000723d  __aeabi_i2d                   
0000723d  __floatsidf                   
00007269  vsprintf                      
00007295  OLED_DrawPoint                
000072bd  OLED_Printf                   
000072e5  _c_int00_noargs               
0000730d  __aeabi_ui2d                  
0000730d  __floatunsidf                 
00007331  __aeabi_lmul                  
00007331  __muldi3                      
00007355  memccpy                       
00007379  SYSCFG_DL_GPIO_init           
00007399  __aeabi_llsl                  
00007399  __ashldi3                     
000073d1  OLED_Clear                    
000073e5  __aeabi_uldivmod              
0000740d  __TI_decompress_none          
0000741f  SYSCFG_DL_init                
0000742f  wcslen                        
0000743f  __TI_zero_init                
00007451  __aeabi_memset                
00007451  __aeabi_memset4               
00007451  __aeabi_memset8               
0000746d  delay_init                    
00007479  DL_Common_delayCycles         
000074e5  __aeabi_errno_addr            
000074ed  __aeabi_memcpy                
000074ed  __aeabi_memcpy4               
000074ed  __aeabi_memcpy8               
000074fb  abort                         
00007500  C$$EXIT                       
00007501  HOSTexit                      
00007505  Reset_Handler                 
00007509  _system_pre_init              
00007510  OLED_F8x16                    
00007b00  OLED_F6x8                     
00007d3a  OLED_CF16x16                  
00007f70  __aeabi_ctype_table_          
00007f70  __aeabi_ctype_table_C         
000080b8  Diode                         
00008120  __TI_Handler_Table_Base       
0000812c  __TI_Handler_Table_Limit      
0000813c  __TI_CINIT_Base               
0000814c  __TI_CINIT_Limit              
0000814c  __TI_CINIT_Warm               
20200000  OLED_DisplayBuf               
20200000  __start___llvm_prf_bits       
20200000  __start___llvm_prf_cnts       
20200000  __stop___llvm_prf_bits        
20200000  __stop___llvm_prf_cnts        
20200400  SYSTEMCLOCK                   
20200408  __aeabi_errno                 
20207e00  __stack                       
20208000  __STACK_END                   
ffffffff  __TI_pprof_out_hndl           
ffffffff  __TI_prof_data_size           
ffffffff  __TI_prof_data_start          
ffffffff  __binit__                     
ffffffff  binit                         
UNDEFED   __mpu_init                    
UNDEFED   _system_post_cinit            

[205 symbols]
