******************************************************************************
            TI ARM Clang Linker PC v4.0.3                      
******************************************************************************
>> Linked Sat Jul  5 21:16:46 2025

OUTPUT FILE NAME:   <jy901s_get_position_data.out>
ENTRY POINT SYMBOL: "_c_int00_noargs"  address: 00003221


MEMORY CONFIGURATION

         name            origin    length      used     unused   attr    fill
----------------------  --------  ---------  --------  --------  ----  --------
  FLASH                 00000000   00020000  00004040  0001bfc0  R  X
  SRAM                  20200000   00008000  00000684  0000797c  RW X
  BCR_CONFIG            41c00000   00000080  00000000  00000080  R   
  BSL_CONFIG            41c00100   00000080  00000000  00000080  R   


SEGMENT ALLOCATION MAP

run origin  load origin   length   init length attrs members
----------  ----------- ---------- ----------- ----- -------
00000000    00000000    00004040   00004040    r-x
  00000000    00000000    000000c0   000000c0    r-- .intvecs
  000000c0    000000c0    00003330   00003330    r-x .text
  000033f0    000033f0    00000c20   00000c20    r-- .rodata
  00004010    00004010    00000030   00000030    r-- .cinit
20200000    20200000    00000484   00000000    rw-
  20200000    20200000    00000480   00000000    rw- .bss
  20200480    20200480    00000004   00000000    rw- .data
20207e00    20207e00    00000200   00000000    rw-
  20207e00    20207e00    00000200   00000000    rw- .stack


SECTION ALLOCATION MAP

 output                                  attributes/
section   page    origin      length       input sections
--------  ----  ----------  ----------   ----------------
.intvecs   0    00000000    000000c0     
                  00000000    000000c0     startup_mspm0g350x_ticlang.o (.intvecs)

.text      0    000000c0    00003330     
                  000000c0    000009d0     libc.a : _printfi.c.obj (.text:__TI_printfi)
                  00000a90    0000039c     OLED.o (.text.OLED_WriteData)
                  00000e2c    00000378     OLED.o (.text.OLED_WriteCommand)
                  000011a4    0000032c     main.o (.text.main)
                  000014d0    00000264     OLED.o (.text.OLED_ShowImage)
                  00001734    00000220     libc.a : _printfi.c.obj (.text._pconv_a)
                  00001954    000001f0     OLED.o (.text.OLED_ShowString)
                  00001b44    000001dc     libc.a : _printfi.c.obj (.text._pconv_g)
                  00001d20    000001bc     OLED.o (.text.OLED_Init)
                  00001edc    00000192     libclang_rt.builtins.a : adddf3.S.obj (.text.adddf3_subdf3)
                  0000206e    00000002     startup_mspm0g350x_ticlang.o (.text.Default_Handler)
                  00002070    0000013c     libc.a : _printfi.c.obj (.text.fcvt)
                  000021ac    00000120            : _printfi.c.obj (.text._pconv_e)
                  000022cc    0000010c     libclang_rt.builtins.a : divdf3.S.obj (.text.__divdf3)
                  000023d8    00000104     OLED.o (.text.OLED_Update)
                  000024dc    000000e4     libclang_rt.builtins.a : muldf3.S.obj (.text.__muldf3)
                  000025c0    000000d8     libc.a : s_scalbn.c.obj (.text.scalbn)
                  00002698    000000a8     delay.o (.text.delay_ms)
                  00002740    000000a2     libclang_rt.builtins.a : udivmoddi4.S.obj (.text)
                  000027e2    0000009a     libc.a : memcpy16.S.obj (.text:memcpy)
                  0000287c    00000004     libsysbm.a : hostexit.c.obj (.text.HOSTexit)
                  00002880    00000088     libc.a : strcmp-armv6m.S.obj (.text:strcmp)
                  00002908    0000007c            : copy_decompress_lzss.c.obj (.text:decompress:lzss)
                  00002984    00000074     libclang_rt.builtins.a : comparedf2.c.obj (.text.__gedf2)
                  000029f8    00000008     ti_msp_dl_config.o (.text.SYSCFG_DL_DMA_init)
                  00002a00    00000074     libclang_rt.builtins.a : truncdfsf2.S.obj (.text.__truncdfsf2)
                  00002a74    0000006c     ti_msp_dl_config.o (.text.SYSCFG_DL_UART_JY901S_init)
                  00002ae0    00000068     libclang_rt.builtins.a : comparedf2.c.obj (.text.__ledf2)
                  00002b48    00000066     libc.a : _printfi.c.obj (.text._mcpy)
                  00002bae    00000002     libclang_rt.builtins.a : aeabi_div0.c.obj (.text.__aeabi_idiv0)
                  00002bb0    00000064     OLED.o (.text.OLED_ClearArea)
                  00002c14    00000062     libclang_rt.builtins.a : aeabi_dcmp.S.obj (.text.__aeabi_dcmp)
                  00002c76    00000062     libc.a : memset16.S.obj (.text:memset)
                  00002cd8    0000005c            : s_frexp.c.obj (.text.frexp)
                  00002d34    00000058            : _ltoa.c.obj (.text.__TI_ltoa)
                  00002d8c    00000058            : _printfi.c.obj (.text._pconv_f)
                  00002de4    00000056     libclang_rt.builtins.a : aeabi_idivmod.S.obj (.text.__aeabi_idivmod)
                  00002e3a    00000052     libc.a : _printfi.c.obj (.text._ecpy)
                  00002e8c    0000004c     driverlib.a : dl_dma.o (.text.DL_DMA_initChannel)
                  00002ed8    0000004a     libclang_rt.builtins.a : fixdfsi.S.obj (.text.__fixdfsi)
                  00002f22    00000002                            : aeabi_div0.c.obj (.text.__aeabi_ldiv0)
                  00002f24    00000048     driverlib.a : dl_uart.o (.text.DL_UART_init)
                  00002f6c    00000040     ti_msp_dl_config.o (.text.SYSCFG_DL_SYSCTL_init)
                  00002fac    00000040     libclang_rt.builtins.a : aeabi_uidivmod.S.obj (.text.__aeabi_uidivmod)
                  00002fec    00000040                            : extendsfdf2.S.obj (.text.__extendsfdf2)
                  0000302c    00000040     libc.a : atoi.c.obj (.text.atoi)
                  0000306c    0000003c            : autoinit.c.obj (.text:__TI_auto_init_nobinit_nopinit)
                  000030a8    0000003a     libclang_rt.builtins.a : muldsi3.S.obj (.text.__muldsi3)
                  000030e2    00000002     --HOLE-- [fill = 0]
                  000030e4    00000034     ti_msp_dl_config.o (.text.SYSCFG_DL_initPower)
                  00003118    00000030     ti_msp_dl_config.o (.text.SYSCFG_DL_DMA_UART_JY901S_init)
                  00003148    00000030     libc.a : _printfi.c.obj (.text._fcpy)
                  00003178    0000002c     libclang_rt.builtins.a : floatsidf.S.obj (.text.__floatsidf)
                  000031a4    0000002c     libc.a : vsprintf.c.obj (.text.vsprintf)
                  000031d0    00000028     OLED.o (.text.OLED_Printf)
                  000031f8    00000028     ti_msp_dl_config.o (.text.SYSCFG_DL_GPIO_init)
                  00003220    00000028     libc.a : boot_cortex_m.c.obj (.text:_c_int00_noargs)
                  00003248    00000024     ti_msp_dl_config.o (.text.SYSCFG_DL_init)
                  0000326c    00000024     libclang_rt.builtins.a : muldi3.S.obj (.text.__muldi3)
                  00003290    00000022     libc.a : memccpy.c.obj (.text.memccpy)
                  000032b2    00000002     --HOLE-- [fill = 0]
                  000032b4    0000001e     libclang_rt.builtins.a : ashldi3.S.obj (.text.__ashldi3)
                  000032d2    00000018     libc.a : vsprintf.c.obj (.text._outs)
                  000032ea    00000002     --HOLE-- [fill = 0]
                  000032ec    00000014     libclang_rt.builtins.a : aeabi_uldivmod.S.obj (.text.__aeabi_uldivmod)
                  00003300    00000014     libc.a : _printfi.c.obj (.text.strchr)
                  00003314    00000012     driverlib.a : dl_uart.o (.text.DL_UART_setClockConfig)
                  00003326    00000012     libc.a : copy_decompress_none.c.obj (.text:decompress:none)
                  00003338    00000010            : wcslen.c.obj (.text.wcslen)
                  00003348    00000010            : copy_zero_init.c.obj (.text:decompress:ZI)
                  00003358    0000000e     libclang_rt.builtins.a : aeabi_memset.S.obj (.text.__aeabi_memset)
                  00003366    0000000e     libc.a : _printfi.c.obj (.text.strlen)
                  00003374    0000000c     libclang_rt.builtins.a : aeabi_memset.S.obj (.text.__aeabi_memclr)
                  00003380    0000000c     delay.o (.text.delay_init)
                  0000338c    0000000a     driverlib.a : dl_common.o (.text.DL_Common_delayCycles)
                  00003396    0000000a     libc.a : _printfi.c.obj (.text.OUTLINED_FUNCTION_0)
                  000033a0    00000010     libclang_rt.builtins.a : adddf3.S.obj (.tramp.__aeabi_dsub.1)
                  000033b0    0000000a     libc.a : _printfi.c.obj (.text.OUTLINED_FUNCTION_1)
                  000033ba    0000000a            : vsprintf.c.obj (.text._outc)
                  000033c4    00000008            : aeabi_portable.c.obj (.text.__aeabi_errno_addr)
                  000033cc    00000008     libclang_rt.builtins.a : aeabi_memcpy.S.obj (.text.__aeabi_memcpy)
                  000033d4    00000006     libc.a : exit.c.obj (.text:abort)
                  000033da    00000004     startup_mspm0g350x_ticlang.o (.text.Reset_Handler)
                  000033de    00000004     libc.a : pre_init.c.obj (.text._system_pre_init)
                  000033e2    0000000e     --HOLE-- [fill = 0]

.cinit     0    00004010    00000030     
                  00004010    0000000c     (__TI_handler_table)
                  0000401c    00000008     (.cinit..bss.load) [load image, compression = zero_init]
                  00004024    00000007     (.cinit..data.load) [load image, compression = lzss]
                  0000402b    00000001     --HOLE-- [fill = 0]
                  0000402c    00000010     (__TI_cinit_table)
                  0000403c    00000004     --HOLE-- [fill = 0]

.rodata    0    000033f0    00000c20     
                  000033f0    000005f0     OLED_Data.o (.rodata.OLED_F8x16)
                  000039e0    0000023a     OLED_Data.o (.rodata.OLED_F6x8)
                  00003c1a    0000022b     OLED_Data.o (.rodata.OLED_CF16x16)
                  00003e45    00000001     --HOLE-- [fill = 0]
                  00003e46    0000000a     ti_msp_dl_config.o (.rodata.gUART_JY901SConfig)
                  00003e50    00000101     libc.a : aeabi_ctype.S.obj (.rodata:__aeabi_ctype_table_)
                  00003f51    00000002     ti_msp_dl_config.o (.rodata.gUART_JY901SClockConfig)
                  00003f53    00000001     --HOLE-- [fill = 0]
                  00003f54    00000018     ti_msp_dl_config.o (.rodata.gDMA_UART_JY901SConfig)
                  00003f6c    00000016     main.o (.rodata.str1.15159059442110792349.1)
                  00003f82    00000011     libc.a : _printfi.c.obj (.rodata.str1.10348868589481759720.1)
                  00003f93    00000011            : _printfi.c.obj (.rodata.str1.15363888844622738466.1)
                  00003fa4    00000010     main.o (.rodata.str1.8154729771448623357.1)
                  00003fb4    0000000e     main.o (.rodata.str1.12180500075719773345.1)
                  00003fc2    0000000e     main.o (.rodata.str1.14112174005742061988.1)
                  00003fd0    0000000e     main.o (.rodata.str1.17100691992556644108.1)
                  00003fde    0000000e     main.o (.rodata.str1.18227636981041470289.1)
                  00003fec    0000000e     main.o (.rodata.str1.2846389346932560359.1)
                  00003ffa    0000000e     main.o (.rodata.str1.288608917962107522.1)
                  00004008    00000008     --HOLE-- [fill = 0]

.init_array 
*          0    00000000    00000000     UNINITIALIZED

.binit     0    00000000    00000000     

.bss       0    20200000    00000480     UNINITIALIZED
                  20200000    00000400     (.common:OLED_DisplayBuf)
                  20200400    00000042     (.common:rxData)
                  20200442    00000002     --HOLE--
                  20200444    00000030     (.common:gUART_JY901SBackup)
                  20200474    00000004     --HOLE--
                  20200478    00000008     (.common:SYSTEMCLOCK)

.data      0    20200480    00000004     UNINITIALIZED
                  20200480    00000004     libc.a : aeabi_portable.c.obj (.data.__aeabi_errno)

.stack     0    20207e00    00000200     UNINITIALIZED
                  20207e00    00000004     libc.a : boot_cortex_m.c.obj (.stack)
                  20207e04    000001fc     --HOLE--

__llvm_prf_cnts 
*          0    20200000    00000000     UNINITIALIZED

__llvm_prf_bits 
*          0    20200000    00000000     UNINITIALIZED

MODULE SUMMARY

       Module                         code    ro data   rw data
       ------                         ----    -------   -------
    .\
       main.o                         812     122       66     
       ti_msp_dl_config.o             356     36        48     
       startup_mspm0g350x_ticlang.o   6       192       0      
    +--+------------------------------+-------+---------+---------+
       Total:                         1174    350       114    
                                                               
    .\hardware\delay\
       delay.o                        180     0         8      
    +--+------------------------------+-------+---------+---------+
       Total:                         180     0         8      
                                                               
    .\hardware\oled\
       OLED.o                         3764    0         1024   
       OLED_Data.o                    0       2645      0      
    +--+------------------------------+-------+---------+---------+
       Total:                         3764    2645      1024   
                                                               
    C:/ti/mspm0_sdk_2_01_00_03/source/ti/driverlib/lib/ticlang/m0p/mspm0g1x0x_g3x0x/driverlib.a
       dl_uart.o                      90      0         0      
       dl_dma.o                       76      0         0      
       dl_common.o                    10      0         0      
    +--+------------------------------+-------+---------+---------+
       Total:                         176     0         0      
                                                               
    C:\ti\ccs2020\ccs\tools\compiler\ti-cgt-armllvm_4.0.3.LTS\lib\armv6m-ti-none-eabi/c/libc.a
       _printfi.c.obj                 4510    34        0      
       aeabi_ctype.S.obj              0       257       0      
       s_scalbn.c.obj                 216     0         0      
       memcpy16.S.obj                 154     0         0      
       strcmp-armv6m.S.obj            136     0         0      
       copy_decompress_lzss.c.obj     124     0         0      
       memset16.S.obj                 98      0         0      
       s_frexp.c.obj                  92      0         0      
       _ltoa.c.obj                    88      0         0      
       vsprintf.c.obj                 78      0         0      
       atoi.c.obj                     64      0         0      
       autoinit.c.obj                 60      0         0      
       boot_cortex_m.c.obj            40      0         0      
       memccpy.c.obj                  34      0         0      
       copy_decompress_none.c.obj     18      0         0      
       copy_zero_init.c.obj           16      0         0      
       wcslen.c.obj                   16      0         0      
       aeabi_portable.c.obj           8       0         4      
       exit.c.obj                     6       0         0      
       pre_init.c.obj                 4       0         0      
    +--+------------------------------+-------+---------+---------+
       Total:                         5762    291       4      
                                                               
    C:\ti\ccs2020\ccs\tools\compiler\ti-cgt-armllvm_4.0.3.LTS\lib\armv6m-ti-none-eabi/c/libsysbm.a
       hostexit.c.obj                 4       0         0      
    +--+------------------------------+-------+---------+---------+
       Total:                         4       0         0      
                                                               
    C:\ti\ccs2020\ccs\tools\compiler\ti-cgt-armllvm_4.0.3.LTS\lib\armv6m-ti-none-eabi/libclang_rt.builtins.a
       adddf3.S.obj                   418     0         0      
       divdf3.S.obj                   268     0         0      
       muldf3.S.obj                   228     0         0      
       comparedf2.c.obj               220     0         0      
       udivmoddi4.S.obj               162     0         0      
       truncdfsf2.S.obj               116     0         0      
       aeabi_dcmp.S.obj               98      0         0      
       aeabi_idivmod.S.obj            86      0         0      
       fixdfsi.S.obj                  74      0         0      
       aeabi_uidivmod.S.obj           64      0         0      
       extendsfdf2.S.obj              64      0         0      
       muldsi3.S.obj                  58      0         0      
       floatsidf.S.obj                44      0         0      
       muldi3.S.obj                   36      0         0      
       ashldi3.S.obj                  30      0         0      
       aeabi_memset.S.obj             26      0         0      
       aeabi_uldivmod.S.obj           20      0         0      
       aeabi_memcpy.S.obj             8       0         0      
       aeabi_div0.c.obj               4       0         0      
    +--+------------------------------+-------+---------+---------+
       Total:                         2024    0         0      
                                                               
       Stack:                         0       0         512    
       Linker Generated:              0       43        0      
    +--+------------------------------+-------+---------+---------+
       Grand Total:                   13084   3329      1662   


LINKER GENERATED COPY TABLES

__TI_cinit_table @ 0000402c records: 2, size/record: 8, table size: 16
	.bss: load addr=0000401c, load size=00000008 bytes, run addr=20200000, run size=00000480 bytes, compression=zero_init
	.data: load addr=00004024, load size=00000007 bytes, run addr=20200480, run size=00000004 bytes, compression=lzss


LINKER GENERATED HANDLER TABLE

__TI_handler_table @ 00004010 records: 3, size/record: 4, table size: 12
	index: 0, handler: __TI_decompress_lzss
	index: 1, handler: __TI_decompress_none
	index: 2, handler: __TI_zero_init


FAR CALL TRAMPOLINES

callee name               trampoline name
   callee addr  tramp addr   call addr  call info
--------------  -----------  ---------  ----------------
__aeabi_dsub              $Tramp$TT$L$PI$$__aeabi_dsub
   00001edd     000033a0     0000339e   libc.a : _printfi.c.obj (.text.OUTLINED_FUNCTION_0)

[1 trampolines]
[1 trampoline calls]


GLOBAL SYMBOLS: SORTED ALPHABETICALLY BY Name 

address   name                          
-------   ----                          
0000206f  ADC0_IRQHandler               
0000206f  ADC1_IRQHandler               
0000206f  AES_IRQHandler                
0000287c  C$$EXIT                       
0000206f  CANFD0_IRQHandler             
0000206f  DAC0_IRQHandler               
0000338d  DL_Common_delayCycles         
00002e8d  DL_DMA_initChannel            
00002f25  DL_UART_init                  
00003315  DL_UART_setClockConfig        
0000206f  DMA_IRQHandler                
0000206f  Default_Handler               
0000206f  GROUP0_IRQHandler             
0000206f  GROUP1_IRQHandler             
0000287d  HOSTexit                      
0000206f  HardFault_Handler             
0000206f  I2C0_IRQHandler               
0000206f  I2C1_IRQHandler               
0000206f  NMI_Handler                   
00003c1a  OLED_CF16x16                  
00002bb1  OLED_ClearArea                
20200000  OLED_DisplayBuf               
000039e0  OLED_F6x8                     
000033f0  OLED_F8x16                    
00001d21  OLED_Init                     
000031d1  OLED_Printf                   
000014d1  OLED_ShowImage                
00001955  OLED_ShowString               
000023d9  OLED_Update                   
00000e2d  OLED_WriteCommand             
00000a91  OLED_WriteData                
0000206f  PendSV_Handler                
0000206f  RTC_IRQHandler                
000033db  Reset_Handler                 
0000206f  SPI0_IRQHandler               
0000206f  SPI1_IRQHandler               
0000206f  SVC_Handler                   
00003119  SYSCFG_DL_DMA_UART_JY901S_init
000029f9  SYSCFG_DL_DMA_init            
000031f9  SYSCFG_DL_GPIO_init           
00002f6d  SYSCFG_DL_SYSCTL_init         
00002a75  SYSCFG_DL_UART_JY901S_init    
00003249  SYSCFG_DL_init                
000030e5  SYSCFG_DL_initPower           
20200478  SYSTEMCLOCK                   
0000206f  SysTick_Handler               
0000206f  TIMA0_IRQHandler              
0000206f  TIMA1_IRQHandler              
0000206f  TIMG0_IRQHandler              
0000206f  TIMG12_IRQHandler             
0000206f  TIMG6_IRQHandler              
0000206f  TIMG7_IRQHandler              
0000206f  TIMG8_IRQHandler              
0000206f  UART0_IRQHandler              
0000206f  UART1_IRQHandler              
0000206f  UART2_IRQHandler              
0000206f  UART3_IRQHandler              
20208000  __STACK_END                   
00000200  __STACK_SIZE                  
00000000  __TI_ATRegion0_region_sz      
00000000  __TI_ATRegion0_src_addr       
00000000  __TI_ATRegion0_trg_addr       
00000000  __TI_ATRegion1_region_sz      
00000000  __TI_ATRegion1_src_addr       
00000000  __TI_ATRegion1_trg_addr       
00000000  __TI_ATRegion2_region_sz      
00000000  __TI_ATRegion2_src_addr       
00000000  __TI_ATRegion2_trg_addr       
0000402c  __TI_CINIT_Base               
0000403c  __TI_CINIT_Limit              
0000403c  __TI_CINIT_Warm               
00004010  __TI_Handler_Table_Base       
0000401c  __TI_Handler_Table_Limit      
0000306d  __TI_auto_init_nobinit_nopinit
00002909  __TI_decompress_lzss          
00003327  __TI_decompress_none          
00002d35  __TI_ltoa                     
ffffffff  __TI_pprof_out_hndl           
000000c1  __TI_printfi                  
ffffffff  __TI_prof_data_size           
ffffffff  __TI_prof_data_start          
00000000  __TI_static_base__            
00003349  __TI_zero_init                
00001ee7  __adddf3                      
00003e50  __aeabi_ctype_table_          
00003e50  __aeabi_ctype_table_C         
00002a01  __aeabi_d2f                   
00002ed9  __aeabi_d2iz                  
00001ee7  __aeabi_dadd                  
00002c15  __aeabi_dcmpeq                
00002c51  __aeabi_dcmpge                
00002c65  __aeabi_dcmpgt                
00002c3d  __aeabi_dcmple                
00002c29  __aeabi_dcmplt                
000022cd  __aeabi_ddiv                  
000024dd  __aeabi_dmul                  
00001edd  __aeabi_dsub                  
20200480  __aeabi_errno                 
000033c5  __aeabi_errno_addr            
00002fed  __aeabi_f2d                   
00003179  __aeabi_i2d                   
00002de5  __aeabi_idiv                  
00002baf  __aeabi_idiv0                 
00002de5  __aeabi_idivmod               
00002f23  __aeabi_ldiv0                 
000032b5  __aeabi_llsl                  
0000326d  __aeabi_lmul                  
00003375  __aeabi_memclr                
00003375  __aeabi_memclr4               
00003375  __aeabi_memclr8               
000033cd  __aeabi_memcpy                
000033cd  __aeabi_memcpy4               
000033cd  __aeabi_memcpy8               
00003359  __aeabi_memset                
00003359  __aeabi_memset4               
00003359  __aeabi_memset8               
00002fad  __aeabi_uidiv                 
00002fad  __aeabi_uidivmod              
000032ed  __aeabi_uldivmod              
000032b5  __ashldi3                     
ffffffff  __binit__                     
00002ae1  __cmpdf2                      
000022cd  __divdf3                      
00002ae1  __eqdf2                       
00002fed  __extendsfdf2                 
00002ed9  __fixdfsi                     
00003179  __floatsidf                   
00002985  __gedf2                       
00002985  __gtdf2                       
00002ae1  __ledf2                       
00002ae1  __ltdf2                       
UNDEFED   __mpu_init                    
000024dd  __muldf3                      
0000326d  __muldi3                      
000030a9  __muldsi3                     
00002ae1  __nedf2                       
20207e00  __stack                       
20200000  __start___llvm_prf_bits       
20200000  __start___llvm_prf_cnts       
20200000  __stop___llvm_prf_bits        
20200000  __stop___llvm_prf_cnts        
00001edd  __subdf3                      
00002a01  __truncdfsf2                  
00002741  __udivmoddi4                  
00003221  _c_int00_noargs               
UNDEFED   _system_post_cinit            
000033df  _system_pre_init              
000033d5  abort                         
0000302d  atoi                          
ffffffff  binit                         
00003381  delay_init                    
00002699  delay_ms                      
00002cd9  frexp                         
00002cd9  frexpl                        
20200444  gUART_JY901SBackup            
00000000  interruptVectors              
000025c1  ldexp                         
000025c1  ldexpl                        
000011a5  main                          
00003291  memccpy                       
000027e3  memcpy                        
00002c77  memset                        
20200400  rxData                        
000025c1  scalbn                        
000025c1  scalbnl                       
00002881  strcmp                        
000031a5  vsprintf                      
00003339  wcslen                        


GLOBAL SYMBOLS: SORTED BY Symbol Address 

address   name                          
-------   ----                          
00000000  __TI_ATRegion0_region_sz      
00000000  __TI_ATRegion0_src_addr       
00000000  __TI_ATRegion0_trg_addr       
00000000  __TI_ATRegion1_region_sz      
00000000  __TI_ATRegion1_src_addr       
00000000  __TI_ATRegion1_trg_addr       
00000000  __TI_ATRegion2_region_sz      
00000000  __TI_ATRegion2_src_addr       
00000000  __TI_ATRegion2_trg_addr       
00000000  __TI_static_base__            
00000000  interruptVectors              
000000c1  __TI_printfi                  
00000200  __STACK_SIZE                  
00000a91  OLED_WriteData                
00000e2d  OLED_WriteCommand             
000011a5  main                          
000014d1  OLED_ShowImage                
00001955  OLED_ShowString               
00001d21  OLED_Init                     
00001edd  __aeabi_dsub                  
00001edd  __subdf3                      
00001ee7  __adddf3                      
00001ee7  __aeabi_dadd                  
0000206f  ADC0_IRQHandler               
0000206f  ADC1_IRQHandler               
0000206f  AES_IRQHandler                
0000206f  CANFD0_IRQHandler             
0000206f  DAC0_IRQHandler               
0000206f  DMA_IRQHandler                
0000206f  Default_Handler               
0000206f  GROUP0_IRQHandler             
0000206f  GROUP1_IRQHandler             
0000206f  HardFault_Handler             
0000206f  I2C0_IRQHandler               
0000206f  I2C1_IRQHandler               
0000206f  NMI_Handler                   
0000206f  PendSV_Handler                
0000206f  RTC_IRQHandler                
0000206f  SPI0_IRQHandler               
0000206f  SPI1_IRQHandler               
0000206f  SVC_Handler                   
0000206f  SysTick_Handler               
0000206f  TIMA0_IRQHandler              
0000206f  TIMA1_IRQHandler              
0000206f  TIMG0_IRQHandler              
0000206f  TIMG12_IRQHandler             
0000206f  TIMG6_IRQHandler              
0000206f  TIMG7_IRQHandler              
0000206f  TIMG8_IRQHandler              
0000206f  UART0_IRQHandler              
0000206f  UART1_IRQHandler              
0000206f  UART2_IRQHandler              
0000206f  UART3_IRQHandler              
000022cd  __aeabi_ddiv                  
000022cd  __divdf3                      
000023d9  OLED_Update                   
000024dd  __aeabi_dmul                  
000024dd  __muldf3                      
000025c1  ldexp                         
000025c1  ldexpl                        
000025c1  scalbn                        
000025c1  scalbnl                       
00002699  delay_ms                      
00002741  __udivmoddi4                  
000027e3  memcpy                        
0000287c  C$$EXIT                       
0000287d  HOSTexit                      
00002881  strcmp                        
00002909  __TI_decompress_lzss          
00002985  __gedf2                       
00002985  __gtdf2                       
000029f9  SYSCFG_DL_DMA_init            
00002a01  __aeabi_d2f                   
00002a01  __truncdfsf2                  
00002a75  SYSCFG_DL_UART_JY901S_init    
00002ae1  __cmpdf2                      
00002ae1  __eqdf2                       
00002ae1  __ledf2                       
00002ae1  __ltdf2                       
00002ae1  __nedf2                       
00002baf  __aeabi_idiv0                 
00002bb1  OLED_ClearArea                
00002c15  __aeabi_dcmpeq                
00002c29  __aeabi_dcmplt                
00002c3d  __aeabi_dcmple                
00002c51  __aeabi_dcmpge                
00002c65  __aeabi_dcmpgt                
00002c77  memset                        
00002cd9  frexp                         
00002cd9  frexpl                        
00002d35  __TI_ltoa                     
00002de5  __aeabi_idiv                  
00002de5  __aeabi_idivmod               
00002e8d  DL_DMA_initChannel            
00002ed9  __aeabi_d2iz                  
00002ed9  __fixdfsi                     
00002f23  __aeabi_ldiv0                 
00002f25  DL_UART_init                  
00002f6d  SYSCFG_DL_SYSCTL_init         
00002fad  __aeabi_uidiv                 
00002fad  __aeabi_uidivmod              
00002fed  __aeabi_f2d                   
00002fed  __extendsfdf2                 
0000302d  atoi                          
0000306d  __TI_auto_init_nobinit_nopinit
000030a9  __muldsi3                     
000030e5  SYSCFG_DL_initPower           
00003119  SYSCFG_DL_DMA_UART_JY901S_init
00003179  __aeabi_i2d                   
00003179  __floatsidf                   
000031a5  vsprintf                      
000031d1  OLED_Printf                   
000031f9  SYSCFG_DL_GPIO_init           
00003221  _c_int00_noargs               
00003249  SYSCFG_DL_init                
0000326d  __aeabi_lmul                  
0000326d  __muldi3                      
00003291  memccpy                       
000032b5  __aeabi_llsl                  
000032b5  __ashldi3                     
000032ed  __aeabi_uldivmod              
00003315  DL_UART_setClockConfig        
00003327  __TI_decompress_none          
00003339  wcslen                        
00003349  __TI_zero_init                
00003359  __aeabi_memset                
00003359  __aeabi_memset4               
00003359  __aeabi_memset8               
00003375  __aeabi_memclr                
00003375  __aeabi_memclr4               
00003375  __aeabi_memclr8               
00003381  delay_init                    
0000338d  DL_Common_delayCycles         
000033c5  __aeabi_errno_addr            
000033cd  __aeabi_memcpy                
000033cd  __aeabi_memcpy4               
000033cd  __aeabi_memcpy8               
000033d5  abort                         
000033db  Reset_Handler                 
000033df  _system_pre_init              
000033f0  OLED_F8x16                    
000039e0  OLED_F6x8                     
00003c1a  OLED_CF16x16                  
00003e50  __aeabi_ctype_table_          
00003e50  __aeabi_ctype_table_C         
00004010  __TI_Handler_Table_Base       
0000401c  __TI_Handler_Table_Limit      
0000402c  __TI_CINIT_Base               
0000403c  __TI_CINIT_Limit              
0000403c  __TI_CINIT_Warm               
20200000  OLED_DisplayBuf               
20200000  __start___llvm_prf_bits       
20200000  __start___llvm_prf_cnts       
20200000  __stop___llvm_prf_bits        
20200000  __stop___llvm_prf_cnts        
20200400  rxData                        
20200444  gUART_JY901SBackup            
20200478  SYSTEMCLOCK                   
20200480  __aeabi_errno                 
20207e00  __stack                       
20208000  __STACK_END                   
ffffffff  __TI_pprof_out_hndl           
ffffffff  __TI_prof_data_size           
ffffffff  __TI_prof_data_start          
ffffffff  __binit__                     
ffffffff  binit                         
UNDEFED   __mpu_init                    
UNDEFED   _system_post_cinit            

[168 symbols]
