<?xml version="1.0" encoding="ISO-8859-1" ?>
<link_info>
   <banner>TI ARM Clang Linker PC v4.0.3.LTS</banner>
   <copyright>Copyright (c) 1996-2018 Texas Instruments Incorporated</copyright>
   <command_line>C:\ti\ccs2020\ccs\tools\compiler\ti-cgt-armllvm_4.0.3.LTS\bin\tiarmlnk -IC:\ti\ccs2020\ccs\tools\compiler\ti-cgt-armllvm_4.0.3.LTS\lib -o i2c_hardware_oled_driver.out -mi2c_hardware_oled_driver.map -iC:/ti/mspm0_sdk_2_01_00_03/source -iE:/Controller/TI/ccs_project/mspm0g3507/workspace_example/i2c_hardware_oled_driver -iE:/Controller/TI/ccs_project/mspm0g3507/workspace_example/i2c_hardware_oled_driver/Debug/syscfg -iC:/ti/ccs2020/ccs/tools/compiler/ti-cgt-armllvm_4.0.3.LTS/lib --diag_wrap=off --display_error_number --warn_sections --xml_link_info=i2c_hardware_oled_driver_linkInfo.xml --rom_model ./main.o ./ti_msp_dl_config.o ./startup_mspm0g350x_ticlang.o ./hardware/OLED/OLED.o ./hardware/OLED/OLED_Data.o ./hardware/delay/delay.o -l./device_linker.cmd -ldevice.cmd.genlibs -llibc.a --start-group -llibc++.a -llibc++abi.a -llibc.a -llibsys.a -llibsysbm.a -llibclang_rt.builtins.a -llibclang_rt.profile.a --end-group --cg_opt_level=2</command_line>
   <link_time>0x6854347a</link_time>
   <link_errors>0x0</link_errors>
   <output_file>E:\Controller\TI\ccs_project\mspm0g3507\workspace_example\i2c_hardware_oled_driver\Debug\i2c_hardware_oled_driver.out</output_file>
   <entry_point>
      <name>_c_int00_noargs</name>
      <address>0x7565</address>
   </entry_point>
   <input_file_list>
      <input_file id="fl-1">
         <path>E:\Controller\TI\ccs_project\mspm0g3507\workspace_example\i2c_hardware_oled_driver\Debug\.\</path>
         <kind>object</kind>
         <file>main.o</file>
         <name>main.o</name>
      </input_file>
      <input_file id="fl-2">
         <path>E:\Controller\TI\ccs_project\mspm0g3507\workspace_example\i2c_hardware_oled_driver\Debug\.\</path>
         <kind>object</kind>
         <file>ti_msp_dl_config.o</file>
         <name>ti_msp_dl_config.o</name>
      </input_file>
      <input_file id="fl-3">
         <path>E:\Controller\TI\ccs_project\mspm0g3507\workspace_example\i2c_hardware_oled_driver\Debug\.\</path>
         <kind>object</kind>
         <file>startup_mspm0g350x_ticlang.o</file>
         <name>startup_mspm0g350x_ticlang.o</name>
      </input_file>
      <input_file id="fl-4">
         <path>E:\Controller\TI\ccs_project\mspm0g3507\workspace_example\i2c_hardware_oled_driver\Debug\.\hardware\OLED\</path>
         <kind>object</kind>
         <file>OLED.o</file>
         <name>OLED.o</name>
      </input_file>
      <input_file id="fl-5">
         <path>E:\Controller\TI\ccs_project\mspm0g3507\workspace_example\i2c_hardware_oled_driver\Debug\.\hardware\OLED\</path>
         <kind>object</kind>
         <file>OLED_Data.o</file>
         <name>OLED_Data.o</name>
      </input_file>
      <input_file id="fl-6">
         <path>E:\Controller\TI\ccs_project\mspm0g3507\workspace_example\i2c_hardware_oled_driver\Debug\.\hardware\delay\</path>
         <kind>object</kind>
         <file>delay.o</file>
         <name>delay.o</name>
      </input_file>
      <input_file id="fl-13">
         <path>E:\Controller\TI\ccs_project\mspm0g3507\workspace_example\i2c_hardware_oled_driver\Debug\</path>
         <kind>object</kind>
         <file>&lt;internal&gt;</file>
         <name>&lt;internal&gt;</name>
      </input_file>
      <input_file id="fl-14">
         <path>C:\ti\mspm0_sdk_2_01_00_03\source\ti\driverlib\lib\ticlang\m0p\mspm0g1x0x_g3x0x\</path>
         <kind>archive</kind>
         <file>driverlib.a</file>
         <name>dl_common.o</name>
      </input_file>
      <input_file id="fl-15">
         <path>C:\ti\mspm0_sdk_2_01_00_03\source\ti\driverlib\lib\ticlang\m0p\mspm0g1x0x_g3x0x\</path>
         <kind>archive</kind>
         <file>driverlib.a</file>
         <name>dl_i2c.o</name>
      </input_file>
      <input_file id="fl-2c">
         <path>C:\ti\ccs2020\ccs\tools\compiler\ti-cgt-armllvm_4.0.3.LTS\lib\armv6m-ti-none-eabi\c\</path>
         <kind>archive</kind>
         <file>libc.a</file>
         <name>vsprintf.c.obj</name>
      </input_file>
      <input_file id="fl-2d">
         <path>C:\ti\ccs2020\ccs\tools\compiler\ti-cgt-armllvm_4.0.3.LTS\lib\armv6m-ti-none-eabi\c\</path>
         <kind>archive</kind>
         <file>libc.a</file>
         <name>e_atan2.c.obj</name>
      </input_file>
      <input_file id="fl-2e">
         <path>C:\ti\ccs2020\ccs\tools\compiler\ti-cgt-armllvm_4.0.3.LTS\lib\armv6m-ti-none-eabi\c\</path>
         <kind>archive</kind>
         <file>libc.a</file>
         <name>s_atan.c.obj</name>
      </input_file>
      <input_file id="fl-2f">
         <path>C:\ti\ccs2020\ccs\tools\compiler\ti-cgt-armllvm_4.0.3.LTS\lib\armv6m-ti-none-eabi\c\</path>
         <kind>archive</kind>
         <file>libc.a</file>
         <name>s_round.c.obj</name>
      </input_file>
      <input_file id="fl-30">
         <path>C:\ti\ccs2020\ccs\tools\compiler\ti-cgt-armllvm_4.0.3.LTS\lib\armv6m-ti-none-eabi\c\</path>
         <kind>archive</kind>
         <file>libc.a</file>
         <name>strcmp-armv6m.S.obj</name>
      </input_file>
      <input_file id="fl-31">
         <path>C:\ti\ccs2020\ccs\tools\compiler\ti-cgt-armllvm_4.0.3.LTS\lib\armv6m-ti-none-eabi\c\</path>
         <kind>archive</kind>
         <file>libc.a</file>
         <name>boot_cortex_m.c.obj</name>
      </input_file>
      <input_file id="fl-32">
         <path>C:\ti\ccs2020\ccs\tools\compiler\ti-cgt-armllvm_4.0.3.LTS\lib\armv6m-ti-none-eabi\c\</path>
         <kind>archive</kind>
         <file>libc.a</file>
         <name>mathacl_init.c.obj</name>
      </input_file>
      <input_file id="fl-33">
         <path>C:\ti\ccs2020\ccs\tools\compiler\ti-cgt-armllvm_4.0.3.LTS\lib\armv6m-ti-none-eabi\c\</path>
         <kind>archive</kind>
         <file>libc.a</file>
         <name>autoinit.c.obj</name>
      </input_file>
      <input_file id="fl-34">
         <path>C:\ti\ccs2020\ccs\tools\compiler\ti-cgt-armllvm_4.0.3.LTS\lib\armv6m-ti-none-eabi\c\</path>
         <kind>archive</kind>
         <file>libc.a</file>
         <name>pre_init.c.obj</name>
      </input_file>
      <input_file id="fl-35">
         <path>C:\ti\ccs2020\ccs\tools\compiler\ti-cgt-armllvm_4.0.3.LTS\lib\armv6m-ti-none-eabi\c\</path>
         <kind>archive</kind>
         <file>libc.a</file>
         <name>cpy_tbl.c.obj</name>
      </input_file>
      <input_file id="fl-36">
         <path>C:\ti\ccs2020\ccs\tools\compiler\ti-cgt-armllvm_4.0.3.LTS\lib\armv6m-ti-none-eabi\c\</path>
         <kind>archive</kind>
         <file>libc.a</file>
         <name>copy_zero_init.c.obj</name>
      </input_file>
      <input_file id="fl-37">
         <path>C:\ti\ccs2020\ccs\tools\compiler\ti-cgt-armllvm_4.0.3.LTS\lib\armv6m-ti-none-eabi\c\</path>
         <kind>archive</kind>
         <file>libc.a</file>
         <name>copy_decompress_none.c.obj</name>
      </input_file>
      <input_file id="fl-38">
         <path>C:\ti\ccs2020\ccs\tools\compiler\ti-cgt-armllvm_4.0.3.LTS\lib\armv6m-ti-none-eabi\c\</path>
         <kind>archive</kind>
         <file>libc.a</file>
         <name>copy_decompress_lzss.c.obj</name>
      </input_file>
      <input_file id="fl-39">
         <path>C:\ti\ccs2020\ccs\tools\compiler\ti-cgt-armllvm_4.0.3.LTS\lib\armv6m-ti-none-eabi\c\</path>
         <kind>archive</kind>
         <file>libc.a</file>
         <name>_printfi.c.obj</name>
      </input_file>
      <input_file id="fl-3a">
         <path>C:\ti\ccs2020\ccs\tools\compiler\ti-cgt-armllvm_4.0.3.LTS\lib\armv6m-ti-none-eabi\c\</path>
         <kind>archive</kind>
         <file>libc.a</file>
         <name>s_floor.c.obj</name>
      </input_file>
      <input_file id="fl-3b">
         <path>C:\ti\ccs2020\ccs\tools\compiler\ti-cgt-armllvm_4.0.3.LTS\lib\armv6m-ti-none-eabi\c\</path>
         <kind>archive</kind>
         <file>libc.a</file>
         <name>s_frexp.c.obj</name>
      </input_file>
      <input_file id="fl-3c">
         <path>C:\ti\ccs2020\ccs\tools\compiler\ti-cgt-armllvm_4.0.3.LTS\lib\armv6m-ti-none-eabi\c\</path>
         <kind>archive</kind>
         <file>libc.a</file>
         <name>s_scalbn.c.obj</name>
      </input_file>
      <input_file id="fl-3d">
         <path>C:\ti\ccs2020\ccs\tools\compiler\ti-cgt-armllvm_4.0.3.LTS\lib\armv6m-ti-none-eabi\c\</path>
         <kind>archive</kind>
         <file>libc.a</file>
         <name>wcslen.c.obj</name>
      </input_file>
      <input_file id="fl-3e">
         <path>C:\ti\ccs2020\ccs\tools\compiler\ti-cgt-armllvm_4.0.3.LTS\lib\armv6m-ti-none-eabi\c\</path>
         <kind>archive</kind>
         <file>libc.a</file>
         <name>aeabi_portable.c.obj</name>
      </input_file>
      <input_file id="fl-3f">
         <path>C:\ti\ccs2020\ccs\tools\compiler\ti-cgt-armllvm_4.0.3.LTS\lib\armv6m-ti-none-eabi\c\</path>
         <kind>archive</kind>
         <file>libc.a</file>
         <name>exit.c.obj</name>
      </input_file>
      <input_file id="fl-40">
         <path>C:\ti\ccs2020\ccs\tools\compiler\ti-cgt-armllvm_4.0.3.LTS\lib\armv6m-ti-none-eabi\c\</path>
         <kind>archive</kind>
         <file>libc.a</file>
         <name>_lock.c.obj</name>
      </input_file>
      <input_file id="fl-41">
         <path>C:\ti\ccs2020\ccs\tools\compiler\ti-cgt-armllvm_4.0.3.LTS\lib\armv6m-ti-none-eabi\c\</path>
         <kind>archive</kind>
         <file>libc.a</file>
         <name>_ltoa.c.obj</name>
      </input_file>
      <input_file id="fl-42">
         <path>C:\ti\ccs2020\ccs\tools\compiler\ti-cgt-armllvm_4.0.3.LTS\lib\armv6m-ti-none-eabi\c\</path>
         <kind>archive</kind>
         <file>libc.a</file>
         <name>args_main.c.obj</name>
      </input_file>
      <input_file id="fl-43">
         <path>C:\ti\ccs2020\ccs\tools\compiler\ti-cgt-armllvm_4.0.3.LTS\lib\armv6m-ti-none-eabi\c\</path>
         <kind>archive</kind>
         <file>libc.a</file>
         <name>assert.c.obj</name>
      </input_file>
      <input_file id="fl-44">
         <path>C:\ti\ccs2020\ccs\tools\compiler\ti-cgt-armllvm_4.0.3.LTS\lib\armv6m-ti-none-eabi\c\</path>
         <kind>archive</kind>
         <file>libc.a</file>
         <name>atoi.c.obj</name>
      </input_file>
      <input_file id="fl-45">
         <path>C:\ti\ccs2020\ccs\tools\compiler\ti-cgt-armllvm_4.0.3.LTS\lib\armv6m-ti-none-eabi\c\</path>
         <kind>archive</kind>
         <file>libc.a</file>
         <name>defs.c.obj</name>
      </input_file>
      <input_file id="fl-46">
         <path>C:\ti\ccs2020\ccs\tools\compiler\ti-cgt-armllvm_4.0.3.LTS\lib\armv6m-ti-none-eabi\c\</path>
         <kind>archive</kind>
         <file>libc.a</file>
         <name>memccpy.c.obj</name>
      </input_file>
      <input_file id="fl-47">
         <path>C:\ti\ccs2020\ccs\tools\compiler\ti-cgt-armllvm_4.0.3.LTS\lib\armv6m-ti-none-eabi\c\</path>
         <kind>archive</kind>
         <file>libc.a</file>
         <name>memory.c.obj</name>
      </input_file>
      <input_file id="fl-48">
         <path>C:\ti\ccs2020\ccs\tools\compiler\ti-cgt-armllvm_4.0.3.LTS\lib\armv6m-ti-none-eabi\c\</path>
         <kind>archive</kind>
         <file>libc.a</file>
         <name>sprintf.c.obj</name>
      </input_file>
      <input_file id="fl-49">
         <path>C:\ti\ccs2020\ccs\tools\compiler\ti-cgt-armllvm_4.0.3.LTS\lib\armv6m-ti-none-eabi\c\</path>
         <kind>archive</kind>
         <file>libc.a</file>
         <name>fflush.c.obj</name>
      </input_file>
      <input_file id="fl-4a">
         <path>C:\ti\ccs2020\ccs\tools\compiler\ti-cgt-armllvm_4.0.3.LTS\lib\armv6m-ti-none-eabi\c\</path>
         <kind>archive</kind>
         <file>libc.a</file>
         <name>fputs.c.obj</name>
      </input_file>
      <input_file id="fl-4b">
         <path>C:\ti\ccs2020\ccs\tools\compiler\ti-cgt-armllvm_4.0.3.LTS\lib\armv6m-ti-none-eabi\c\</path>
         <kind>archive</kind>
         <file>libc.a</file>
         <name>_io_perm.c.obj</name>
      </input_file>
      <input_file id="fl-4c">
         <path>C:\ti\ccs2020\ccs\tools\compiler\ti-cgt-armllvm_4.0.3.LTS\lib\armv6m-ti-none-eabi\c\</path>
         <kind>archive</kind>
         <file>libc.a</file>
         <name>setvbuf.c.obj</name>
      </input_file>
      <input_file id="fl-4d">
         <path>C:\ti\ccs2020\ccs\tools\compiler\ti-cgt-armllvm_4.0.3.LTS\lib\armv6m-ti-none-eabi\c\</path>
         <kind>archive</kind>
         <file>libc.a</file>
         <name>aeabi_ctype.S.obj</name>
      </input_file>
      <input_file id="fl-4e">
         <path>C:\ti\ccs2020\ccs\tools\compiler\ti-cgt-armllvm_4.0.3.LTS\lib\armv6m-ti-none-eabi\c\</path>
         <kind>archive</kind>
         <file>libc.a</file>
         <name>fopen.c.obj</name>
      </input_file>
      <input_file id="fl-4f">
         <path>C:\ti\ccs2020\ccs\tools\compiler\ti-cgt-armllvm_4.0.3.LTS\lib\armv6m-ti-none-eabi\c\</path>
         <kind>archive</kind>
         <file>libc.a</file>
         <name>fseek.c.obj</name>
      </input_file>
      <input_file id="fl-50">
         <path>C:\ti\ccs2020\ccs\tools\compiler\ti-cgt-armllvm_4.0.3.LTS\lib\armv6m-ti-none-eabi\c\</path>
         <kind>archive</kind>
         <file>libc.a</file>
         <name>fclose.c.obj</name>
      </input_file>
      <input_file id="fl-f0">
         <path>C:\ti\ccs2020\ccs\tools\compiler\ti-cgt-armllvm_4.0.3.LTS\lib\armv6m-ti-none-eabi\c\</path>
         <kind>archive</kind>
         <file>libsysbm.a</file>
         <name>hostexit.c.obj</name>
      </input_file>
      <input_file id="fl-f1">
         <path>C:\ti\ccs2020\ccs\tools\compiler\ti-cgt-armllvm_4.0.3.LTS\lib\armv6m-ti-none-eabi\c\</path>
         <kind>archive</kind>
         <file>libsysbm.a</file>
         <name>write.c.obj</name>
      </input_file>
      <input_file id="fl-f2">
         <path>C:\ti\ccs2020\ccs\tools\compiler\ti-cgt-armllvm_4.0.3.LTS\lib\armv6m-ti-none-eabi\c\</path>
         <kind>archive</kind>
         <file>libsysbm.a</file>
         <name>host_device.c.obj</name>
      </input_file>
      <input_file id="fl-f3">
         <path>C:\ti\ccs2020\ccs\tools\compiler\ti-cgt-armllvm_4.0.3.LTS\lib\armv6m-ti-none-eabi\c\</path>
         <kind>archive</kind>
         <file>libsysbm.a</file>
         <name>remove.c.obj</name>
      </input_file>
      <input_file id="fl-f4">
         <path>C:\ti\ccs2020\ccs\tools\compiler\ti-cgt-armllvm_4.0.3.LTS\lib\armv6m-ti-none-eabi\c\</path>
         <kind>archive</kind>
         <file>libsysbm.a</file>
         <name>open.c.obj</name>
      </input_file>
      <input_file id="fl-f5">
         <path>C:\ti\ccs2020\ccs\tools\compiler\ti-cgt-armllvm_4.0.3.LTS\lib\armv6m-ti-none-eabi\c\</path>
         <kind>archive</kind>
         <file>libsysbm.a</file>
         <name>lseek.c.obj</name>
      </input_file>
      <input_file id="fl-f6">
         <path>C:\ti\ccs2020\ccs\tools\compiler\ti-cgt-armllvm_4.0.3.LTS\lib\armv6m-ti-none-eabi\c\</path>
         <kind>archive</kind>
         <file>libsysbm.a</file>
         <name>close.c.obj</name>
      </input_file>
      <input_file id="fl-f7">
         <path>C:\ti\ccs2020\ccs\tools\compiler\ti-cgt-armllvm_4.0.3.LTS\lib\armv6m-ti-none-eabi\c\</path>
         <kind>archive</kind>
         <file>libsysbm.a</file>
         <name>unlink.c.obj</name>
      </input_file>
      <input_file id="fl-f8">
         <path>C:\ti\ccs2020\ccs\tools\compiler\ti-cgt-armllvm_4.0.3.LTS\lib\armv6m-ti-none-eabi\c\</path>
         <kind>archive</kind>
         <file>libsysbm.a</file>
         <name>hostclose.c.obj</name>
      </input_file>
      <input_file id="fl-f9">
         <path>C:\ti\ccs2020\ccs\tools\compiler\ti-cgt-armllvm_4.0.3.LTS\lib\armv6m-ti-none-eabi\c\</path>
         <kind>archive</kind>
         <file>libsysbm.a</file>
         <name>hostlseek.c.obj</name>
      </input_file>
      <input_file id="fl-fa">
         <path>C:\ti\ccs2020\ccs\tools\compiler\ti-cgt-armllvm_4.0.3.LTS\lib\armv6m-ti-none-eabi\c\</path>
         <kind>archive</kind>
         <file>libsysbm.a</file>
         <name>hostopen.c.obj</name>
      </input_file>
      <input_file id="fl-fb">
         <path>C:\ti\ccs2020\ccs\tools\compiler\ti-cgt-armllvm_4.0.3.LTS\lib\armv6m-ti-none-eabi\c\</path>
         <kind>archive</kind>
         <file>libsysbm.a</file>
         <name>hostread.c.obj</name>
      </input_file>
      <input_file id="fl-fc">
         <path>C:\ti\ccs2020\ccs\tools\compiler\ti-cgt-armllvm_4.0.3.LTS\lib\armv6m-ti-none-eabi\c\</path>
         <kind>archive</kind>
         <file>libsysbm.a</file>
         <name>hostrename.c.obj</name>
      </input_file>
      <input_file id="fl-fd">
         <path>C:\ti\ccs2020\ccs\tools\compiler\ti-cgt-armllvm_4.0.3.LTS\lib\armv6m-ti-none-eabi\c\</path>
         <kind>archive</kind>
         <file>libsysbm.a</file>
         <name>hostunlink.c.obj</name>
      </input_file>
      <input_file id="fl-fe">
         <path>C:\ti\ccs2020\ccs\tools\compiler\ti-cgt-armllvm_4.0.3.LTS\lib\armv6m-ti-none-eabi\c\</path>
         <kind>archive</kind>
         <file>libsysbm.a</file>
         <name>hostwrite.c.obj</name>
      </input_file>
      <input_file id="fl-ff">
         <path>C:\ti\ccs2020\ccs\tools\compiler\ti-cgt-armllvm_4.0.3.LTS\lib\armv6m-ti-none-eabi\c\</path>
         <kind>archive</kind>
         <file>libsysbm.a</file>
         <name>trgmsg.c.obj</name>
      </input_file>
      <input_file id="fl-100">
         <path>C:\ti\ccs2020\ccs\tools\compiler\ti-cgt-armllvm_4.0.3.LTS\lib\armv6m-ti-none-eabi\</path>
         <kind>archive</kind>
         <file>libclang_rt.builtins.a</file>
         <name>addsf3.S.obj</name>
      </input_file>
      <input_file id="fl-101">
         <path>C:\ti\ccs2020\ccs\tools\compiler\ti-cgt-armllvm_4.0.3.LTS\lib\armv6m-ti-none-eabi\</path>
         <kind>archive</kind>
         <file>libclang_rt.builtins.a</file>
         <name>adddf3.S.obj</name>
      </input_file>
      <input_file id="fl-102">
         <path>C:\ti\ccs2020\ccs\tools\compiler\ti-cgt-armllvm_4.0.3.LTS\lib\armv6m-ti-none-eabi\</path>
         <kind>archive</kind>
         <file>libclang_rt.builtins.a</file>
         <name>muldf3.S.obj</name>
      </input_file>
      <input_file id="fl-103">
         <path>C:\ti\ccs2020\ccs\tools\compiler\ti-cgt-armllvm_4.0.3.LTS\lib\armv6m-ti-none-eabi\</path>
         <kind>archive</kind>
         <file>libclang_rt.builtins.a</file>
         <name>muldsi3.S.obj</name>
      </input_file>
      <input_file id="fl-104">
         <path>C:\ti\ccs2020\ccs\tools\compiler\ti-cgt-armllvm_4.0.3.LTS\lib\armv6m-ti-none-eabi\</path>
         <kind>archive</kind>
         <file>libclang_rt.builtins.a</file>
         <name>divdf3.S.obj</name>
      </input_file>
      <input_file id="fl-105">
         <path>C:\ti\ccs2020\ccs\tools\compiler\ti-cgt-armllvm_4.0.3.LTS\lib\armv6m-ti-none-eabi\</path>
         <kind>archive</kind>
         <file>libclang_rt.builtins.a</file>
         <name>fixdfsi.S.obj</name>
      </input_file>
      <input_file id="fl-106">
         <path>C:\ti\ccs2020\ccs\tools\compiler\ti-cgt-armllvm_4.0.3.LTS\lib\armv6m-ti-none-eabi\</path>
         <kind>archive</kind>
         <file>libclang_rt.builtins.a</file>
         <name>fixunsdfsi.S.obj</name>
      </input_file>
      <input_file id="fl-107">
         <path>C:\ti\ccs2020\ccs\tools\compiler\ti-cgt-armllvm_4.0.3.LTS\lib\armv6m-ti-none-eabi\</path>
         <kind>archive</kind>
         <file>libclang_rt.builtins.a</file>
         <name>floatsidf.S.obj</name>
      </input_file>
      <input_file id="fl-108">
         <path>C:\ti\ccs2020\ccs\tools\compiler\ti-cgt-armllvm_4.0.3.LTS\lib\armv6m-ti-none-eabi\</path>
         <kind>archive</kind>
         <file>libclang_rt.builtins.a</file>
         <name>floatsisf.S.obj</name>
      </input_file>
      <input_file id="fl-109">
         <path>C:\ti\ccs2020\ccs\tools\compiler\ti-cgt-armllvm_4.0.3.LTS\lib\armv6m-ti-none-eabi\</path>
         <kind>archive</kind>
         <file>libclang_rt.builtins.a</file>
         <name>floatunsidf.S.obj</name>
      </input_file>
      <input_file id="fl-10a">
         <path>C:\ti\ccs2020\ccs\tools\compiler\ti-cgt-armllvm_4.0.3.LTS\lib\armv6m-ti-none-eabi\</path>
         <kind>archive</kind>
         <file>libclang_rt.builtins.a</file>
         <name>muldi3.S.obj</name>
      </input_file>
      <input_file id="fl-10b">
         <path>C:\ti\ccs2020\ccs\tools\compiler\ti-cgt-armllvm_4.0.3.LTS\lib\armv6m-ti-none-eabi\</path>
         <kind>archive</kind>
         <file>libclang_rt.builtins.a</file>
         <name>truncdfsf2.S.obj</name>
      </input_file>
      <input_file id="fl-10c">
         <path>C:\ti\ccs2020\ccs\tools\compiler\ti-cgt-armllvm_4.0.3.LTS\lib\armv6m-ti-none-eabi\</path>
         <kind>archive</kind>
         <file>libclang_rt.builtins.a</file>
         <name>aeabi_dcmp.S.obj</name>
      </input_file>
      <input_file id="fl-10d">
         <path>C:\ti\ccs2020\ccs\tools\compiler\ti-cgt-armllvm_4.0.3.LTS\lib\armv6m-ti-none-eabi\</path>
         <kind>archive</kind>
         <file>libclang_rt.builtins.a</file>
         <name>aeabi_fcmp.S.obj</name>
      </input_file>
      <input_file id="fl-10e">
         <path>C:\ti\ccs2020\ccs\tools\compiler\ti-cgt-armllvm_4.0.3.LTS\lib\armv6m-ti-none-eabi\</path>
         <kind>archive</kind>
         <file>libclang_rt.builtins.a</file>
         <name>aeabi_idivmod.S.obj</name>
      </input_file>
      <input_file id="fl-10f">
         <path>C:\ti\ccs2020\ccs\tools\compiler\ti-cgt-armllvm_4.0.3.LTS\lib\armv6m-ti-none-eabi\</path>
         <kind>archive</kind>
         <file>libclang_rt.builtins.a</file>
         <name>aeabi_memcpy.S.obj</name>
      </input_file>
      <input_file id="fl-110">
         <path>C:\ti\ccs2020\ccs\tools\compiler\ti-cgt-armllvm_4.0.3.LTS\lib\armv6m-ti-none-eabi\</path>
         <kind>archive</kind>
         <file>libclang_rt.builtins.a</file>
         <name>aeabi_memset.S.obj</name>
      </input_file>
      <input_file id="fl-111">
         <path>C:\ti\ccs2020\ccs\tools\compiler\ti-cgt-armllvm_4.0.3.LTS\lib\armv6m-ti-none-eabi\</path>
         <kind>archive</kind>
         <file>libclang_rt.builtins.a</file>
         <name>aeabi_uidivmod.S.obj</name>
      </input_file>
      <input_file id="fl-112">
         <path>C:\ti\ccs2020\ccs\tools\compiler\ti-cgt-armllvm_4.0.3.LTS\lib\armv6m-ti-none-eabi\</path>
         <kind>archive</kind>
         <file>libclang_rt.builtins.a</file>
         <name>aeabi_uldivmod.S.obj</name>
      </input_file>
      <input_file id="fl-113">
         <path>C:\ti\ccs2020\ccs\tools\compiler\ti-cgt-armllvm_4.0.3.LTS\lib\armv6m-ti-none-eabi\</path>
         <kind>archive</kind>
         <file>libclang_rt.builtins.a</file>
         <name>comparesf2.S.obj</name>
      </input_file>
      <input_file id="fl-114">
         <path>C:\ti\ccs2020\ccs\tools\compiler\ti-cgt-armllvm_4.0.3.LTS\lib\armv6m-ti-none-eabi\</path>
         <kind>archive</kind>
         <file>libclang_rt.builtins.a</file>
         <name>udivmoddi4.S.obj</name>
      </input_file>
      <input_file id="fl-115">
         <path>C:\ti\ccs2020\ccs\tools\compiler\ti-cgt-armllvm_4.0.3.LTS\lib\armv6m-ti-none-eabi\</path>
         <kind>archive</kind>
         <file>libclang_rt.builtins.a</file>
         <name>ashldi3.S.obj</name>
      </input_file>
      <input_file id="fl-116">
         <path>C:\ti\ccs2020\ccs\tools\compiler\ti-cgt-armllvm_4.0.3.LTS\lib\armv6m-ti-none-eabi\</path>
         <kind>archive</kind>
         <file>libclang_rt.builtins.a</file>
         <name>comparedf2.c.obj</name>
      </input_file>
      <input_file id="fl-117">
         <path>C:\ti\ccs2020\ccs\tools\compiler\ti-cgt-armllvm_4.0.3.LTS\lib\armv6m-ti-none-eabi\</path>
         <kind>archive</kind>
         <file>libclang_rt.builtins.a</file>
         <name>aeabi_div0.c.obj</name>
      </input_file>
      <input_file id="fl-118">
         <path>C:\ti\ccs2020\ccs\tools\compiler\ti-cgt-armllvm_4.0.3.LTS\lib\armv6m-ti-none-eabi\c\</path>
         <kind>archive</kind>
         <file>libc.a</file>
         <name>getdevice.c.obj</name>
      </input_file>
      <input_file id="fl-119">
         <path>C:\ti\ccs2020\ccs\tools\compiler\ti-cgt-armllvm_4.0.3.LTS\lib\armv6m-ti-none-eabi\c\</path>
         <kind>archive</kind>
         <file>libc.a</file>
         <name>memcpy16.S.obj</name>
      </input_file>
      <input_file id="fl-11a">
         <path>C:\ti\ccs2020\ccs\tools\compiler\ti-cgt-armllvm_4.0.3.LTS\lib\armv6m-ti-none-eabi\c\</path>
         <kind>archive</kind>
         <file>libc.a</file>
         <name>memset16.S.obj</name>
      </input_file>
   </input_file_list>
   <object_component_list>
      <object_component id="oc-18">
         <name>.intvecs</name>
         <load_address>0x0</load_address>
         <readonly>true</readonly>
         <run_address>0x0</run_address>
         <size>0xc0</size>
         <alignment>0x4</alignment>
         <input_file_ref idref="fl-3"/>
      </object_component>
      <object_component id="oc-9f">
         <name>.text.OLED_DrawArc</name>
         <load_address>0xc0</load_address>
         <readonly>true</readonly>
         <executable>true</executable>
         <run_address>0xc0</run_address>
         <size>0xbb4</size>
         <alignment>0x4</alignment>
         <input_file_ref idref="fl-4"/>
      </object_component>
      <object_component id="oc-85">
         <name>.text.OLED_Init</name>
         <load_address>0xc74</load_address>
         <readonly>true</readonly>
         <executable>true</executable>
         <run_address>0xc74</run_address>
         <size>0xa18</size>
         <alignment>0x4</alignment>
         <input_file_ref idref="fl-4"/>
      </object_component>
      <object_component id="oc-1ac">
         <name>.text:__TI_printfi</name>
         <load_address>0x168c</load_address>
         <readonly>true</readonly>
         <executable>true</executable>
         <run_address>0x168c</run_address>
         <size>0x9d0</size>
         <alignment>0x4</alignment>
         <input_file_ref idref="fl-39"/>
      </object_component>
      <object_component id="oc-92">
         <name>.text.OLED_ShowFloatNum</name>
         <load_address>0x205c</load_address>
         <readonly>true</readonly>
         <executable>true</executable>
         <run_address>0x205c</run_address>
         <size>0x948</size>
         <alignment>0x4</alignment>
         <input_file_ref idref="fl-4"/>
      </object_component>
      <object_component id="oc-9e">
         <name>.text.OLED_DrawEllipse</name>
         <load_address>0x29a4</load_address>
         <readonly>true</readonly>
         <executable>true</executable>
         <run_address>0x29a4</run_address>
         <size>0x6a8</size>
         <alignment>0x4</alignment>
         <input_file_ref idref="fl-4"/>
      </object_component>
      <object_component id="oc-9d">
         <name>.text.OLED_DrawCircle</name>
         <load_address>0x304c</load_address>
         <readonly>true</readonly>
         <executable>true</executable>
         <run_address>0x304c</run_address>
         <size>0x644</size>
         <alignment>0x4</alignment>
         <input_file_ref idref="fl-4"/>
      </object_component>
      <object_component id="oc-9a">
         <name>.text.OLED_DrawLine</name>
         <load_address>0x3690</load_address>
         <readonly>true</readonly>
         <executable>true</executable>
         <run_address>0x3690</run_address>
         <size>0x544</size>
         <alignment>0x4</alignment>
         <input_file_ref idref="fl-4"/>
      </object_component>
      <object_component id="oc-8f">
         <name>.text.OLED_ShowSignedNum</name>
         <load_address>0x3bd4</load_address>
         <readonly>true</readonly>
         <executable>true</executable>
         <run_address>0x3bd4</run_address>
         <size>0x46c</size>
         <alignment>0x4</alignment>
         <input_file_ref idref="fl-4"/>
      </object_component>
      <object_component id="oc-8d">
         <name>.text.OLED_ShowNum</name>
         <load_address>0x4040</load_address>
         <readonly>true</readonly>
         <executable>true</executable>
         <run_address>0x4040</run_address>
         <size>0x408</size>
         <alignment>0x4</alignment>
         <input_file_ref idref="fl-4"/>
      </object_component>
      <object_component id="oc-91">
         <name>.text.OLED_ShowBinNum</name>
         <load_address>0x4448</load_address>
         <readonly>true</readonly>
         <executable>true</executable>
         <run_address>0x4448</run_address>
         <size>0x3a8</size>
         <alignment>0x4</alignment>
         <input_file_ref idref="fl-4"/>
      </object_component>
      <object_component id="oc-186">
         <name>.text.atan</name>
         <load_address>0x47f0</load_address>
         <readonly>true</readonly>
         <executable>true</executable>
         <run_address>0x47f0</run_address>
         <size>0x2f8</size>
         <alignment>0x4</alignment>
         <input_file_ref idref="fl-2e"/>
      </object_component>
      <object_component id="oc-63">
         <name>.text.main</name>
         <load_address>0x4ae8</load_address>
         <readonly>true</readonly>
         <executable>true</executable>
         <run_address>0x4ae8</run_address>
         <size>0x2d4</size>
         <alignment>0x4</alignment>
         <input_file_ref idref="fl-1"/>
      </object_component>
      <object_component id="oc-8e">
         <name>.text.OLED_ShowImage</name>
         <load_address>0x4dbc</load_address>
         <readonly>true</readonly>
         <executable>true</executable>
         <run_address>0x4dbc</run_address>
         <size>0x264</size>
         <alignment>0x4</alignment>
         <input_file_ref idref="fl-4"/>
      </object_component>
      <object_component id="oc-1d5">
         <name>.text._pconv_a</name>
         <load_address>0x5020</load_address>
         <readonly>true</readonly>
         <executable>true</executable>
         <run_address>0x5020</run_address>
         <size>0x220</size>
         <alignment>0x4</alignment>
         <input_file_ref idref="fl-39"/>
      </object_component>
      <object_component id="oc-8c">
         <name>.text.OLED_ShowString</name>
         <load_address>0x5240</load_address>
         <readonly>true</readonly>
         <executable>true</executable>
         <run_address>0x5240</run_address>
         <size>0x1f0</size>
         <alignment>0x4</alignment>
         <input_file_ref idref="fl-4"/>
      </object_component>
      <object_component id="oc-1d6">
         <name>.text._pconv_g</name>
         <load_address>0x5430</load_address>
         <readonly>true</readonly>
         <executable>true</executable>
         <run_address>0x5430</run_address>
         <size>0x1dc</size>
         <alignment>0x4</alignment>
         <input_file_ref idref="fl-39"/>
      </object_component>
      <object_component id="oc-9c">
         <name>.text.OLED_DrawTriangle</name>
         <load_address>0x560c</load_address>
         <readonly>true</readonly>
         <executable>true</executable>
         <run_address>0x560c</run_address>
         <size>0x1d8</size>
         <alignment>0x4</alignment>
         <input_file_ref idref="fl-4"/>
      </object_component>
      <object_component id="oc-94">
         <name>.text.OLED_Update</name>
         <load_address>0x57e4</load_address>
         <readonly>true</readonly>
         <executable>true</executable>
         <run_address>0x57e4</run_address>
         <size>0x1ac</size>
         <alignment>0x4</alignment>
         <input_file_ref idref="fl-4"/>
      </object_component>
      <object_component id="oc-f7">
         <name>.text.adddf3_subdf3</name>
         <load_address>0x5990</load_address>
         <readonly>true</readonly>
         <executable>true</executable>
         <run_address>0x5990</run_address>
         <size>0x192</size>
         <alignment>0x4</alignment>
         <input_file_ref idref="fl-101"/>
      </object_component>
      <object_component id="oc-33">
         <name>.text.Default_Handler</name>
         <load_address>0x5b22</load_address>
         <readonly>true</readonly>
         <executable>true</executable>
         <run_address>0x5b22</run_address>
         <size>0x2</size>
         <alignment>0x2</alignment>
         <input_file_ref idref="fl-3"/>
      </object_component>
      <object_component id="oc-12b">
         <name>.text.atan2</name>
         <load_address>0x5b24</load_address>
         <readonly>true</readonly>
         <executable>true</executable>
         <run_address>0x5b24</run_address>
         <size>0x188</size>
         <alignment>0x4</alignment>
         <input_file_ref idref="fl-2d"/>
      </object_component>
      <object_component id="oc-166">
         <name>.text.floor</name>
         <load_address>0x5cac</load_address>
         <readonly>true</readonly>
         <executable>true</executable>
         <run_address>0x5cac</run_address>
         <size>0x144</size>
         <alignment>0x4</alignment>
         <input_file_ref idref="fl-3a"/>
      </object_component>
      <object_component id="oc-9b">
         <name>.text.OLED_DrawRectangle</name>
         <load_address>0x5df0</load_address>
         <readonly>true</readonly>
         <executable>true</executable>
         <run_address>0x5df0</run_address>
         <size>0x13c</size>
         <alignment>0x4</alignment>
         <input_file_ref idref="fl-4"/>
      </object_component>
      <object_component id="oc-1fa">
         <name>.text.fcvt</name>
         <load_address>0x5f2c</load_address>
         <readonly>true</readonly>
         <executable>true</executable>
         <run_address>0x5f2c</run_address>
         <size>0x13c</size>
         <alignment>0x4</alignment>
         <input_file_ref idref="fl-39"/>
      </object_component>
      <object_component id="oc-1d8">
         <name>.text._pconv_e</name>
         <load_address>0x6068</load_address>
         <readonly>true</readonly>
         <executable>true</executable>
         <run_address>0x6068</run_address>
         <size>0x120</size>
         <alignment>0x4</alignment>
         <input_file_ref idref="fl-39"/>
      </object_component>
      <object_component id="oc-dc">
         <name>.text.OLED_SetCursor</name>
         <load_address>0x6188</load_address>
         <readonly>true</readonly>
         <executable>true</executable>
         <run_address>0x6188</run_address>
         <size>0x11c</size>
         <alignment>0x4</alignment>
         <input_file_ref idref="fl-4"/>
      </object_component>
      <object_component id="oc-12f">
         <name>.text.__divdf3</name>
         <load_address>0x62a4</load_address>
         <readonly>true</readonly>
         <executable>true</executable>
         <run_address>0x62a4</run_address>
         <size>0x10c</size>
         <alignment>0x4</alignment>
         <input_file_ref idref="fl-104"/>
      </object_component>
      <object_component id="oc-90">
         <name>.text.OLED_ShowHexNum</name>
         <load_address>0x63b0</load_address>
         <readonly>true</readonly>
         <executable>true</executable>
         <run_address>0x63b0</run_address>
         <size>0xf8</size>
         <alignment>0x4</alignment>
         <input_file_ref idref="fl-4"/>
      </object_component>
      <object_component id="oc-fb">
         <name>.text.__muldf3</name>
         <load_address>0x64a8</load_address>
         <readonly>true</readonly>
         <executable>true</executable>
         <run_address>0x64a8</run_address>
         <size>0xe4</size>
         <alignment>0x4</alignment>
         <input_file_ref idref="fl-102"/>
      </object_component>
      <object_component id="oc-a1">
         <name>.text.OLED_Reverse</name>
         <load_address>0x658c</load_address>
         <readonly>true</readonly>
         <executable>true</executable>
         <run_address>0x658c</run_address>
         <size>0xe0</size>
         <alignment>0x4</alignment>
         <input_file_ref idref="fl-4"/>
      </object_component>
      <object_component id="oc-1ed">
         <name>.text.scalbn</name>
         <load_address>0x666c</load_address>
         <readonly>true</readonly>
         <executable>true</executable>
         <run_address>0x666c</run_address>
         <size>0xd8</size>
         <alignment>0x4</alignment>
         <input_file_ref idref="fl-3c"/>
      </object_component>
      <object_component id="oc-127">
         <name>.text</name>
         <load_address>0x6744</load_address>
         <readonly>true</readonly>
         <executable>true</executable>
         <run_address>0x6744</run_address>
         <size>0xd8</size>
         <alignment>0x4</alignment>
         <input_file_ref idref="fl-100"/>
      </object_component>
      <object_component id="oc-95">
         <name>.text.delay_ms</name>
         <load_address>0x681c</load_address>
         <readonly>true</readonly>
         <executable>true</executable>
         <run_address>0x681c</run_address>
         <size>0xa8</size>
         <alignment>0x4</alignment>
         <input_file_ref idref="fl-6"/>
      </object_component>
      <object_component id="oc-ff">
         <name>.text.round</name>
         <load_address>0x68c4</load_address>
         <readonly>true</readonly>
         <executable>true</executable>
         <run_address>0x68c4</run_address>
         <size>0xa8</size>
         <alignment>0x4</alignment>
         <input_file_ref idref="fl-2f"/>
      </object_component>
      <object_component id="oc-172">
         <name>.text</name>
         <load_address>0x696c</load_address>
         <readonly>true</readonly>
         <executable>true</executable>
         <run_address>0x696c</run_address>
         <size>0xa2</size>
         <alignment>0x4</alignment>
         <input_file_ref idref="fl-114"/>
      </object_component>
      <object_component id="oc-76">
         <name>.text:memcpy</name>
         <load_address>0x6a0e</load_address>
         <readonly>true</readonly>
         <executable>true</executable>
         <run_address>0x6a0e</run_address>
         <size>0x9a</size>
         <alignment>0x1</alignment>
         <input_file_ref idref="fl-119"/>
      </object_component>
      <object_component id="oc-1b6">
         <name>.text.OUTLINED_FUNCTION_2</name>
         <load_address>0x6aa8</load_address>
         <readonly>true</readonly>
         <executable>true</executable>
         <run_address>0x6aa8</run_address>
         <size>0x8</size>
         <alignment>0x2</alignment>
         <input_file_ref idref="fl-2e"/>
      </object_component>
      <object_component id="oc-e2">
         <name>.text:strcmp</name>
         <load_address>0x6ab0</load_address>
         <readonly>true</readonly>
         <executable>true</executable>
         <run_address>0x6ab0</run_address>
         <size>0x88</size>
         <alignment>0x10</alignment>
         <input_file_ref idref="fl-30"/>
      </object_component>
      <object_component id="oc-1c">
         <name>.text:decompress:lzss</name>
         <load_address>0x6b38</load_address>
         <readonly>true</readonly>
         <executable>true</executable>
         <run_address>0x6b38</run_address>
         <size>0x7c</size>
         <alignment>0x4</alignment>
         <input_file_ref idref="fl-38"/>
      </object_component>
      <object_component id="oc-15c">
         <name>.text.__gedf2</name>
         <load_address>0x6bb4</load_address>
         <readonly>true</readonly>
         <executable>true</executable>
         <run_address>0x6bb4</run_address>
         <size>0x74</size>
         <alignment>0x4</alignment>
         <input_file_ref idref="fl-116"/>
      </object_component>
      <object_component id="oc-1cb">
         <name>.text.__aeabi_errno_addr</name>
         <load_address>0x6c28</load_address>
         <readonly>true</readonly>
         <executable>true</executable>
         <run_address>0x6c28</run_address>
         <size>0x8</size>
         <alignment>0x4</alignment>
         <input_file_ref idref="fl-3e"/>
      </object_component>
      <object_component id="oc-11b">
         <name>.text.__truncdfsf2</name>
         <load_address>0x6c30</load_address>
         <readonly>true</readonly>
         <executable>true</executable>
         <run_address>0x6c30</run_address>
         <size>0x74</size>
         <alignment>0x10</alignment>
         <input_file_ref idref="fl-10b"/>
      </object_component>
      <object_component id="oc-156">
         <name>.text.__ledf2</name>
         <load_address>0x6ca4</load_address>
         <readonly>true</readonly>
         <executable>true</executable>
         <run_address>0x6ca4</run_address>
         <size>0x68</size>
         <alignment>0x4</alignment>
         <input_file_ref idref="fl-116"/>
      </object_component>
      <object_component id="oc-1f9">
         <name>.text._mcpy</name>
         <load_address>0x6d0c</load_address>
         <readonly>true</readonly>
         <executable>true</executable>
         <run_address>0x6d0c</run_address>
         <size>0x66</size>
         <alignment>0x2</alignment>
         <input_file_ref idref="fl-39"/>
      </object_component>
      <object_component id="oc-150">
         <name>.text.__aeabi_idiv0</name>
         <load_address>0x6d72</load_address>
         <readonly>true</readonly>
         <executable>true</executable>
         <run_address>0x6d72</run_address>
         <size>0x2</size>
         <alignment>0x2</alignment>
         <input_file_ref idref="fl-117"/>
      </object_component>
      <object_component id="oc-a0">
         <name>.text.OLED_ReverseArea</name>
         <load_address>0x6d74</load_address>
         <readonly>true</readonly>
         <executable>true</executable>
         <run_address>0x6d74</run_address>
         <size>0x64</size>
         <alignment>0x4</alignment>
         <input_file_ref idref="fl-4"/>
      </object_component>
      <object_component id="oc-eb">
         <name>.text.__aeabi_dcmp</name>
         <load_address>0x6dd8</load_address>
         <readonly>true</readonly>
         <executable>true</executable>
         <run_address>0x6dd8</run_address>
         <size>0x62</size>
         <alignment>0x4</alignment>
         <input_file_ref idref="fl-10c"/>
      </object_component>
      <object_component id="oc-1ad">
         <name>.text.__aeabi_ldiv0</name>
         <load_address>0x6e3a</load_address>
         <readonly>true</readonly>
         <executable>true</executable>
         <run_address>0x6e3a</run_address>
         <size>0x2</size>
         <alignment>0x2</alignment>
         <input_file_ref idref="fl-117"/>
      </object_component>
      <object_component id="oc-11f">
         <name>.text.__aeabi_fcmp</name>
         <load_address>0x6e3c</load_address>
         <readonly>true</readonly>
         <executable>true</executable>
         <run_address>0x6e3c</run_address>
         <size>0x62</size>
         <alignment>0x4</alignment>
         <input_file_ref idref="fl-10d"/>
      </object_component>
      <object_component id="oc-cb">
         <name>.text:memset</name>
         <load_address>0x6e9e</load_address>
         <readonly>true</readonly>
         <executable>true</executable>
         <run_address>0x6e9e</run_address>
         <size>0x62</size>
         <alignment>0x1</alignment>
         <input_file_ref idref="fl-11a"/>
      </object_component>
      <object_component id="oc-d6">
         <name>.text.DL_I2C_fillControllerTXFIFO</name>
         <load_address>0x6f00</load_address>
         <readonly>true</readonly>
         <executable>true</executable>
         <run_address>0x6f00</run_address>
         <size>0x5e</size>
         <alignment>0x2</alignment>
         <input_file_ref idref="fl-15"/>
      </object_component>
      <object_component id="oc-1e9">
         <name>.text.frexp</name>
         <load_address>0x6f60</load_address>
         <readonly>true</readonly>
         <executable>true</executable>
         <run_address>0x6f60</run_address>
         <size>0x5c</size>
         <alignment>0x4</alignment>
         <input_file_ref idref="fl-3b"/>
      </object_component>
      <object_component id="oc-1f1">
         <name>.text.__TI_ltoa</name>
         <load_address>0x6fbc</load_address>
         <readonly>true</readonly>
         <executable>true</executable>
         <run_address>0x6fbc</run_address>
         <size>0x58</size>
         <alignment>0x2</alignment>
         <input_file_ref idref="fl-41"/>
      </object_component>
      <object_component id="oc-1d7">
         <name>.text._pconv_f</name>
         <load_address>0x7014</load_address>
         <readonly>true</readonly>
         <executable>true</executable>
         <run_address>0x7014</run_address>
         <size>0x58</size>
         <alignment>0x2</alignment>
         <input_file_ref idref="fl-39"/>
      </object_component>
      <object_component id="oc-113">
         <name>.text.__aeabi_idivmod</name>
         <load_address>0x706c</load_address>
         <readonly>true</readonly>
         <executable>true</executable>
         <run_address>0x706c</run_address>
         <size>0x56</size>
         <alignment>0x4</alignment>
         <input_file_ref idref="fl-10e"/>
      </object_component>
      <object_component id="oc-d0">
         <name>.text.SYSCFG_DL_I2C_OLED_init</name>
         <load_address>0x70c4</load_address>
         <readonly>true</readonly>
         <executable>true</executable>
         <run_address>0x70c4</run_address>
         <size>0x54</size>
         <alignment>0x4</alignment>
         <input_file_ref idref="fl-2"/>
      </object_component>
      <object_component id="oc-1f7">
         <name>.text._ecpy</name>
         <load_address>0x7118</load_address>
         <readonly>true</readonly>
         <executable>true</executable>
         <run_address>0x7118</run_address>
         <size>0x52</size>
         <alignment>0x2</alignment>
         <input_file_ref idref="fl-39"/>
      </object_component>
      <object_component id="oc-133">
         <name>.text.__fixdfsi</name>
         <load_address>0x716c</load_address>
         <readonly>true</readonly>
         <executable>true</executable>
         <run_address>0x716c</run_address>
         <size>0x4a</size>
         <alignment>0x4</alignment>
         <input_file_ref idref="fl-105"/>
      </object_component>
      <object_component id="oc-8b">
         <name>.text.OLED_ShowChar</name>
         <load_address>0x71b8</load_address>
         <readonly>true</readonly>
         <executable>true</executable>
         <run_address>0x71b8</run_address>
         <size>0x44</size>
         <alignment>0x4</alignment>
         <input_file_ref idref="fl-4"/>
      </object_component>
      <object_component id="oc-ef">
         <name>.text.__fixunsdfsi</name>
         <load_address>0x71fc</load_address>
         <readonly>true</readonly>
         <executable>true</executable>
         <run_address>0x71fc</run_address>
         <size>0x42</size>
         <alignment>0x4</alignment>
         <input_file_ref idref="fl-106"/>
      </object_component>
      <object_component id="oc-ce">
         <name>.text.SYSCFG_DL_SYSCTL_init</name>
         <load_address>0x7240</load_address>
         <readonly>true</readonly>
         <executable>true</executable>
         <run_address>0x7240</run_address>
         <size>0x40</size>
         <alignment>0x4</alignment>
         <input_file_ref idref="fl-2"/>
      </object_component>
      <object_component id="oc-e7">
         <name>.text.__aeabi_uidivmod</name>
         <load_address>0x7280</load_address>
         <readonly>true</readonly>
         <executable>true</executable>
         <run_address>0x7280</run_address>
         <size>0x40</size>
         <alignment>0x4</alignment>
         <input_file_ref idref="fl-111"/>
      </object_component>
      <object_component id="oc-1c3">
         <name>.text.atoi</name>
         <load_address>0x72c0</load_address>
         <readonly>true</readonly>
         <executable>true</executable>
         <run_address>0x72c0</run_address>
         <size>0x40</size>
         <alignment>0x4</alignment>
         <input_file_ref idref="fl-44"/>
      </object_component>
      <object_component id="oc-123">
         <name>.text.__floatsisf</name>
         <load_address>0x7300</load_address>
         <readonly>true</readonly>
         <executable>true</executable>
         <run_address>0x7300</run_address>
         <size>0x3c</size>
         <alignment>0x4</alignment>
         <input_file_ref idref="fl-108"/>
      </object_component>
      <object_component id="oc-182">
         <name>.text.__gtsf2</name>
         <load_address>0x733c</load_address>
         <readonly>true</readonly>
         <executable>true</executable>
         <run_address>0x733c</run_address>
         <size>0x3c</size>
         <alignment>0x4</alignment>
         <input_file_ref idref="fl-113"/>
      </object_component>
      <object_component id="oc-b3">
         <name>.text:__TI_auto_init_nobinit_nopinit</name>
         <load_address>0x7378</load_address>
         <readonly>true</readonly>
         <executable>true</executable>
         <run_address>0x7378</run_address>
         <size>0x3c</size>
         <alignment>0x4</alignment>
         <input_file_ref idref="fl-33"/>
      </object_component>
      <object_component id="oc-17d">
         <name>.text.__eqsf2</name>
         <load_address>0x73b4</load_address>
         <readonly>true</readonly>
         <executable>true</executable>
         <run_address>0x73b4</run_address>
         <size>0x3a</size>
         <alignment>0x4</alignment>
         <input_file_ref idref="fl-113"/>
      </object_component>
      <object_component id="oc-161">
         <name>.text.__muldsi3</name>
         <load_address>0x73f0</load_address>
         <readonly>true</readonly>
         <executable>true</executable>
         <run_address>0x73f0</run_address>
         <size>0x3a</size>
         <alignment>0x4</alignment>
         <input_file_ref idref="fl-103"/>
      </object_component>
      <object_component id="oc-cc">
         <name>.text.SYSCFG_DL_initPower</name>
         <load_address>0x742c</load_address>
         <readonly>true</readonly>
         <executable>true</executable>
         <run_address>0x742c</run_address>
         <size>0x34</size>
         <alignment>0x4</alignment>
         <input_file_ref idref="fl-2"/>
      </object_component>
      <object_component id="oc-1f8">
         <name>.text._fcpy</name>
         <load_address>0x7460</load_address>
         <readonly>true</readonly>
         <executable>true</executable>
         <run_address>0x7460</run_address>
         <size>0x30</size>
         <alignment>0x2</alignment>
         <input_file_ref idref="fl-39"/>
      </object_component>
      <object_component id="oc-99">
         <name>.text.OLED_GetPoint</name>
         <load_address>0x7490</load_address>
         <readonly>true</readonly>
         <executable>true</executable>
         <run_address>0x7490</run_address>
         <size>0x2c</size>
         <alignment>0x4</alignment>
         <input_file_ref idref="fl-4"/>
      </object_component>
      <object_component id="oc-117">
         <name>.text.__floatsidf</name>
         <load_address>0x74bc</load_address>
         <readonly>true</readonly>
         <executable>true</executable>
         <run_address>0x74bc</run_address>
         <size>0x2c</size>
         <alignment>0x4</alignment>
         <input_file_ref idref="fl-107"/>
      </object_component>
      <object_component id="oc-105">
         <name>.text.vsprintf</name>
         <load_address>0x74e8</load_address>
         <readonly>true</readonly>
         <executable>true</executable>
         <run_address>0x74e8</run_address>
         <size>0x2c</size>
         <alignment>0x4</alignment>
         <input_file_ref idref="fl-2c"/>
      </object_component>
      <object_component id="oc-98">
         <name>.text.OLED_DrawPoint</name>
         <load_address>0x7514</load_address>
         <readonly>true</readonly>
         <executable>true</executable>
         <run_address>0x7514</run_address>
         <size>0x28</size>
         <alignment>0x4</alignment>
         <input_file_ref idref="fl-4"/>
      </object_component>
      <object_component id="oc-93">
         <name>.text.OLED_Printf</name>
         <load_address>0x753c</load_address>
         <readonly>true</readonly>
         <executable>true</executable>
         <run_address>0x753c</run_address>
         <size>0x28</size>
         <alignment>0x2</alignment>
         <input_file_ref idref="fl-4"/>
      </object_component>
      <object_component id="oc-4f">
         <name>.text:_c_int00_noargs</name>
         <load_address>0x7564</load_address>
         <readonly>true</readonly>
         <executable>true</executable>
         <run_address>0x7564</run_address>
         <size>0x28</size>
         <alignment>0x4</alignment>
         <input_file_ref idref="fl-31"/>
      </object_component>
      <object_component id="oc-14b">
         <name>.text.DL_I2C_setClockConfig</name>
         <load_address>0x758c</load_address>
         <readonly>true</readonly>
         <executable>true</executable>
         <run_address>0x758c</run_address>
         <size>0x26</size>
         <alignment>0x2</alignment>
         <input_file_ref idref="fl-15"/>
      </object_component>
      <object_component id="oc-cd">
         <name>.text.SYSCFG_DL_GPIO_init</name>
         <load_address>0x75b4</load_address>
         <readonly>true</readonly>
         <executable>true</executable>
         <run_address>0x75b4</run_address>
         <size>0x24</size>
         <alignment>0x4</alignment>
         <input_file_ref idref="fl-2"/>
      </object_component>
      <object_component id="oc-f3">
         <name>.text.__floatunsidf</name>
         <load_address>0x75d8</load_address>
         <readonly>true</readonly>
         <executable>true</executable>
         <run_address>0x75d8</run_address>
         <size>0x24</size>
         <alignment>0x4</alignment>
         <input_file_ref idref="fl-109"/>
      </object_component>
      <object_component id="oc-1d0">
         <name>.text.__muldi3</name>
         <load_address>0x75fc</load_address>
         <readonly>true</readonly>
         <executable>true</executable>
         <run_address>0x75fc</run_address>
         <size>0x24</size>
         <alignment>0x4</alignment>
         <input_file_ref idref="fl-10a"/>
      </object_component>
      <object_component id="oc-1bc">
         <name>.text.memccpy</name>
         <load_address>0x7620</load_address>
         <readonly>true</readonly>
         <executable>true</executable>
         <run_address>0x7620</run_address>
         <size>0x22</size>
         <alignment>0x2</alignment>
         <input_file_ref idref="fl-46"/>
      </object_component>
      <object_component id="oc-1ae">
         <name>.text.__ashldi3</name>
         <load_address>0x7644</load_address>
         <readonly>true</readonly>
         <executable>true</executable>
         <run_address>0x7644</run_address>
         <size>0x1e</size>
         <alignment>0x4</alignment>
         <input_file_ref idref="fl-115"/>
      </object_component>
      <object_component id="oc-16e">
         <name>.text._outs</name>
         <load_address>0x7662</load_address>
         <readonly>true</readonly>
         <executable>true</executable>
         <run_address>0x7662</run_address>
         <size>0x18</size>
         <alignment>0x2</alignment>
         <input_file_ref idref="fl-2c"/>
      </object_component>
      <object_component id="oc-97">
         <name>.text.OLED_Clear</name>
         <load_address>0x767c</load_address>
         <readonly>true</readonly>
         <executable>true</executable>
         <run_address>0x767c</run_address>
         <size>0x14</size>
         <alignment>0x4</alignment>
         <input_file_ref idref="fl-4"/>
      </object_component>
      <object_component id="oc-7b">
         <name>.text.SYSCFG_DL_init</name>
         <load_address>0x7690</load_address>
         <readonly>true</readonly>
         <executable>true</executable>
         <run_address>0x7690</run_address>
         <size>0x14</size>
         <alignment>0x2</alignment>
         <input_file_ref idref="fl-2"/>
      </object_component>
      <object_component id="oc-10b">
         <name>.text.__aeabi_uldivmod</name>
         <load_address>0x76a4</load_address>
         <readonly>true</readonly>
         <executable>true</executable>
         <run_address>0x76a4</run_address>
         <size>0x14</size>
         <alignment>0x4</alignment>
         <input_file_ref idref="fl-112"/>
      </object_component>
      <object_component id="oc-1f6">
         <name>.text.strchr</name>
         <load_address>0x76b8</load_address>
         <readonly>true</readonly>
         <executable>true</executable>
         <run_address>0x76b8</run_address>
         <size>0x14</size>
         <alignment>0x2</alignment>
         <input_file_ref idref="fl-39"/>
      </object_component>
      <object_component id="oc-20">
         <name>.text:decompress:none</name>
         <load_address>0x76cc</load_address>
         <readonly>true</readonly>
         <executable>true</executable>
         <run_address>0x76cc</run_address>
         <size>0x12</size>
         <alignment>0x2</alignment>
         <input_file_ref idref="fl-37"/>
      </object_component>
      <object_component id="oc-1c7">
         <name>.text.wcslen</name>
         <load_address>0x76de</load_address>
         <readonly>true</readonly>
         <executable>true</executable>
         <run_address>0x76de</run_address>
         <size>0x10</size>
         <alignment>0x2</alignment>
         <input_file_ref idref="fl-3d"/>
      </object_component>
      <object_component id="oc-4c">
         <name>.text:decompress:ZI</name>
         <load_address>0x76ee</load_address>
         <readonly>true</readonly>
         <executable>true</executable>
         <run_address>0x76ee</run_address>
         <size>0x10</size>
         <alignment>0x2</alignment>
         <input_file_ref idref="fl-36"/>
      </object_component>
      <object_component id="oc-1bb">
         <name>.text.__aeabi_memset</name>
         <load_address>0x7700</load_address>
         <readonly>true</readonly>
         <executable>true</executable>
         <run_address>0x7700</run_address>
         <size>0xe</size>
         <alignment>0x4</alignment>
         <input_file_ref idref="fl-110"/>
      </object_component>
      <object_component id="oc-1ba">
         <name>.text.strlen</name>
         <load_address>0x770e</load_address>
         <readonly>true</readonly>
         <executable>true</executable>
         <run_address>0x770e</run_address>
         <size>0xe</size>
         <alignment>0x2</alignment>
         <input_file_ref idref="fl-39"/>
      </object_component>
      <object_component id="oc-5a">
         <name>.text.__aeabi_memclr</name>
         <load_address>0x771c</load_address>
         <readonly>true</readonly>
         <executable>true</executable>
         <run_address>0x771c</run_address>
         <size>0xc</size>
         <alignment>0x4</alignment>
         <input_file_ref idref="fl-110"/>
      </object_component>
      <object_component id="oc-80">
         <name>.text.delay_init</name>
         <load_address>0x7728</load_address>
         <readonly>true</readonly>
         <executable>true</executable>
         <run_address>0x7728</run_address>
         <size>0xc</size>
         <alignment>0x4</alignment>
         <input_file_ref idref="fl-6"/>
      </object_component>
      <object_component id="oc-10f">
         <name>.text.DL_Common_delayCycles</name>
         <load_address>0x7734</load_address>
         <readonly>true</readonly>
         <executable>true</executable>
         <run_address>0x7734</run_address>
         <size>0xa</size>
         <alignment>0x2</alignment>
         <input_file_ref idref="fl-14"/>
      </object_component>
      <object_component id="oc-1f5">
         <name>.text.OUTLINED_FUNCTION_0</name>
         <load_address>0x773e</load_address>
         <readonly>true</readonly>
         <executable>true</executable>
         <run_address>0x773e</run_address>
         <size>0xa</size>
         <alignment>0x2</alignment>
         <input_file_ref idref="fl-39"/>
      </object_component>
      <object_component id="oc-24c">
         <name>.tramp.__aeabi_dsub.1</name>
         <load_address>0x7748</load_address>
         <readonly>true</readonly>
         <executable>true</executable>
         <run_address>0x7748</run_address>
         <size>0x10</size>
         <alignment>0x4</alignment>
         <input_file_ref idref="fl-101"/>
      </object_component>
      <object_component id="oc-1b5">
         <name>.text.OUTLINED_FUNCTION_0</name>
         <load_address>0x7758</load_address>
         <readonly>true</readonly>
         <executable>true</executable>
         <run_address>0x7758</run_address>
         <size>0xa</size>
         <alignment>0x2</alignment>
         <input_file_ref idref="fl-2e"/>
      </object_component>
      <object_component id="oc-24d">
         <name>.tramp.__aeabi_dmul.1</name>
         <load_address>0x7764</load_address>
         <readonly>true</readonly>
         <executable>true</executable>
         <run_address>0x7764</run_address>
         <size>0x10</size>
         <alignment>0x4</alignment>
         <input_file_ref idref="fl-102"/>
      </object_component>
      <object_component id="oc-1fb">
         <name>.text.OUTLINED_FUNCTION_1</name>
         <load_address>0x7774</load_address>
         <readonly>true</readonly>
         <executable>true</executable>
         <run_address>0x7774</run_address>
         <size>0xa</size>
         <alignment>0x2</alignment>
         <input_file_ref idref="fl-39"/>
      </object_component>
      <object_component id="oc-16f">
         <name>.text._outc</name>
         <load_address>0x777e</load_address>
         <readonly>true</readonly>
         <executable>true</executable>
         <run_address>0x777e</run_address>
         <size>0xa</size>
         <alignment>0x2</alignment>
         <input_file_ref idref="fl-2c"/>
      </object_component>
      <object_component id="oc-16a">
         <name>.text.OUTLINED_FUNCTION_0</name>
         <load_address>0x7788</load_address>
         <readonly>true</readonly>
         <executable>true</executable>
         <run_address>0x7788</run_address>
         <size>0x8</size>
         <alignment>0x2</alignment>
         <input_file_ref idref="fl-2f"/>
      </object_component>
      <object_component id="oc-24e">
         <name>.tramp.__aeabi_dadd.1</name>
         <load_address>0x7790</load_address>
         <readonly>true</readonly>
         <executable>true</executable>
         <run_address>0x7790</run_address>
         <size>0x10</size>
         <alignment>0x4</alignment>
         <input_file_ref idref="fl-101"/>
      </object_component>
      <object_component id="oc-3f">
         <name>.text.__aeabi_memcpy</name>
         <load_address>0x77a0</load_address>
         <readonly>true</readonly>
         <executable>true</executable>
         <run_address>0x77a0</run_address>
         <size>0x8</size>
         <alignment>0x4</alignment>
         <input_file_ref idref="fl-10f"/>
      </object_component>
      <object_component id="oc-1b4">
         <name>.text.OUTLINED_FUNCTION_1</name>
         <load_address>0x77a8</load_address>
         <readonly>true</readonly>
         <executable>true</executable>
         <run_address>0x77a8</run_address>
         <size>0x6</size>
         <alignment>0x2</alignment>
         <input_file_ref idref="fl-2e"/>
      </object_component>
      <object_component id="oc-ac">
         <name>.text:abort</name>
         <load_address>0x77ae</load_address>
         <readonly>true</readonly>
         <executable>true</executable>
         <run_address>0x77ae</run_address>
         <size>0x6</size>
         <alignment>0x2</alignment>
         <input_file_ref idref="fl-3f"/>
      </object_component>
      <object_component id="oc-13a">
         <name>.text.HOSTexit</name>
         <load_address>0x77b4</load_address>
         <readonly>true</readonly>
         <executable>true</executable>
         <run_address>0x77b4</run_address>
         <size>0x4</size>
         <alignment>0x2</alignment>
         <input_file_ref idref="fl-f0"/>
      </object_component>
      <object_component id="oc-2f">
         <name>.text.Reset_Handler</name>
         <load_address>0x77b8</load_address>
         <readonly>true</readonly>
         <executable>true</executable>
         <run_address>0x77b8</run_address>
         <size>0x4</size>
         <alignment>0x2</alignment>
         <input_file_ref idref="fl-3"/>
      </object_component>
      <object_component id="oc-5f">
         <name>.text._system_pre_init</name>
         <load_address>0x77bc</load_address>
         <readonly>true</readonly>
         <executable>true</executable>
         <run_address>0x77bc</run_address>
         <size>0x4</size>
         <alignment>0x2</alignment>
         <input_file_ref idref="fl-34"/>
      </object_component>
      <object_component id="oc-246">
         <name>__TI_handler_table</name>
         <load_address>0x83d0</load_address>
         <readonly>true</readonly>
         <run_address>0x83d0</run_address>
         <size>0xc</size>
         <alignment>0x4</alignment>
      </object_component>
      <object_component id="oc-249">
         <name>.cinit..bss.load</name>
         <load_address>0x83dc</load_address>
         <readonly>true</readonly>
         <run_address>0x83dc</run_address>
         <size>0x8</size>
         <alignment>0x4</alignment>
      </object_component>
      <object_component id="oc-248">
         <name>.cinit..data.load</name>
         <load_address>0x83e4</load_address>
         <readonly>true</readonly>
         <run_address>0x83e4</run_address>
         <size>0x7</size>
         <alignment>0x1</alignment>
      </object_component>
      <object_component id="oc-247">
         <name>__TI_cinit_table</name>
         <load_address>0x83ec</load_address>
         <readonly>true</readonly>
         <run_address>0x83ec</run_address>
         <size>0x10</size>
         <alignment>0x4</alignment>
      </object_component>
      <object_component id="oc-e1">
         <name>.rodata.OLED_F8x16</name>
         <load_address>0x77c0</load_address>
         <readonly>true</readonly>
         <run_address>0x77c0</run_address>
         <size>0x5f0</size>
         <alignment>0x1</alignment>
         <input_file_ref idref="fl-5"/>
      </object_component>
      <object_component id="oc-e0">
         <name>.rodata.OLED_F6x8</name>
         <load_address>0x7db0</load_address>
         <readonly>true</readonly>
         <run_address>0x7db0</run_address>
         <size>0x23a</size>
         <alignment>0x1</alignment>
         <input_file_ref idref="fl-5"/>
      </object_component>
      <object_component id="oc-e6">
         <name>.rodata.OLED_CF16x16</name>
         <load_address>0x7fea</load_address>
         <readonly>true</readonly>
         <run_address>0x7fea</run_address>
         <size>0x22b</size>
         <alignment>0x1</alignment>
         <input_file_ref idref="fl-5"/>
      </object_component>
      <object_component id="oc-a6">
         <name>.rodata.str1.17100691992556644108.1</name>
         <load_address>0x8215</load_address>
         <readonly>true</readonly>
         <run_address>0x8215</run_address>
         <size>0x7</size>
         <alignment>0x1</alignment>
         <input_file_ref idref="fl-1"/>
      </object_component>
      <object_component id="oc-a8">
         <name>.rodata.str1.18227636981041470289.1</name>
         <load_address>0x821c</load_address>
         <readonly>true</readonly>
         <run_address>0x821c</run_address>
         <size>0x4</size>
         <alignment>0x1</alignment>
         <input_file_ref idref="fl-1"/>
      </object_component>
      <object_component id="oc-1dd">
         <name>.rodata:__aeabi_ctype_table_</name>
         <load_address>0x8220</load_address>
         <readonly>true</readonly>
         <run_address>0x8220</run_address>
         <size>0x101</size>
         <alignment>0x10</alignment>
         <input_file_ref idref="fl-4d"/>
      </object_component>
      <object_component id="oc-a7">
         <name>.rodata.str1.2846389346932560359.1</name>
         <load_address>0x8321</load_address>
         <readonly>true</readonly>
         <run_address>0x8321</run_address>
         <size>0x4</size>
         <alignment>0x1</alignment>
         <input_file_ref idref="fl-1"/>
      </object_component>
      <object_component id="oc-14c">
         <name>.rodata.gI2C_OLEDClockConfig</name>
         <load_address>0x8325</load_address>
         <readonly>true</readonly>
         <run_address>0x8325</run_address>
         <size>0x2</size>
         <alignment>0x1</alignment>
         <input_file_ref idref="fl-2"/>
      </object_component>
      <object_component id="oc-1b7">
         <name>.rodata.cst32</name>
         <load_address>0x8328</load_address>
         <readonly>true</readonly>
         <run_address>0x8328</run_address>
         <size>0x40</size>
         <alignment>0x8</alignment>
         <input_file_ref idref="fl-2e"/>
      </object_component>
      <object_component id="oc-a3">
         <name>.rodata.Diode</name>
         <load_address>0x8368</load_address>
         <readonly>true</readonly>
         <run_address>0x8368</run_address>
         <size>0x20</size>
         <alignment>0x1</alignment>
         <input_file_ref idref="fl-5"/>
      </object_component>
      <object_component id="oc-a5">
         <name>.rodata.str1.8154729771448623357.1</name>
         <load_address>0x8388</load_address>
         <readonly>true</readonly>
         <run_address>0x8388</run_address>
         <size>0x19</size>
         <alignment>0x1</alignment>
         <input_file_ref idref="fl-1"/>
      </object_component>
      <object_component id="oc-1d4">
         <name>.rodata.str1.10348868589481759720.1</name>
         <load_address>0x83a1</load_address>
         <readonly>true</readonly>
         <run_address>0x83a1</run_address>
         <size>0x11</size>
         <alignment>0x1</alignment>
         <input_file_ref idref="fl-39"/>
      </object_component>
      <object_component id="oc-1c0">
         <name>.rodata.str1.15363888844622738466.1</name>
         <load_address>0x83b2</load_address>
         <readonly>true</readonly>
         <run_address>0x83b2</run_address>
         <size>0x11</size>
         <alignment>0x1</alignment>
         <input_file_ref idref="fl-39"/>
      </object_component>
      <object_component id="oc-a2">
         <name>.rodata.str1.15159059442110792349.1</name>
         <load_address>0x83c3</load_address>
         <readonly>true</readonly>
         <run_address>0x83c3</run_address>
         <size>0xd</size>
         <alignment>0x1</alignment>
         <input_file_ref idref="fl-1"/>
      </object_component>
      <object_component id="oc-20e">
         <name>.binit</name>
         <load_address>0x0</load_address>
         <readonly>true</readonly>
         <run_address>0x0</run_address>
         <size>0x0</size>
         <alignment>0x4</alignment>
      </object_component>
      <object_component id="oc-1e4">
         <name>.data.__aeabi_errno</name>
         <load_address>0x20200408</load_address>
         <readwrite>true</readwrite>
         <run_address>0x20200408</run_address>
         <size>0x4</size>
         <alignment>0x4</alignment>
         <input_file_ref idref="fl-3e"/>
      </object_component>
      <object_component id="oc-dd">
         <name>.common:OLED_DisplayBuf</name>
         <uninitialized>true</uninitialized>
         <readwrite>true</readwrite>
         <run_address>0x20200000</run_address>
         <size>0x400</size>
         <alignment>0x1</alignment>
      </object_component>
      <object_component id="oc-d3">
         <name>.common:SYSTEMCLOCK</name>
         <uninitialized>true</uninitialized>
         <readwrite>true</readwrite>
         <run_address>0x20200400</run_address>
         <size>0x8</size>
         <alignment>0x8</alignment>
      </object_component>
      <object_component id="oc-1a">
         <name>.stack</name>
         <uninitialized>true</uninitialized>
         <readwrite>true</readwrite>
         <run_address>0x20207e00</run_address>
         <size>0x4</size>
         <alignment>0x4</alignment>
         <input_file_ref idref="fl-31"/>
      </object_component>
      <object_component id="oc-24b">
         <name>.stack</name>
         <uninitialized>true</uninitialized>
         <readwrite>true</readwrite>
         <run_address>0x20207e00</run_address>
         <size>0x0</size>
         <alignment>0x8</alignment>
      </object_component>
      <object_component id="oc-ab">
         <name>.debug_loc</name>
         <load_address>0x0</load_address>
         <run_address>0x0</run_address>
         <size>0x3f</size>
         <alignment>0x1</alignment>
         <input_file_ref idref="fl-1"/>
      </object_component>
      <object_component id="oc-cf">
         <name>.debug_loc</name>
         <load_address>0x3f</load_address>
         <run_address>0x3f</run_address>
         <size>0x92</size>
         <alignment>0x1</alignment>
         <input_file_ref idref="fl-2"/>
      </object_component>
      <object_component id="oc-86">
         <name>.debug_loc</name>
         <load_address>0xd1</load_address>
         <run_address>0xd1</run_address>
         <size>0x8ea3</size>
         <alignment>0x1</alignment>
         <input_file_ref idref="fl-4"/>
      </object_component>
      <object_component id="oc-96">
         <name>.debug_loc</name>
         <load_address>0x8f74</load_address>
         <run_address>0x8f74</run_address>
         <size>0x2d6</size>
         <alignment>0x1</alignment>
         <input_file_ref idref="fl-6"/>
      </object_component>
      <object_component id="oc-179">
         <name>.debug_loc</name>
         <load_address>0x924a</load_address>
         <run_address>0x924a</run_address>
         <size>0x13</size>
         <alignment>0x1</alignment>
         <input_file_ref idref="fl-14"/>
      </object_component>
      <object_component id="oc-d7">
         <name>.debug_loc</name>
         <load_address>0x925d</load_address>
         <run_address>0x925d</run_address>
         <size>0x31c</size>
         <alignment>0x1</alignment>
         <input_file_ref idref="fl-15"/>
      </object_component>
      <object_component id="oc-107">
         <name>.debug_loc</name>
         <load_address>0x9579</load_address>
         <run_address>0x9579</run_address>
         <size>0x136</size>
         <alignment>0x1</alignment>
         <input_file_ref idref="fl-2c"/>
      </object_component>
      <object_component id="oc-18e">
         <name>.debug_loc</name>
         <load_address>0x96af</load_address>
         <run_address>0x96af</run_address>
         <size>0x2ff</size>
         <alignment>0x1</alignment>
         <input_file_ref idref="fl-2d"/>
      </object_component>
      <object_component id="oc-187">
         <name>.debug_loc</name>
         <load_address>0x99ae</load_address>
         <run_address>0x99ae</run_address>
         <size>0x1c0</size>
         <alignment>0x1</alignment>
         <input_file_ref idref="fl-2e"/>
      </object_component>
      <object_component id="oc-102">
         <name>.debug_loc</name>
         <load_address>0x9b6e</load_address>
         <run_address>0x9b6e</run_address>
         <size>0x4e</size>
         <alignment>0x1</alignment>
         <input_file_ref idref="fl-2f"/>
      </object_component>
      <object_component id="oc-3a">
         <name>.debug_loc</name>
         <load_address>0x9bbc</load_address>
         <run_address>0x9bbc</run_address>
         <size>0xd8</size>
         <alignment>0x1</alignment>
         <input_file_ref idref="fl-31"/>
      </object_component>
      <object_component id="oc-b4">
         <name>.debug_loc</name>
         <load_address>0x9c94</load_address>
         <run_address>0x9c94</run_address>
         <size>0x424</size>
         <alignment>0x1</alignment>
         <input_file_ref idref="fl-33"/>
      </object_component>
      <object_component id="oc-49">
         <name>.debug_loc</name>
         <load_address>0xa0b8</load_address>
         <run_address>0xa0b8</run_address>
         <size>0x16c</size>
         <alignment>0x1</alignment>
         <input_file_ref idref="fl-36"/>
      </object_component>
      <object_component id="oc-45">
         <name>.debug_loc</name>
         <load_address>0xa224</load_address>
         <run_address>0xa224</run_address>
         <size>0x6f</size>
         <alignment>0x1</alignment>
         <input_file_ref idref="fl-37"/>
      </object_component>
      <object_component id="oc-3d">
         <name>.debug_loc</name>
         <load_address>0xa293</load_address>
         <run_address>0xa293</run_address>
         <size>0x167</size>
         <alignment>0x1</alignment>
         <input_file_ref idref="fl-38"/>
      </object_component>
      <object_component id="oc-1a6">
         <name>.debug_loc</name>
         <load_address>0xa3fa</load_address>
         <run_address>0xa3fa</run_address>
         <size>0x32d8</size>
         <alignment>0x1</alignment>
         <input_file_ref idref="fl-39"/>
      </object_component>
      <object_component id="oc-1a4">
         <name>.debug_loc</name>
         <load_address>0xd6d2</load_address>
         <run_address>0xd6d2</run_address>
         <size>0x257</size>
         <alignment>0x1</alignment>
         <input_file_ref idref="fl-3a"/>
      </object_component>
      <object_component id="oc-1fe">
         <name>.debug_loc</name>
         <load_address>0xd929</load_address>
         <run_address>0xd929</run_address>
         <size>0x9c</size>
         <alignment>0x1</alignment>
         <input_file_ref idref="fl-3b"/>
      </object_component>
      <object_component id="oc-201">
         <name>.debug_loc</name>
         <load_address>0xd9c5</load_address>
         <run_address>0xd9c5</run_address>
         <size>0x127</size>
         <alignment>0x1</alignment>
         <input_file_ref idref="fl-3c"/>
      </object_component>
      <object_component id="oc-1e3">
         <name>.debug_loc</name>
         <load_address>0xdaec</load_address>
         <run_address>0xdaec</run_address>
         <size>0x33</size>
         <alignment>0x1</alignment>
         <input_file_ref idref="fl-3d"/>
      </object_component>
      <object_component id="oc-1e7">
         <name>.debug_loc</name>
         <load_address>0xdb1f</load_address>
         <run_address>0xdb1f</run_address>
         <size>0x101</size>
         <alignment>0x1</alignment>
         <input_file_ref idref="fl-3e"/>
      </object_component>
      <object_component id="oc-b2">
         <name>.debug_loc</name>
         <load_address>0xdc20</load_address>
         <run_address>0xdc20</run_address>
         <size>0x26</size>
         <alignment>0x1</alignment>
         <input_file_ref idref="fl-3f"/>
      </object_component>
      <object_component id="oc-204">
         <name>.debug_loc</name>
         <load_address>0xdc46</load_address>
         <run_address>0xdc46</run_address>
         <size>0x8f</size>
         <alignment>0x1</alignment>
         <input_file_ref idref="fl-41"/>
      </object_component>
      <object_component id="oc-1e0">
         <name>.debug_loc</name>
         <load_address>0xdcd5</load_address>
         <run_address>0xdcd5</run_address>
         <size>0x66</size>
         <alignment>0x1</alignment>
         <input_file_ref idref="fl-44"/>
      </object_component>
      <object_component id="oc-1dc">
         <name>.debug_loc</name>
         <load_address>0xdd3b</load_address>
         <run_address>0xdd3b</run_address>
[...]
         <object_component_ref idref="oc-9d"/>
      </symbol>
      <symbol id="sm-12d">
         <name>OLED_DrawEllipse</name>
         <value>0x29a5</value>
         <object_component_ref idref="oc-9e"/>
      </symbol>
      <symbol id="sm-12e">
         <name>OLED_DrawArc</name>
         <value>0xc1</value>
         <object_component_ref idref="oc-9f"/>
      </symbol>
      <symbol id="sm-133">
         <name>OLED_F8x16</name>
         <value>0x77c0</value>
         <object_component_ref idref="oc-e1"/>
      </symbol>
      <symbol id="sm-134">
         <name>OLED_F6x8</name>
         <value>0x7db0</value>
         <object_component_ref idref="oc-e0"/>
      </symbol>
      <symbol id="sm-135">
         <name>OLED_CF16x16</name>
         <value>0x7fea</value>
         <object_component_ref idref="oc-e6"/>
      </symbol>
      <symbol id="sm-136">
         <name>Diode</name>
         <value>0x8368</value>
         <object_component_ref idref="oc-a3"/>
      </symbol>
      <symbol id="sm-144">
         <name>delay_init</name>
         <value>0x7729</value>
         <object_component_ref idref="oc-80"/>
      </symbol>
      <symbol id="sm-145">
         <name>SYSTEMCLOCK</name>
         <value>0x20200400</value>
      </symbol>
      <symbol id="sm-146">
         <name>delay_ms</name>
         <value>0x681d</value>
         <object_component_ref idref="oc-95"/>
      </symbol>
      <symbol id="sm-147">
         <name>__TI_ATRegion0_src_addr</name>
         <value>0x0</value>
      </symbol>
      <symbol id="sm-148">
         <name>__TI_ATRegion0_trg_addr</name>
         <value>0x0</value>
      </symbol>
      <symbol id="sm-149">
         <name>__TI_ATRegion0_region_sz</name>
         <value>0x0</value>
      </symbol>
      <symbol id="sm-14a">
         <name>__TI_ATRegion1_src_addr</name>
         <value>0x0</value>
      </symbol>
      <symbol id="sm-14b">
         <name>__TI_ATRegion1_trg_addr</name>
         <value>0x0</value>
      </symbol>
      <symbol id="sm-14c">
         <name>__TI_ATRegion1_region_sz</name>
         <value>0x0</value>
      </symbol>
      <symbol id="sm-14d">
         <name>__TI_ATRegion2_src_addr</name>
         <value>0x0</value>
      </symbol>
      <symbol id="sm-14e">
         <name>__TI_ATRegion2_trg_addr</name>
         <value>0x0</value>
      </symbol>
      <symbol id="sm-14f">
         <name>__TI_ATRegion2_region_sz</name>
         <value>0x0</value>
      </symbol>
      <symbol id="sm-158">
         <name>DL_Common_delayCycles</name>
         <value>0x7735</value>
         <object_component_ref idref="oc-10f"/>
      </symbol>
      <symbol id="sm-164">
         <name>DL_I2C_setClockConfig</name>
         <value>0x758d</value>
         <object_component_ref idref="oc-14b"/>
      </symbol>
      <symbol id="sm-165">
         <name>DL_I2C_fillControllerTXFIFO</name>
         <value>0x6f01</value>
         <object_component_ref idref="oc-d6"/>
      </symbol>
      <symbol id="sm-176">
         <name>vsprintf</name>
         <value>0x74e9</value>
         <object_component_ref idref="oc-105"/>
      </symbol>
      <symbol id="sm-184">
         <name>atan2</name>
         <value>0x5b25</value>
         <object_component_ref idref="oc-12b"/>
      </symbol>
      <symbol id="sm-185">
         <name>atan2l</name>
         <value>0x5b25</value>
         <object_component_ref idref="oc-12b"/>
      </symbol>
      <symbol id="sm-19c">
         <name>atan</name>
         <value>0x47f1</value>
         <object_component_ref idref="oc-186"/>
      </symbol>
      <symbol id="sm-19d">
         <name>atanl</name>
         <value>0x47f1</value>
         <object_component_ref idref="oc-186"/>
      </symbol>
      <symbol id="sm-1ab">
         <name>round</name>
         <value>0x68c5</value>
         <object_component_ref idref="oc-ff"/>
      </symbol>
      <symbol id="sm-1ac">
         <name>roundl</name>
         <value>0x68c5</value>
         <object_component_ref idref="oc-ff"/>
      </symbol>
      <symbol id="sm-1b4">
         <name>strcmp</name>
         <value>0x6ab1</value>
         <object_component_ref idref="oc-e2"/>
      </symbol>
      <symbol id="sm-1bf">
         <name>_c_int00_noargs</name>
         <value>0x7565</value>
         <object_component_ref idref="oc-4f"/>
      </symbol>
      <symbol id="sm-1c0">
         <name>__stack</name>
         <value>0x20207e00</value>
         <object_component_ref idref="oc-1a"/>
      </symbol>
      <symbol id="sm-1cc">
         <name>__TI_auto_init_nobinit_nopinit</name>
         <value>0x7379</value>
         <object_component_ref idref="oc-b3"/>
      </symbol>
      <symbol id="sm-1d4">
         <name>_system_pre_init</name>
         <value>0x77bd</value>
         <object_component_ref idref="oc-5f"/>
      </symbol>
      <symbol id="sm-1df">
         <name>__TI_zero_init</name>
         <value>0x76ef</value>
         <object_component_ref idref="oc-4c"/>
      </symbol>
      <symbol id="sm-1e8">
         <name>__TI_decompress_none</name>
         <value>0x76cd</value>
         <object_component_ref idref="oc-20"/>
      </symbol>
      <symbol id="sm-1f3">
         <name>__TI_decompress_lzss</name>
         <value>0x6b39</value>
         <object_component_ref idref="oc-1c"/>
      </symbol>
      <symbol id="sm-23c">
         <name>__TI_printfi</name>
         <value>0x168d</value>
         <object_component_ref idref="oc-1ac"/>
      </symbol>
      <symbol id="sm-246">
         <name>floor</name>
         <value>0x5cad</value>
         <object_component_ref idref="oc-166"/>
      </symbol>
      <symbol id="sm-247">
         <name>floorl</name>
         <value>0x5cad</value>
         <object_component_ref idref="oc-166"/>
      </symbol>
      <symbol id="sm-251">
         <name>frexp</name>
         <value>0x6f61</value>
         <object_component_ref idref="oc-1e9"/>
      </symbol>
      <symbol id="sm-252">
         <name>frexpl</name>
         <value>0x6f61</value>
         <object_component_ref idref="oc-1e9"/>
      </symbol>
      <symbol id="sm-25c">
         <name>scalbn</name>
         <value>0x666d</value>
         <object_component_ref idref="oc-1ed"/>
      </symbol>
      <symbol id="sm-25d">
         <name>ldexp</name>
         <value>0x666d</value>
         <object_component_ref idref="oc-1ed"/>
      </symbol>
      <symbol id="sm-25e">
         <name>scalbnl</name>
         <value>0x666d</value>
         <object_component_ref idref="oc-1ed"/>
      </symbol>
      <symbol id="sm-25f">
         <name>ldexpl</name>
         <value>0x666d</value>
         <object_component_ref idref="oc-1ed"/>
      </symbol>
      <symbol id="sm-268">
         <name>wcslen</name>
         <value>0x76df</value>
         <object_component_ref idref="oc-1c7"/>
      </symbol>
      <symbol id="sm-273">
         <name>__aeabi_errno_addr</name>
         <value>0x6c29</value>
         <object_component_ref idref="oc-1cb"/>
      </symbol>
      <symbol id="sm-274">
         <name>__aeabi_errno</name>
         <value>0x20200408</value>
         <object_component_ref idref="oc-1e4"/>
      </symbol>
      <symbol id="sm-27e">
         <name>abort</name>
         <value>0x77af</value>
         <object_component_ref idref="oc-ac"/>
      </symbol>
      <symbol id="sm-288">
         <name>__TI_ltoa</name>
         <value>0x6fbd</value>
         <object_component_ref idref="oc-1f1"/>
      </symbol>
      <symbol id="sm-294">
         <name>atoi</name>
         <value>0x72c1</value>
         <object_component_ref idref="oc-1c3"/>
      </symbol>
      <symbol id="sm-29e">
         <name>memccpy</name>
         <value>0x7621</value>
         <object_component_ref idref="oc-1bc"/>
      </symbol>
      <symbol id="sm-2a5">
         <name>__aeabi_ctype_table_</name>
         <value>0x8220</value>
         <object_component_ref idref="oc-1dd"/>
      </symbol>
      <symbol id="sm-2a6">
         <name>__aeabi_ctype_table_C</name>
         <value>0x8220</value>
         <object_component_ref idref="oc-1dd"/>
      </symbol>
      <symbol id="sm-2b1">
         <name>HOSTexit</name>
         <value>0x77b5</value>
         <object_component_ref idref="oc-13a"/>
      </symbol>
      <symbol id="sm-2b2">
         <name>C$$EXIT</name>
         <value>0x77b4</value>
         <object_component_ref idref="oc-13a"/>
      </symbol>
      <symbol id="sm-2c7">
         <name>__aeabi_fadd</name>
         <value>0x674f</value>
         <object_component_ref idref="oc-127"/>
      </symbol>
      <symbol id="sm-2c8">
         <name>__addsf3</name>
         <value>0x674f</value>
         <object_component_ref idref="oc-127"/>
      </symbol>
      <symbol id="sm-2c9">
         <name>__aeabi_fsub</name>
         <value>0x6745</value>
         <object_component_ref idref="oc-127"/>
      </symbol>
      <symbol id="sm-2ca">
         <name>__subsf3</name>
         <value>0x6745</value>
         <object_component_ref idref="oc-127"/>
      </symbol>
      <symbol id="sm-2d0">
         <name>__aeabi_dadd</name>
         <value>0x599b</value>
         <object_component_ref idref="oc-f7"/>
      </symbol>
      <symbol id="sm-2d1">
         <name>__adddf3</name>
         <value>0x599b</value>
         <object_component_ref idref="oc-f7"/>
      </symbol>
      <symbol id="sm-2d2">
         <name>__aeabi_dsub</name>
         <value>0x5991</value>
         <object_component_ref idref="oc-f7"/>
      </symbol>
      <symbol id="sm-2d3">
         <name>__subdf3</name>
         <value>0x5991</value>
         <object_component_ref idref="oc-f7"/>
      </symbol>
      <symbol id="sm-2df">
         <name>__aeabi_dmul</name>
         <value>0x64a9</value>
         <object_component_ref idref="oc-fb"/>
      </symbol>
      <symbol id="sm-2e0">
         <name>__muldf3</name>
         <value>0x64a9</value>
         <object_component_ref idref="oc-fb"/>
      </symbol>
      <symbol id="sm-2e9">
         <name>__muldsi3</name>
         <value>0x73f1</value>
         <object_component_ref idref="oc-161"/>
      </symbol>
      <symbol id="sm-2ef">
         <name>__aeabi_ddiv</name>
         <value>0x62a5</value>
         <object_component_ref idref="oc-12f"/>
      </symbol>
      <symbol id="sm-2f0">
         <name>__divdf3</name>
         <value>0x62a5</value>
         <object_component_ref idref="oc-12f"/>
      </symbol>
      <symbol id="sm-2f6">
         <name>__aeabi_d2iz</name>
         <value>0x716d</value>
         <object_component_ref idref="oc-133"/>
      </symbol>
      <symbol id="sm-2f7">
         <name>__fixdfsi</name>
         <value>0x716d</value>
         <object_component_ref idref="oc-133"/>
      </symbol>
      <symbol id="sm-2fd">
         <name>__aeabi_d2uiz</name>
         <value>0x71fd</value>
         <object_component_ref idref="oc-ef"/>
      </symbol>
      <symbol id="sm-2fe">
         <name>__fixunsdfsi</name>
         <value>0x71fd</value>
         <object_component_ref idref="oc-ef"/>
      </symbol>
      <symbol id="sm-304">
         <name>__aeabi_i2d</name>
         <value>0x74bd</value>
         <object_component_ref idref="oc-117"/>
      </symbol>
      <symbol id="sm-305">
         <name>__floatsidf</name>
         <value>0x74bd</value>
         <object_component_ref idref="oc-117"/>
      </symbol>
      <symbol id="sm-30b">
         <name>__aeabi_i2f</name>
         <value>0x7301</value>
         <object_component_ref idref="oc-123"/>
      </symbol>
      <symbol id="sm-30c">
         <name>__floatsisf</name>
         <value>0x7301</value>
         <object_component_ref idref="oc-123"/>
      </symbol>
      <symbol id="sm-312">
         <name>__aeabi_ui2d</name>
         <value>0x75d9</value>
         <object_component_ref idref="oc-f3"/>
      </symbol>
      <symbol id="sm-313">
         <name>__floatunsidf</name>
         <value>0x75d9</value>
         <object_component_ref idref="oc-f3"/>
      </symbol>
      <symbol id="sm-319">
         <name>__aeabi_lmul</name>
         <value>0x75fd</value>
         <object_component_ref idref="oc-1d0"/>
      </symbol>
      <symbol id="sm-31a">
         <name>__muldi3</name>
         <value>0x75fd</value>
         <object_component_ref idref="oc-1d0"/>
      </symbol>
      <symbol id="sm-321">
         <name>__aeabi_d2f</name>
         <value>0x6c31</value>
         <object_component_ref idref="oc-11b"/>
      </symbol>
      <symbol id="sm-322">
         <name>__truncdfsf2</name>
         <value>0x6c31</value>
         <object_component_ref idref="oc-11b"/>
      </symbol>
      <symbol id="sm-328">
         <name>__aeabi_dcmpeq</name>
         <value>0x6dd9</value>
         <object_component_ref idref="oc-eb"/>
      </symbol>
      <symbol id="sm-329">
         <name>__aeabi_dcmplt</name>
         <value>0x6ded</value>
         <object_component_ref idref="oc-eb"/>
      </symbol>
      <symbol id="sm-32a">
         <name>__aeabi_dcmple</name>
         <value>0x6e01</value>
         <object_component_ref idref="oc-eb"/>
      </symbol>
      <symbol id="sm-32b">
         <name>__aeabi_dcmpge</name>
         <value>0x6e15</value>
         <object_component_ref idref="oc-eb"/>
      </symbol>
      <symbol id="sm-32c">
         <name>__aeabi_dcmpgt</name>
         <value>0x6e29</value>
         <object_component_ref idref="oc-eb"/>
      </symbol>
      <symbol id="sm-332">
         <name>__aeabi_fcmpeq</name>
         <value>0x6e3d</value>
         <object_component_ref idref="oc-11f"/>
      </symbol>
      <symbol id="sm-333">
         <name>__aeabi_fcmplt</name>
         <value>0x6e51</value>
         <object_component_ref idref="oc-11f"/>
      </symbol>
      <symbol id="sm-334">
         <name>__aeabi_fcmple</name>
         <value>0x6e65</value>
         <object_component_ref idref="oc-11f"/>
      </symbol>
      <symbol id="sm-335">
         <name>__aeabi_fcmpge</name>
         <value>0x6e79</value>
         <object_component_ref idref="oc-11f"/>
      </symbol>
      <symbol id="sm-336">
         <name>__aeabi_fcmpgt</name>
         <value>0x6e8d</value>
         <object_component_ref idref="oc-11f"/>
      </symbol>
      <symbol id="sm-33c">
         <name>__aeabi_idiv</name>
         <value>0x706d</value>
         <object_component_ref idref="oc-113"/>
      </symbol>
      <symbol id="sm-33d">
         <name>__aeabi_idivmod</name>
         <value>0x706d</value>
         <object_component_ref idref="oc-113"/>
      </symbol>
      <symbol id="sm-343">
         <name>__aeabi_memcpy</name>
         <value>0x77a1</value>
         <object_component_ref idref="oc-3f"/>
      </symbol>
      <symbol id="sm-344">
         <name>__aeabi_memcpy4</name>
         <value>0x77a1</value>
         <object_component_ref idref="oc-3f"/>
      </symbol>
      <symbol id="sm-345">
         <name>__aeabi_memcpy8</name>
         <value>0x77a1</value>
         <object_component_ref idref="oc-3f"/>
      </symbol>
      <symbol id="sm-34e">
         <name>__aeabi_memset</name>
         <value>0x7701</value>
         <object_component_ref idref="oc-1bb"/>
      </symbol>
      <symbol id="sm-34f">
         <name>__aeabi_memset4</name>
         <value>0x7701</value>
         <object_component_ref idref="oc-1bb"/>
      </symbol>
      <symbol id="sm-350">
         <name>__aeabi_memset8</name>
         <value>0x7701</value>
         <object_component_ref idref="oc-1bb"/>
      </symbol>
      <symbol id="sm-351">
         <name>__aeabi_memclr</name>
         <value>0x771d</value>
         <object_component_ref idref="oc-5a"/>
      </symbol>
      <symbol id="sm-352">
         <name>__aeabi_memclr4</name>
         <value>0x771d</value>
         <object_component_ref idref="oc-5a"/>
      </symbol>
      <symbol id="sm-353">
         <name>__aeabi_memclr8</name>
         <value>0x771d</value>
         <object_component_ref idref="oc-5a"/>
      </symbol>
      <symbol id="sm-359">
         <name>__aeabi_uidiv</name>
         <value>0x7281</value>
         <object_component_ref idref="oc-e7"/>
      </symbol>
      <symbol id="sm-35a">
         <name>__aeabi_uidivmod</name>
         <value>0x7281</value>
         <object_component_ref idref="oc-e7"/>
      </symbol>
      <symbol id="sm-360">
         <name>__aeabi_uldivmod</name>
         <value>0x76a5</value>
         <object_component_ref idref="oc-10b"/>
      </symbol>
      <symbol id="sm-369">
         <name>__eqsf2</name>
         <value>0x73b5</value>
         <object_component_ref idref="oc-17d"/>
      </symbol>
      <symbol id="sm-36a">
         <name>__lesf2</name>
         <value>0x73b5</value>
         <object_component_ref idref="oc-17d"/>
      </symbol>
      <symbol id="sm-36b">
         <name>__ltsf2</name>
         <value>0x73b5</value>
         <object_component_ref idref="oc-17d"/>
      </symbol>
      <symbol id="sm-36c">
         <name>__nesf2</name>
         <value>0x73b5</value>
         <object_component_ref idref="oc-17d"/>
      </symbol>
      <symbol id="sm-36d">
         <name>__cmpsf2</name>
         <value>0x73b5</value>
         <object_component_ref idref="oc-17d"/>
      </symbol>
      <symbol id="sm-36e">
         <name>__gtsf2</name>
         <value>0x733d</value>
         <object_component_ref idref="oc-182"/>
      </symbol>
      <symbol id="sm-36f">
         <name>__gesf2</name>
         <value>0x733d</value>
         <object_component_ref idref="oc-182"/>
      </symbol>
      <symbol id="sm-375">
         <name>__udivmoddi4</name>
         <value>0x696d</value>
         <object_component_ref idref="oc-172"/>
      </symbol>
      <symbol id="sm-37b">
         <name>__aeabi_llsl</name>
         <value>0x7645</value>
         <object_component_ref idref="oc-1ae"/>
      </symbol>
      <symbol id="sm-37c">
         <name>__ashldi3</name>
         <value>0x7645</value>
         <object_component_ref idref="oc-1ae"/>
      </symbol>
      <symbol id="sm-38a">
         <name>__ledf2</name>
         <value>0x6ca5</value>
         <object_component_ref idref="oc-156"/>
      </symbol>
      <symbol id="sm-38b">
         <name>__gedf2</name>
         <value>0x6bb5</value>
         <object_component_ref idref="oc-15c"/>
      </symbol>
      <symbol id="sm-38c">
         <name>__cmpdf2</name>
         <value>0x6ca5</value>
         <object_component_ref idref="oc-156"/>
      </symbol>
      <symbol id="sm-38d">
         <name>__eqdf2</name>
         <value>0x6ca5</value>
         <object_component_ref idref="oc-156"/>
      </symbol>
      <symbol id="sm-38e">
         <name>__ltdf2</name>
         <value>0x6ca5</value>
         <object_component_ref idref="oc-156"/>
      </symbol>
      <symbol id="sm-38f">
         <name>__nedf2</name>
         <value>0x6ca5</value>
         <object_component_ref idref="oc-156"/>
      </symbol>
      <symbol id="sm-390">
         <name>__gtdf2</name>
         <value>0x6bb5</value>
         <object_component_ref idref="oc-15c"/>
      </symbol>
      <symbol id="sm-39c">
         <name>__aeabi_idiv0</name>
         <value>0x6d73</value>
         <object_component_ref idref="oc-150"/>
      </symbol>
      <symbol id="sm-39d">
         <name>__aeabi_ldiv0</name>
         <value>0x6e3b</value>
         <object_component_ref idref="oc-1ad"/>
      </symbol>
      <symbol id="sm-3b7">
         <name>memcpy</name>
         <value>0x6a0f</value>
         <object_component_ref idref="oc-76"/>
      </symbol>
      <symbol id="sm-3c6">
         <name>memset</name>
         <value>0x6e9f</value>
         <object_component_ref idref="oc-cb"/>
      </symbol>
      <symbol id="sm-3c7">
         <name>__TI_static_base__</name>
         <value>0x0</value>
      </symbol>
      <symbol id="sm-3cb">
         <name>__mpu_init</name>
         <value>0x0</value>
      </symbol>
      <symbol id="sm-3cc">
         <name>_system_post_cinit</name>
         <value>0x0</value>
      </symbol>
   </symbol_table>
   <title>Link successful</title>
</link_info>
