******************************************************************************
            TI ARM Clang Linker PC v4.0.3                      
******************************************************************************
>> Linked Fri Jun 20 00:02:02 2025

OUTPUT FILE NAME:   <i2c_hardware_oled_driver.out>
ENTRY POINT SYMBOL: "_c_int00_noargs"  address: 00007565


MEMORY CONFIGURATION

         name            origin    length      used     unused   attr    fill
----------------------  --------  ---------  --------  --------  ----  --------
  FLASH                 00000000   00020000  00008400  00017c00  R  X
  SRAM                  20200000   00008000  0000060c  000079f4  RW X
  BCR_CONFIG            41c00000   00000080  00000000  00000080  R   
  BSL_CONFIG            41c00100   00000080  00000000  00000080  R   


SEGMENT ALLOCATION MAP

run origin  load origin   length   init length attrs members
----------  ----------- ---------- ----------- ----- -------
00000000    00000000    00008400   00008400    r-x
  00000000    00000000    000000c0   000000c0    r-- .intvecs
  000000c0    000000c0    00007700   00007700    r-x .text
  000077c0    000077c0    00000c10   00000c10    r-- .rodata
  000083d0    000083d0    00000030   00000030    r-- .cinit
20200000    20200000    0000040c   00000000    rw-
  20200000    20200000    00000408   00000000    rw- .bss
  20200408    20200408    00000004   00000000    rw- .data
20207e00    20207e00    00000200   00000000    rw-
  20207e00    20207e00    00000200   00000000    rw- .stack


SECTION ALLOCATION MAP

 output                                  attributes/
section   page    origin      length       input sections
--------  ----  ----------  ----------   ----------------
.intvecs   0    00000000    000000c0     
                  00000000    000000c0     startup_mspm0g350x_ticlang.o (.intvecs)

.text      0    000000c0    00007700     
                  000000c0    00000bb4     OLED.o (.text.OLED_DrawArc)
                  00000c74    00000a18     OLED.o (.text.OLED_Init)
                  0000168c    000009d0     libc.a : _printfi.c.obj (.text:__TI_printfi)
                  0000205c    00000948     OLED.o (.text.OLED_ShowFloatNum)
                  000029a4    000006a8     OLED.o (.text.OLED_DrawEllipse)
                  0000304c    00000644     OLED.o (.text.OLED_DrawCircle)
                  00003690    00000544     OLED.o (.text.OLED_DrawLine)
                  00003bd4    0000046c     OLED.o (.text.OLED_ShowSignedNum)
                  00004040    00000408     OLED.o (.text.OLED_ShowNum)
                  00004448    000003a8     OLED.o (.text.OLED_ShowBinNum)
                  000047f0    000002f8     libc.a : s_atan.c.obj (.text.atan)
                  00004ae8    000002d4     main.o (.text.main)
                  00004dbc    00000264     OLED.o (.text.OLED_ShowImage)
                  00005020    00000220     libc.a : _printfi.c.obj (.text._pconv_a)
                  00005240    000001f0     OLED.o (.text.OLED_ShowString)
                  00005430    000001dc     libc.a : _printfi.c.obj (.text._pconv_g)
                  0000560c    000001d8     OLED.o (.text.OLED_DrawTriangle)
                  000057e4    000001ac     OLED.o (.text.OLED_Update)
                  00005990    00000192     libclang_rt.builtins.a : adddf3.S.obj (.text.adddf3_subdf3)
                  00005b22    00000002     startup_mspm0g350x_ticlang.o (.text.Default_Handler)
                  00005b24    00000188     libc.a : e_atan2.c.obj (.text.atan2)
                  00005cac    00000144            : s_floor.c.obj (.text.floor)
                  00005df0    0000013c     OLED.o (.text.OLED_DrawRectangle)
                  00005f2c    0000013c     libc.a : _printfi.c.obj (.text.fcvt)
                  00006068    00000120            : _printfi.c.obj (.text._pconv_e)
                  00006188    0000011c     OLED.o (.text.OLED_SetCursor)
                  000062a4    0000010c     libclang_rt.builtins.a : divdf3.S.obj (.text.__divdf3)
                  000063b0    000000f8     OLED.o (.text.OLED_ShowHexNum)
                  000064a8    000000e4     libclang_rt.builtins.a : muldf3.S.obj (.text.__muldf3)
                  0000658c    000000e0     OLED.o (.text.OLED_Reverse)
                  0000666c    000000d8     libc.a : s_scalbn.c.obj (.text.scalbn)
                  00006744    000000d8     libclang_rt.builtins.a : addsf3.S.obj (.text)
                  0000681c    000000a8     delay.o (.text.delay_ms)
                  000068c4    000000a8     libc.a : s_round.c.obj (.text.round)
                  0000696c    000000a2     libclang_rt.builtins.a : udivmoddi4.S.obj (.text)
                  00006a0e    0000009a     libc.a : memcpy16.S.obj (.text:memcpy)
                  00006aa8    00000008            : s_atan.c.obj (.text.OUTLINED_FUNCTION_2)
                  00006ab0    00000088            : strcmp-armv6m.S.obj (.text:strcmp)
                  00006b38    0000007c            : copy_decompress_lzss.c.obj (.text:decompress:lzss)
                  00006bb4    00000074     libclang_rt.builtins.a : comparedf2.c.obj (.text.__gedf2)
                  00006c28    00000008     libc.a : aeabi_portable.c.obj (.text.__aeabi_errno_addr)
                  00006c30    00000074     libclang_rt.builtins.a : truncdfsf2.S.obj (.text.__truncdfsf2)
                  00006ca4    00000068                            : comparedf2.c.obj (.text.__ledf2)
                  00006d0c    00000066     libc.a : _printfi.c.obj (.text._mcpy)
                  00006d72    00000002     libclang_rt.builtins.a : aeabi_div0.c.obj (.text.__aeabi_idiv0)
                  00006d74    00000064     OLED.o (.text.OLED_ReverseArea)
                  00006dd8    00000062     libclang_rt.builtins.a : aeabi_dcmp.S.obj (.text.__aeabi_dcmp)
                  00006e3a    00000002                            : aeabi_div0.c.obj (.text.__aeabi_ldiv0)
                  00006e3c    00000062                            : aeabi_fcmp.S.obj (.text.__aeabi_fcmp)
                  00006e9e    00000062     libc.a : memset16.S.obj (.text:memset)
                  00006f00    0000005e     driverlib.a : dl_i2c.o (.text.DL_I2C_fillControllerTXFIFO)
                  00006f5e    00000002     --HOLE-- [fill = 0]
                  00006f60    0000005c     libc.a : s_frexp.c.obj (.text.frexp)
                  00006fbc    00000058            : _ltoa.c.obj (.text.__TI_ltoa)
                  00007014    00000058            : _printfi.c.obj (.text._pconv_f)
                  0000706c    00000056     libclang_rt.builtins.a : aeabi_idivmod.S.obj (.text.__aeabi_idivmod)
                  000070c2    00000002     --HOLE-- [fill = 0]
                  000070c4    00000054     ti_msp_dl_config.o (.text.SYSCFG_DL_I2C_OLED_init)
                  00007118    00000052     libc.a : _printfi.c.obj (.text._ecpy)
                  0000716a    00000002     --HOLE-- [fill = 0]
                  0000716c    0000004a     libclang_rt.builtins.a : fixdfsi.S.obj (.text.__fixdfsi)
                  000071b6    00000002     --HOLE-- [fill = 0]
                  000071b8    00000044     OLED.o (.text.OLED_ShowChar)
                  000071fc    00000042     libclang_rt.builtins.a : fixunsdfsi.S.obj (.text.__fixunsdfsi)
                  0000723e    00000002     --HOLE-- [fill = 0]
                  00007240    00000040     ti_msp_dl_config.o (.text.SYSCFG_DL_SYSCTL_init)
                  00007280    00000040     libclang_rt.builtins.a : aeabi_uidivmod.S.obj (.text.__aeabi_uidivmod)
                  000072c0    00000040     libc.a : atoi.c.obj (.text.atoi)
                  00007300    0000003c     libclang_rt.builtins.a : floatsisf.S.obj (.text.__floatsisf)
                  0000733c    0000003c                            : comparesf2.S.obj (.text.__gtsf2)
                  00007378    0000003c     libc.a : autoinit.c.obj (.text:__TI_auto_init_nobinit_nopinit)
                  000073b4    0000003a     libclang_rt.builtins.a : comparesf2.S.obj (.text.__eqsf2)
                  000073ee    00000002     --HOLE-- [fill = 0]
                  000073f0    0000003a                            : muldsi3.S.obj (.text.__muldsi3)
                  0000742a    00000002     --HOLE-- [fill = 0]
                  0000742c    00000034     ti_msp_dl_config.o (.text.SYSCFG_DL_initPower)
                  00007460    00000030     libc.a : _printfi.c.obj (.text._fcpy)
                  00007490    0000002c     OLED.o (.text.OLED_GetPoint)
                  000074bc    0000002c     libclang_rt.builtins.a : floatsidf.S.obj (.text.__floatsidf)
                  000074e8    0000002c     libc.a : vsprintf.c.obj (.text.vsprintf)
                  00007514    00000028     OLED.o (.text.OLED_DrawPoint)
                  0000753c    00000028     OLED.o (.text.OLED_Printf)
                  00007564    00000028     libc.a : boot_cortex_m.c.obj (.text:_c_int00_noargs)
                  0000758c    00000026     driverlib.a : dl_i2c.o (.text.DL_I2C_setClockConfig)
                  000075b2    00000002     --HOLE-- [fill = 0]
                  000075b4    00000024     ti_msp_dl_config.o (.text.SYSCFG_DL_GPIO_init)
                  000075d8    00000024     libclang_rt.builtins.a : floatunsidf.S.obj (.text.__floatunsidf)
                  000075fc    00000024                            : muldi3.S.obj (.text.__muldi3)
                  00007620    00000022     libc.a : memccpy.c.obj (.text.memccpy)
                  00007642    00000002     --HOLE-- [fill = 0]
                  00007644    0000001e     libclang_rt.builtins.a : ashldi3.S.obj (.text.__ashldi3)
                  00007662    00000018     libc.a : vsprintf.c.obj (.text._outs)
                  0000767a    00000002     --HOLE-- [fill = 0]
                  0000767c    00000014     OLED.o (.text.OLED_Clear)
                  00007690    00000014     ti_msp_dl_config.o (.text.SYSCFG_DL_init)
                  000076a4    00000014     libclang_rt.builtins.a : aeabi_uldivmod.S.obj (.text.__aeabi_uldivmod)
                  000076b8    00000014     libc.a : _printfi.c.obj (.text.strchr)
                  000076cc    00000012            : copy_decompress_none.c.obj (.text:decompress:none)
                  000076de    00000010            : wcslen.c.obj (.text.wcslen)
                  000076ee    00000010            : copy_zero_init.c.obj (.text:decompress:ZI)
                  000076fe    00000002     --HOLE-- [fill = 0]
                  00007700    0000000e     libclang_rt.builtins.a : aeabi_memset.S.obj (.text.__aeabi_memset)
                  0000770e    0000000e     libc.a : _printfi.c.obj (.text.strlen)
                  0000771c    0000000c     libclang_rt.builtins.a : aeabi_memset.S.obj (.text.__aeabi_memclr)
                  00007728    0000000c     delay.o (.text.delay_init)
                  00007734    0000000a     driverlib.a : dl_common.o (.text.DL_Common_delayCycles)
                  0000773e    0000000a     libc.a : _printfi.c.obj (.text.OUTLINED_FUNCTION_0)
                  00007748    00000010     libclang_rt.builtins.a : adddf3.S.obj (.tramp.__aeabi_dsub.1)
                  00007758    0000000a     libc.a : s_atan.c.obj (.text.OUTLINED_FUNCTION_0)
                  00007762    00000002     --HOLE-- [fill = 0]
                  00007764    00000010     libclang_rt.builtins.a : muldf3.S.obj (.tramp.__aeabi_dmul.1)
                  00007774    0000000a     libc.a : _printfi.c.obj (.text.OUTLINED_FUNCTION_1)
                  0000777e    0000000a            : vsprintf.c.obj (.text._outc)
                  00007788    00000008            : s_round.c.obj (.text.OUTLINED_FUNCTION_0)
                  00007790    00000010     libclang_rt.builtins.a : adddf3.S.obj (.tramp.__aeabi_dadd.1)
                  000077a0    00000008                            : aeabi_memcpy.S.obj (.text.__aeabi_memcpy)
                  000077a8    00000006     libc.a : s_atan.c.obj (.text.OUTLINED_FUNCTION_1)
                  000077ae    00000006            : exit.c.obj (.text:abort)
                  000077b4    00000004     libsysbm.a : hostexit.c.obj (.text.HOSTexit)
                  000077b8    00000004     startup_mspm0g350x_ticlang.o (.text.Reset_Handler)
                  000077bc    00000004     libc.a : pre_init.c.obj (.text._system_pre_init)

.cinit     0    000083d0    00000030     
                  000083d0    0000000c     (__TI_handler_table)
                  000083dc    00000008     (.cinit..bss.load) [load image, compression = zero_init]
                  000083e4    00000007     (.cinit..data.load) [load image, compression = lzss]
                  000083eb    00000001     --HOLE-- [fill = 0]
                  000083ec    00000010     (__TI_cinit_table)
                  000083fc    00000004     --HOLE-- [fill = 0]

.rodata    0    000077c0    00000c10     
                  000077c0    000005f0     OLED_Data.o (.rodata.OLED_F8x16)
                  00007db0    0000023a     OLED_Data.o (.rodata.OLED_F6x8)
                  00007fea    0000022b     OLED_Data.o (.rodata.OLED_CF16x16)
                  00008215    00000007     main.o (.rodata.str1.17100691992556644108.1)
                  0000821c    00000004     main.o (.rodata.str1.18227636981041470289.1)
                  00008220    00000101     libc.a : aeabi_ctype.S.obj (.rodata:__aeabi_ctype_table_)
                  00008321    00000004     main.o (.rodata.str1.2846389346932560359.1)
                  00008325    00000002     ti_msp_dl_config.o (.rodata.gI2C_OLEDClockConfig)
                  00008327    00000001     --HOLE-- [fill = 0]
                  00008328    00000040     libc.a : s_atan.c.obj (.rodata.cst32)
                  00008368    00000020     OLED_Data.o (.rodata.Diode)
                  00008388    00000019     main.o (.rodata.str1.8154729771448623357.1)
                  000083a1    00000011     libc.a : _printfi.c.obj (.rodata.str1.10348868589481759720.1)
                  000083b2    00000011            : _printfi.c.obj (.rodata.str1.15363888844622738466.1)
                  000083c3    0000000d     main.o (.rodata.str1.15159059442110792349.1)

.init_array 
*          0    00000000    00000000     UNINITIALIZED

.binit     0    00000000    00000000     

.bss       0    20200000    00000408     UNINITIALIZED
                  20200000    00000400     (.common:OLED_DisplayBuf)
                  20200400    00000008     (.common:SYSTEMCLOCK)

.data      0    20200408    00000004     UNINITIALIZED
                  20200408    00000004     libc.a : aeabi_portable.c.obj (.data.__aeabi_errno)

.stack     0    20207e00    00000200     UNINITIALIZED
                  20207e00    00000004     libc.a : boot_cortex_m.c.obj (.stack)
                  20207e04    000001fc     --HOLE--

__llvm_prf_cnts 
*          0    20200000    00000000     UNINITIALIZED

__llvm_prf_bits 
*          0    20200000    00000000     UNINITIALIZED

MODULE SUMMARY

       Module                         code    ro data   rw data
       ------                         ----    -------   -------
    .\
       main.o                         724     53        0      
       ti_msp_dl_config.o             256     2         0      
       startup_mspm0g350x_ticlang.o   6       192       0      
    +--+------------------------------+-------+---------+---------+
       Total:                         986     247       0      
                                                               
    .\hardware\OLED\
       OLED.o                         19104   0         1024   
       OLED_Data.o                    0       2677      0      
    +--+------------------------------+-------+---------+---------+
       Total:                         19104   2677      1024   
                                                               
    .\hardware\delay\
       delay.o                        180     0         8      
    +--+------------------------------+-------+---------+---------+
       Total:                         180     0         8      
                                                               
    C:/ti/mspm0_sdk_2_01_00_03/source/ti/driverlib/lib/ticlang/m0p/mspm0g1x0x_g3x0x/driverlib.a
       dl_i2c.o                       132     0         0      
       dl_common.o                    10      0         0      
    +--+------------------------------+-------+---------+---------+
       Total:                         142     0         0      
                                                               
    C:\ti\ccs2020\ccs\tools\compiler\ti-cgt-armllvm_4.0.3.LTS\lib\armv6m-ti-none-eabi/c/libc.a
       _printfi.c.obj                 4510    34        0      
       s_atan.c.obj                   784     64        0      
       e_atan2.c.obj                  392     0         0      
       s_floor.c.obj                  324     0         0      
       aeabi_ctype.S.obj              0       257       0      
       s_scalbn.c.obj                 216     0         0      
       s_round.c.obj                  176     0         0      
       memcpy16.S.obj                 154     0         0      
       strcmp-armv6m.S.obj            136     0         0      
       copy_decompress_lzss.c.obj     124     0         0      
       memset16.S.obj                 98      0         0      
       s_frexp.c.obj                  92      0         0      
       _ltoa.c.obj                    88      0         0      
       vsprintf.c.obj                 78      0         0      
       atoi.c.obj                     64      0         0      
       autoinit.c.obj                 60      0         0      
       boot_cortex_m.c.obj            40      0         0      
       memccpy.c.obj                  34      0         0      
       copy_decompress_none.c.obj     18      0         0      
       copy_zero_init.c.obj           16      0         0      
       wcslen.c.obj                   16      0         0      
       aeabi_portable.c.obj           8       0         4      
       exit.c.obj                     6       0         0      
       pre_init.c.obj                 4       0         0      
    +--+------------------------------+-------+---------+---------+
       Total:                         7438    355       4      
                                                               
    C:\ti\ccs2020\ccs\tools\compiler\ti-cgt-armllvm_4.0.3.LTS\lib\armv6m-ti-none-eabi/c/libsysbm.a
       hostexit.c.obj                 4       0         0      
    +--+------------------------------+-------+---------+---------+
       Total:                         4       0         0      
                                                               
    C:\ti\ccs2020\ccs\tools\compiler\ti-cgt-armllvm_4.0.3.LTS\lib\armv6m-ti-none-eabi/libclang_rt.builtins.a
       adddf3.S.obj                   434     0         0      
       divdf3.S.obj                   268     0         0      
       muldf3.S.obj                   244     0         0      
       comparedf2.c.obj               220     0         0      
       addsf3.S.obj                   216     0         0      
       udivmoddi4.S.obj               162     0         0      
       comparesf2.S.obj               118     0         0      
       truncdfsf2.S.obj               116     0         0      
       aeabi_dcmp.S.obj               98      0         0      
       aeabi_fcmp.S.obj               98      0         0      
       aeabi_idivmod.S.obj            86      0         0      
       fixdfsi.S.obj                  74      0         0      
       fixunsdfsi.S.obj               66      0         0      
       aeabi_uidivmod.S.obj           64      0         0      
       floatsisf.S.obj                60      0         0      
       muldsi3.S.obj                  58      0         0      
       floatsidf.S.obj                44      0         0      
       floatunsidf.S.obj              36      0         0      
       muldi3.S.obj                   36      0         0      
       ashldi3.S.obj                  30      0         0      
       aeabi_memset.S.obj             26      0         0      
       aeabi_uldivmod.S.obj           20      0         0      
       aeabi_memcpy.S.obj             8       0         0      
       aeabi_div0.c.obj               4       0         0      
    +--+------------------------------+-------+---------+---------+
       Total:                         2586    0         0      
                                                               
       Stack:                         0       0         512    
       Linker Generated:              0       43        0      
    +--+------------------------------+-------+---------+---------+
       Grand Total:                   30440   3322      1548   


LINKER GENERATED COPY TABLES

__TI_cinit_table @ 000083ec records: 2, size/record: 8, table size: 16
	.bss: load addr=000083dc, load size=00000008 bytes, run addr=20200000, run size=00000408 bytes, compression=zero_init
	.data: load addr=000083e4, load size=00000007 bytes, run addr=20200408, run size=00000004 bytes, compression=lzss


LINKER GENERATED HANDLER TABLE

__TI_handler_table @ 000083d0 records: 3, size/record: 4, table size: 12
	index: 0, handler: __TI_decompress_lzss
	index: 1, handler: __TI_decompress_none
	index: 2, handler: __TI_zero_init


FAR CALL TRAMPOLINES

callee name               trampoline name
   callee addr  tramp addr   call addr  call info
--------------  -----------  ---------  ----------------
__aeabi_dsub              $Tramp$TT$L$PI$$__aeabi_dsub
   00005991     00007748     00007746   libc.a : _printfi.c.obj (.text.OUTLINED_FUNCTION_0)
__aeabi_dmul              $Tramp$TT$L$PI$$__aeabi_dmul
   000064a9     00007764     00007760   libc.a : s_atan.c.obj (.text.OUTLINED_FUNCTION_0)
__aeabi_dadd              $Tramp$TT$L$PI$$__aeabi_dadd
   0000599b     00007790     0000778e   libc.a : s_round.c.obj (.text.OUTLINED_FUNCTION_0)
                             000077ac          : s_atan.c.obj (.text.OUTLINED_FUNCTION_1)

[3 trampolines]
[4 trampoline calls]


GLOBAL SYMBOLS: SORTED ALPHABETICALLY BY Name 

address   name                          
-------   ----                          
00005b23  ADC0_IRQHandler               
00005b23  ADC1_IRQHandler               
00005b23  AES_IRQHandler                
000077b4  C$$EXIT                       
00005b23  CANFD0_IRQHandler             
00005b23  DAC0_IRQHandler               
00007735  DL_Common_delayCycles         
00006f01  DL_I2C_fillControllerTXFIFO   
0000758d  DL_I2C_setClockConfig         
00005b23  DMA_IRQHandler                
00005b23  Default_Handler               
00008368  Diode                         
00005b23  GROUP0_IRQHandler             
00005b23  GROUP1_IRQHandler             
000077b5  HOSTexit                      
00005b23  HardFault_Handler             
00005b23  I2C0_IRQHandler               
00005b23  I2C1_IRQHandler               
00005b23  NMI_Handler                   
00007fea  OLED_CF16x16                  
0000767d  OLED_Clear                    
20200000  OLED_DisplayBuf               
000000c1  OLED_DrawArc                  
0000304d  OLED_DrawCircle               
000029a5  OLED_DrawEllipse              
00003691  OLED_DrawLine                 
00007515  OLED_DrawPoint                
00005df1  OLED_DrawRectangle            
0000560d  OLED_DrawTriangle             
00007db0  OLED_F6x8                     
000077c0  OLED_F8x16                    
00007491  OLED_GetPoint                 
00000c75  OLED_Init                     
0000753d  OLED_Printf                   
0000658d  OLED_Reverse                  
00006d75  OLED_ReverseArea              
00006189  OLED_SetCursor                
00004449  OLED_ShowBinNum               
000071b9  OLED_ShowChar                 
0000205d  OLED_ShowFloatNum             
000063b1  OLED_ShowHexNum               
00004dbd  OLED_ShowImage                
00004041  OLED_ShowNum                  
00003bd5  OLED_ShowSignedNum            
00005241  OLED_ShowString               
000057e5  OLED_Update                   
00005b23  PendSV_Handler                
00005b23  RTC_IRQHandler                
000077b9  Reset_Handler                 
00005b23  SPI0_IRQHandler               
00005b23  SPI1_IRQHandler               
00005b23  SVC_Handler                   
000075b5  SYSCFG_DL_GPIO_init           
000070c5  SYSCFG_DL_I2C_OLED_init       
00007241  SYSCFG_DL_SYSCTL_init         
00007691  SYSCFG_DL_init                
0000742d  SYSCFG_DL_initPower           
20200400  SYSTEMCLOCK                   
00005b23  SysTick_Handler               
00005b23  TIMA0_IRQHandler              
00005b23  TIMA1_IRQHandler              
00005b23  TIMG0_IRQHandler              
00005b23  TIMG12_IRQHandler             
00005b23  TIMG6_IRQHandler              
00005b23  TIMG7_IRQHandler              
00005b23  TIMG8_IRQHandler              
00005b23  UART0_IRQHandler              
00005b23  UART1_IRQHandler              
00005b23  UART2_IRQHandler              
00005b23  UART3_IRQHandler              
20208000  __STACK_END                   
00000200  __STACK_SIZE                  
00000000  __TI_ATRegion0_region_sz      
00000000  __TI_ATRegion0_src_addr       
00000000  __TI_ATRegion0_trg_addr       
00000000  __TI_ATRegion1_region_sz      
00000000  __TI_ATRegion1_src_addr       
00000000  __TI_ATRegion1_trg_addr       
00000000  __TI_ATRegion2_region_sz      
00000000  __TI_ATRegion2_src_addr       
00000000  __TI_ATRegion2_trg_addr       
000083ec  __TI_CINIT_Base               
000083fc  __TI_CINIT_Limit              
000083fc  __TI_CINIT_Warm               
000083d0  __TI_Handler_Table_Base       
000083dc  __TI_Handler_Table_Limit      
00007379  __TI_auto_init_nobinit_nopinit
00006b39  __TI_decompress_lzss          
000076cd  __TI_decompress_none          
00006fbd  __TI_ltoa                     
ffffffff  __TI_pprof_out_hndl           
0000168d  __TI_printfi                  
ffffffff  __TI_prof_data_size           
ffffffff  __TI_prof_data_start          
00000000  __TI_static_base__            
000076ef  __TI_zero_init                
0000599b  __adddf3                      
0000674f  __addsf3                      
00008220  __aeabi_ctype_table_          
00008220  __aeabi_ctype_table_C         
00006c31  __aeabi_d2f                   
0000716d  __aeabi_d2iz                  
000071fd  __aeabi_d2uiz                 
0000599b  __aeabi_dadd                  
00006dd9  __aeabi_dcmpeq                
00006e15  __aeabi_dcmpge                
00006e29  __aeabi_dcmpgt                
00006e01  __aeabi_dcmple                
00006ded  __aeabi_dcmplt                
000062a5  __aeabi_ddiv                  
000064a9  __aeabi_dmul                  
00005991  __aeabi_dsub                  
20200408  __aeabi_errno                 
00006c29  __aeabi_errno_addr            
0000674f  __aeabi_fadd                  
00006e3d  __aeabi_fcmpeq                
00006e79  __aeabi_fcmpge                
00006e8d  __aeabi_fcmpgt                
00006e65  __aeabi_fcmple                
00006e51  __aeabi_fcmplt                
00006745  __aeabi_fsub                  
000074bd  __aeabi_i2d                   
00007301  __aeabi_i2f                   
0000706d  __aeabi_idiv                  
00006d73  __aeabi_idiv0                 
0000706d  __aeabi_idivmod               
00006e3b  __aeabi_ldiv0                 
00007645  __aeabi_llsl                  
000075fd  __aeabi_lmul                  
0000771d  __aeabi_memclr                
0000771d  __aeabi_memclr4               
0000771d  __aeabi_memclr8               
000077a1  __aeabi_memcpy                
000077a1  __aeabi_memcpy4               
000077a1  __aeabi_memcpy8               
00007701  __aeabi_memset                
00007701  __aeabi_memset4               
00007701  __aeabi_memset8               
000075d9  __aeabi_ui2d                  
00007281  __aeabi_uidiv                 
00007281  __aeabi_uidivmod              
000076a5  __aeabi_uldivmod              
00007645  __ashldi3                     
ffffffff  __binit__                     
00006ca5  __cmpdf2                      
000073b5  __cmpsf2                      
000062a5  __divdf3                      
00006ca5  __eqdf2                       
000073b5  __eqsf2                       
0000716d  __fixdfsi                     
000071fd  __fixunsdfsi                  
000074bd  __floatsidf                   
00007301  __floatsisf                   
000075d9  __floatunsidf                 
00006bb5  __gedf2                       
0000733d  __gesf2                       
00006bb5  __gtdf2                       
0000733d  __gtsf2                       
00006ca5  __ledf2                       
000073b5  __lesf2                       
00006ca5  __ltdf2                       
000073b5  __ltsf2                       
UNDEFED   __mpu_init                    
000064a9  __muldf3                      
000075fd  __muldi3                      
000073f1  __muldsi3                     
00006ca5  __nedf2                       
000073b5  __nesf2                       
20207e00  __stack                       
20200000  __start___llvm_prf_bits       
20200000  __start___llvm_prf_cnts       
20200000  __stop___llvm_prf_bits        
20200000  __stop___llvm_prf_cnts        
00005991  __subdf3                      
00006745  __subsf3                      
00006c31  __truncdfsf2                  
0000696d  __udivmoddi4                  
00007565  _c_int00_noargs               
UNDEFED   _system_post_cinit            
000077bd  _system_pre_init              
000077af  abort                         
000047f1  atan                          
00005b25  atan2                         
00005b25  atan2l                        
000047f1  atanl                         
000072c1  atoi                          
ffffffff  binit                         
00007729  delay_init                    
0000681d  delay_ms                      
00005cad  floor                         
00005cad  floorl                        
00006f61  frexp                         
00006f61  frexpl                        
00000000  interruptVectors              
0000666d  ldexp                         
0000666d  ldexpl                        
00004ae9  main                          
00007621  memccpy                       
00006a0f  memcpy                        
00006e9f  memset                        
000068c5  round                         
000068c5  roundl                        
0000666d  scalbn                        
0000666d  scalbnl                       
00006ab1  strcmp                        
000074e9  vsprintf                      
000076df  wcslen                        


GLOBAL SYMBOLS: SORTED BY Symbol Address 

address   name                          
-------   ----                          
00000000  __TI_ATRegion0_region_sz      
00000000  __TI_ATRegion0_src_addr       
00000000  __TI_ATRegion0_trg_addr       
00000000  __TI_ATRegion1_region_sz      
00000000  __TI_ATRegion1_src_addr       
00000000  __TI_ATRegion1_trg_addr       
00000000  __TI_ATRegion2_region_sz      
00000000  __TI_ATRegion2_src_addr       
00000000  __TI_ATRegion2_trg_addr       
00000000  __TI_static_base__            
00000000  interruptVectors              
000000c1  OLED_DrawArc                  
00000200  __STACK_SIZE                  
00000c75  OLED_Init                     
0000168d  __TI_printfi                  
0000205d  OLED_ShowFloatNum             
000029a5  OLED_DrawEllipse              
0000304d  OLED_DrawCircle               
00003691  OLED_DrawLine                 
00003bd5  OLED_ShowSignedNum            
00004041  OLED_ShowNum                  
00004449  OLED_ShowBinNum               
000047f1  atan                          
000047f1  atanl                         
00004ae9  main                          
00004dbd  OLED_ShowImage                
00005241  OLED_ShowString               
0000560d  OLED_DrawTriangle             
000057e5  OLED_Update                   
00005991  __aeabi_dsub                  
00005991  __subdf3                      
0000599b  __adddf3                      
0000599b  __aeabi_dadd                  
00005b23  ADC0_IRQHandler               
00005b23  ADC1_IRQHandler               
00005b23  AES_IRQHandler                
00005b23  CANFD0_IRQHandler             
00005b23  DAC0_IRQHandler               
00005b23  DMA_IRQHandler                
00005b23  Default_Handler               
00005b23  GROUP0_IRQHandler             
00005b23  GROUP1_IRQHandler             
00005b23  HardFault_Handler             
00005b23  I2C0_IRQHandler               
00005b23  I2C1_IRQHandler               
00005b23  NMI_Handler                   
00005b23  PendSV_Handler                
00005b23  RTC_IRQHandler                
00005b23  SPI0_IRQHandler               
00005b23  SPI1_IRQHandler               
00005b23  SVC_Handler                   
00005b23  SysTick_Handler               
00005b23  TIMA0_IRQHandler              
00005b23  TIMA1_IRQHandler              
00005b23  TIMG0_IRQHandler              
00005b23  TIMG12_IRQHandler             
00005b23  TIMG6_IRQHandler              
00005b23  TIMG7_IRQHandler              
00005b23  TIMG8_IRQHandler              
00005b23  UART0_IRQHandler              
00005b23  UART1_IRQHandler              
00005b23  UART2_IRQHandler              
00005b23  UART3_IRQHandler              
00005b25  atan2                         
00005b25  atan2l                        
00005cad  floor                         
00005cad  floorl                        
00005df1  OLED_DrawRectangle            
00006189  OLED_SetCursor                
000062a5  __aeabi_ddiv                  
000062a5  __divdf3                      
000063b1  OLED_ShowHexNum               
000064a9  __aeabi_dmul                  
000064a9  __muldf3                      
0000658d  OLED_Reverse                  
0000666d  ldexp                         
0000666d  ldexpl                        
0000666d  scalbn                        
0000666d  scalbnl                       
00006745  __aeabi_fsub                  
00006745  __subsf3                      
0000674f  __addsf3                      
0000674f  __aeabi_fadd                  
0000681d  delay_ms                      
000068c5  round                         
000068c5  roundl                        
0000696d  __udivmoddi4                  
00006a0f  memcpy                        
00006ab1  strcmp                        
00006b39  __TI_decompress_lzss          
00006bb5  __gedf2                       
00006bb5  __gtdf2                       
00006c29  __aeabi_errno_addr            
00006c31  __aeabi_d2f                   
00006c31  __truncdfsf2                  
00006ca5  __cmpdf2                      
00006ca5  __eqdf2                       
00006ca5  __ledf2                       
00006ca5  __ltdf2                       
00006ca5  __nedf2                       
00006d73  __aeabi_idiv0                 
00006d75  OLED_ReverseArea              
00006dd9  __aeabi_dcmpeq                
00006ded  __aeabi_dcmplt                
00006e01  __aeabi_dcmple                
00006e15  __aeabi_dcmpge                
00006e29  __aeabi_dcmpgt                
00006e3b  __aeabi_ldiv0                 
00006e3d  __aeabi_fcmpeq                
00006e51  __aeabi_fcmplt                
00006e65  __aeabi_fcmple                
00006e79  __aeabi_fcmpge                
00006e8d  __aeabi_fcmpgt                
00006e9f  memset                        
00006f01  DL_I2C_fillControllerTXFIFO   
00006f61  frexp                         
00006f61  frexpl                        
00006fbd  __TI_ltoa                     
0000706d  __aeabi_idiv                  
0000706d  __aeabi_idivmod               
000070c5  SYSCFG_DL_I2C_OLED_init       
0000716d  __aeabi_d2iz                  
0000716d  __fixdfsi                     
000071b9  OLED_ShowChar                 
000071fd  __aeabi_d2uiz                 
000071fd  __fixunsdfsi                  
00007241  SYSCFG_DL_SYSCTL_init         
00007281  __aeabi_uidiv                 
00007281  __aeabi_uidivmod              
000072c1  atoi                          
00007301  __aeabi_i2f                   
00007301  __floatsisf                   
0000733d  __gesf2                       
0000733d  __gtsf2                       
00007379  __TI_auto_init_nobinit_nopinit
000073b5  __cmpsf2                      
000073b5  __eqsf2                       
000073b5  __lesf2                       
000073b5  __ltsf2                       
000073b5  __nesf2                       
000073f1  __muldsi3                     
0000742d  SYSCFG_DL_initPower           
00007491  OLED_GetPoint                 
000074bd  __aeabi_i2d                   
000074bd  __floatsidf                   
000074e9  vsprintf                      
00007515  OLED_DrawPoint                
0000753d  OLED_Printf                   
00007565  _c_int00_noargs               
0000758d  DL_I2C_setClockConfig         
000075b5  SYSCFG_DL_GPIO_init           
000075d9  __aeabi_ui2d                  
000075d9  __floatunsidf                 
000075fd  __aeabi_lmul                  
000075fd  __muldi3                      
00007621  memccpy                       
00007645  __aeabi_llsl                  
00007645  __ashldi3                     
0000767d  OLED_Clear                    
00007691  SYSCFG_DL_init                
000076a5  __aeabi_uldivmod              
000076cd  __TI_decompress_none          
000076df  wcslen                        
000076ef  __TI_zero_init                
00007701  __aeabi_memset                
00007701  __aeabi_memset4               
00007701  __aeabi_memset8               
0000771d  __aeabi_memclr                
0000771d  __aeabi_memclr4               
0000771d  __aeabi_memclr8               
00007729  delay_init                    
00007735  DL_Common_delayCycles         
000077a1  __aeabi_memcpy                
000077a1  __aeabi_memcpy4               
000077a1  __aeabi_memcpy8               
000077af  abort                         
000077b4  C$$EXIT                       
000077b5  HOSTexit                      
000077b9  Reset_Handler                 
000077bd  _system_pre_init              
000077c0  OLED_F8x16                    
00007db0  OLED_F6x8                     
00007fea  OLED_CF16x16                  
00008220  __aeabi_ctype_table_          
00008220  __aeabi_ctype_table_C         
00008368  Diode                         
000083d0  __TI_Handler_Table_Base       
000083dc  __TI_Handler_Table_Limit      
000083ec  __TI_CINIT_Base               
000083fc  __TI_CINIT_Limit              
000083fc  __TI_CINIT_Warm               
20200000  OLED_DisplayBuf               
20200000  __start___llvm_prf_bits       
20200000  __start___llvm_prf_cnts       
20200000  __stop___llvm_prf_bits        
20200000  __stop___llvm_prf_cnts        
20200400  SYSTEMCLOCK                   
20200408  __aeabi_errno                 
20207e00  __stack                       
20208000  __STACK_END                   
ffffffff  __TI_pprof_out_hndl           
ffffffff  __TI_prof_data_size           
ffffffff  __TI_prof_data_start          
ffffffff  __binit__                     
ffffffff  binit                         
UNDEFED   __mpu_init                    
UNDEFED   _system_post_cinit            

[207 symbols]
