******************************************************************************
            TI ARM Clang Linker PC v4.0.3                      
******************************************************************************
>> Linked Thu Jun 19 01:47:44 2025

OUTPUT FILE NAME:   <gpio_i2c_simulator_oled_driver.out>
ENTRY POINT SYMBOL: "_c_int00_noargs"  address: 00007185


MEMORY CONFIGURATION

         name            origin    length      used     unused   attr    fill
----------------------  --------  ---------  --------  --------  ----  --------
  FLASH                 00000000   00020000  00007ff0  00018010  R  X
  SRAM                  20200000   00008000  00000608  000079f8  RW X
  BCR_CONFIG            41c00000   00000080  00000000  00000080  R   
  BSL_CONFIG            41c00100   00000080  00000000  00000080  R   


SEGMENT ALLOCATION MAP

run origin  load origin   length   init length attrs members
----------  ----------- ---------- ----------- ----- -------
00000000    00000000    00007ff0   00007ff0    r-x
  00000000    00000000    000000c0   000000c0    r-- .intvecs
  000000c0    000000c0    000072f0   000072f0    r-x .text
  000073b0    000073b0    00000c10   00000c10    r-- .rodata
  00007fc0    00007fc0    00000030   00000030    r-- .cinit
20200000    20200000    00000408   00000000    rw-
  20200000    20200000    00000404   00000000    rw- .bss
  20200404    20200404    00000004   00000000    rw- .data
20207e00    20207e00    00000200   00000000    rw-
  20207e00    20207e00    00000200   00000000    rw- .stack


SECTION ALLOCATION MAP

 output                                  attributes/
section   page    origin      length       input sections
--------  ----  ----------  ----------   ----------------
.intvecs   0    00000000    000000c0     
                  00000000    000000c0     startup_mspm0g350x_ticlang.o (.intvecs)

.text      0    000000c0    000072f0     
                  000000c0    00000bb4     OLED.o (.text.OLED_DrawArc)
                  00000c74    000009d0     libc.a : _printfi.c.obj (.text:__TI_printfi)
                  00001644    00000948     OLED.o (.text.OLED_ShowFloatNum)
                  00001f8c    000006a8     OLED.o (.text.OLED_DrawEllipse)
                  00002634    00000644     OLED.o (.text.OLED_DrawCircle)
                  00002c78    00000544     OLED.o (.text.OLED_DrawLine)
                  000031bc    0000046c     OLED.o (.text.OLED_ShowSignedNum)
                  00003628    00000408     OLED.o (.text.OLED_ShowNum)
                  00003a30    000003a8     OLED.o (.text.OLED_ShowBinNum)
                  00003dd8    0000039c     OLED.o (.text.OLED_WriteData)
                  00004174    00000378     OLED.o (.text.OLED_WriteCommand)
                  000044ec    000002f8     libc.a : s_atan.c.obj (.text.atan)
                  000047e4    000002d4     main.o (.text.main)
                  00004ab8    00000264     OLED.o (.text.OLED_ShowImage)
                  00004d1c    00000220     libc.a : _printfi.c.obj (.text._pconv_a)
                  00004f3c    000001f0     OLED.o (.text.OLED_ShowString)
                  0000512c    000001dc     libc.a : _printfi.c.obj (.text._pconv_g)
                  00005308    000001d8     OLED.o (.text.OLED_DrawTriangle)
                  000054e0    000001bc     OLED.o (.text.OLED_Init)
                  0000569c    00000192     libclang_rt.builtins.a : adddf3.S.obj (.text.adddf3_subdf3)
                  0000582e    00000002     startup_mspm0g350x_ticlang.o (.text.Default_Handler)
                  00005830    00000188     libc.a : e_atan2.c.obj (.text.atan2)
                  000059b8    00000144            : s_floor.c.obj (.text.floor)
                  00005afc    0000013c     OLED.o (.text.OLED_DrawRectangle)
                  00005c38    0000013c     libc.a : _printfi.c.obj (.text.fcvt)
                  00005d74    00000120            : _printfi.c.obj (.text._pconv_e)
                  00005e94    0000010c     libclang_rt.builtins.a : divdf3.S.obj (.text.__divdf3)
                  00005fa0    00000104     OLED.o (.text.OLED_Update)
                  000060a4    000000f8     OLED.o (.text.OLED_ShowHexNum)
                  0000619c    000000e4     libclang_rt.builtins.a : muldf3.S.obj (.text.__muldf3)
                  00006280    000000e0     OLED.o (.text.OLED_Reverse)
                  00006360    000000d8     libc.a : s_scalbn.c.obj (.text.scalbn)
                  00006438    000000d8     libclang_rt.builtins.a : addsf3.S.obj (.text)
                  00006510    000000a8     libc.a : s_round.c.obj (.text.round)
                  000065b8    000000a2     libclang_rt.builtins.a : udivmoddi4.S.obj (.text)
                  0000665a    0000009a     libc.a : memcpy16.S.obj (.text:memcpy)
                  000066f4    00000094     delay.o (.text.delay_ms)
                  00006788    00000008     libc.a : s_atan.c.obj (.text.OUTLINED_FUNCTION_2)
                  00006790    00000088            : strcmp-armv6m.S.obj (.text:strcmp)
                  00006818    0000007c            : copy_decompress_lzss.c.obj (.text:decompress:lzss)
                  00006894    00000074     libclang_rt.builtins.a : comparedf2.c.obj (.text.__gedf2)
                  00006908    00000008     libc.a : aeabi_portable.c.obj (.text.__aeabi_errno_addr)
                  00006910    00000074     libclang_rt.builtins.a : truncdfsf2.S.obj (.text.__truncdfsf2)
                  00006984    00000068                            : comparedf2.c.obj (.text.__ledf2)
                  000069ec    00000066     libc.a : _printfi.c.obj (.text._mcpy)
                  00006a52    00000002     libclang_rt.builtins.a : aeabi_div0.c.obj (.text.__aeabi_idiv0)
                  00006a54    00000064     OLED.o (.text.OLED_ReverseArea)
                  00006ab8    00000062     libclang_rt.builtins.a : aeabi_dcmp.S.obj (.text.__aeabi_dcmp)
                  00006b1a    00000002                            : aeabi_div0.c.obj (.text.__aeabi_ldiv0)
                  00006b1c    00000062                            : aeabi_fcmp.S.obj (.text.__aeabi_fcmp)
                  00006b7e    00000062     libc.a : memset16.S.obj (.text:memset)
                  00006be0    0000005c            : s_frexp.c.obj (.text.frexp)
                  00006c3c    00000058            : _ltoa.c.obj (.text.__TI_ltoa)
                  00006c94    00000058            : _printfi.c.obj (.text._pconv_f)
                  00006cec    00000056     libclang_rt.builtins.a : aeabi_idivmod.S.obj (.text.__aeabi_idivmod)
                  00006d42    00000052     libc.a : _printfi.c.obj (.text._ecpy)
                  00006d94    0000004a     libclang_rt.builtins.a : fixdfsi.S.obj (.text.__fixdfsi)
                  00006dde    00000002     --HOLE-- [fill = 0]
                  00006de0    00000044     OLED.o (.text.OLED_ShowChar)
                  00006e24    00000042     libclang_rt.builtins.a : fixunsdfsi.S.obj (.text.__fixunsdfsi)
                  00006e66    00000002     --HOLE-- [fill = 0]
                  00006e68    00000040     ti_msp_dl_config.o (.text.SYSCFG_DL_SYSCTL_init)
                  00006ea8    00000040     libclang_rt.builtins.a : aeabi_uidivmod.S.obj (.text.__aeabi_uidivmod)
                  00006ee8    00000040     libc.a : atoi.c.obj (.text.atoi)
                  00006f28    0000003c     libclang_rt.builtins.a : floatsisf.S.obj (.text.__floatsisf)
                  00006f64    0000003c                            : comparesf2.S.obj (.text.__gtsf2)
                  00006fa0    0000003c     libc.a : autoinit.c.obj (.text:__TI_auto_init_nobinit_nopinit)
                  00006fdc    0000003a     libclang_rt.builtins.a : comparesf2.S.obj (.text.__eqsf2)
                  00007016    00000002     --HOLE-- [fill = 0]
                  00007018    0000003a                            : muldsi3.S.obj (.text.__muldsi3)
                  00007052    00000030     libc.a : _printfi.c.obj (.text._fcpy)
                  00007082    00000002     --HOLE-- [fill = 0]
                  00007084    0000002c     OLED.o (.text.OLED_GetPoint)
                  000070b0    0000002c     ti_msp_dl_config.o (.text.SYSCFG_DL_initPower)
                  000070dc    0000002c     libclang_rt.builtins.a : floatsidf.S.obj (.text.__floatsidf)
                  00007108    0000002c     libc.a : vsprintf.c.obj (.text.vsprintf)
                  00007134    00000028     OLED.o (.text.OLED_DrawPoint)
                  0000715c    00000028     OLED.o (.text.OLED_Printf)
                  00007184    00000028     libc.a : boot_cortex_m.c.obj (.text:_c_int00_noargs)
                  000071ac    00000024     libclang_rt.builtins.a : floatunsidf.S.obj (.text.__floatunsidf)
                  000071d0    00000024                            : muldi3.S.obj (.text.__muldi3)
                  000071f4    00000022     libc.a : memccpy.c.obj (.text.memccpy)
                  00007216    00000002     --HOLE-- [fill = 0]
                  00007218    00000020     ti_msp_dl_config.o (.text.SYSCFG_DL_GPIO_init)
                  00007238    0000001e     libclang_rt.builtins.a : ashldi3.S.obj (.text.__ashldi3)
                  00007256    00000018     libc.a : vsprintf.c.obj (.text._outs)
                  0000726e    00000002     --HOLE-- [fill = 0]
                  00007270    00000014     OLED.o (.text.OLED_Clear)
                  00007284    00000014     libclang_rt.builtins.a : aeabi_uldivmod.S.obj (.text.__aeabi_uldivmod)
                  00007298    00000014     libc.a : _printfi.c.obj (.text.strchr)
                  000072ac    00000012            : copy_decompress_none.c.obj (.text:decompress:none)
                  000072be    00000010     ti_msp_dl_config.o (.text.SYSCFG_DL_init)
                  000072ce    00000010     libc.a : wcslen.c.obj (.text.wcslen)
                  000072de    00000010            : copy_zero_init.c.obj (.text:decompress:ZI)
                  000072ee    00000002     --HOLE-- [fill = 0]
                  000072f0    0000000e     libclang_rt.builtins.a : aeabi_memset.S.obj (.text.__aeabi_memset)
                  000072fe    0000000e     libc.a : _printfi.c.obj (.text.strlen)
                  0000730c    0000000c     libclang_rt.builtins.a : aeabi_memset.S.obj (.text.__aeabi_memclr)
                  00007318    0000000c     delay.o (.text.delay_init)
                  00007324    0000000a     driverlib.a : dl_common.o (.text.DL_Common_delayCycles)
                  0000732e    0000000a     libc.a : _printfi.c.obj (.text.OUTLINED_FUNCTION_0)
                  00007338    00000010     libclang_rt.builtins.a : adddf3.S.obj (.tramp.__aeabi_dsub.1)
                  00007348    0000000a     libc.a : s_atan.c.obj (.text.OUTLINED_FUNCTION_0)
                  00007352    00000002     --HOLE-- [fill = 0]
                  00007354    00000010     libclang_rt.builtins.a : muldf3.S.obj (.tramp.__aeabi_dmul.1)
                  00007364    0000000a     libc.a : _printfi.c.obj (.text.OUTLINED_FUNCTION_1)
                  0000736e    0000000a            : vsprintf.c.obj (.text._outc)
                  00007378    00000008            : s_round.c.obj (.text.OUTLINED_FUNCTION_0)
                  00007380    00000010     libclang_rt.builtins.a : adddf3.S.obj (.tramp.__aeabi_dadd.1)
                  00007390    00000008                            : aeabi_memcpy.S.obj (.text.__aeabi_memcpy)
                  00007398    00000006     libc.a : s_atan.c.obj (.text.OUTLINED_FUNCTION_1)
                  0000739e    00000006            : exit.c.obj (.text:abort)
                  000073a4    00000004     libsysbm.a : hostexit.c.obj (.text.HOSTexit)
                  000073a8    00000004     startup_mspm0g350x_ticlang.o (.text.Reset_Handler)
                  000073ac    00000004     libc.a : pre_init.c.obj (.text._system_pre_init)

.cinit     0    00007fc0    00000030     
                  00007fc0    0000000c     (__TI_handler_table)
                  00007fcc    00000008     (.cinit..bss.load) [load image, compression = zero_init]
                  00007fd4    00000007     (.cinit..data.load) [load image, compression = lzss]
                  00007fdb    00000001     --HOLE-- [fill = 0]
                  00007fdc    00000010     (__TI_cinit_table)
                  00007fec    00000004     --HOLE-- [fill = 0]

.rodata    0    000073b0    00000c10     
                  000073b0    000005f0     OLED_Data.o (.rodata.OLED_F8x16)
                  000079a0    0000023a     OLED_Data.o (.rodata.OLED_F6x8)
                  00007bda    0000022b     OLED_Data.o (.rodata.OLED_CF16x16)
                  00007e05    00000007     main.o (.rodata.str1.17100691992556644108.1)
                  00007e0c    00000004     main.o (.rodata.str1.18227636981041470289.1)
                  00007e10    00000101     libc.a : aeabi_ctype.S.obj (.rodata:__aeabi_ctype_table_)
                  00007f11    00000004     main.o (.rodata.str1.2846389346932560359.1)
                  00007f15    00000003     --HOLE-- [fill = 0]
                  00007f18    00000040     libc.a : s_atan.c.obj (.rodata.cst32)
                  00007f58    00000020     OLED_Data.o (.rodata.Diode)
                  00007f78    00000019     main.o (.rodata.str1.8154729771448623357.1)
                  00007f91    00000011     libc.a : _printfi.c.obj (.rodata.str1.10348868589481759720.1)
                  00007fa2    00000011            : _printfi.c.obj (.rodata.str1.15363888844622738466.1)
                  00007fb3    0000000d     main.o (.rodata.str1.15159059442110792349.1)

.init_array 
*          0    00000000    00000000     UNINITIALIZED

.binit     0    00000000    00000000     

.bss       0    20200000    00000404     UNINITIALIZED
                  20200000    00000400     (.common:OLED_DisplayBuf)
                  20200400    00000004     (.common:SYSTEMCLOCK)

.data      0    20200404    00000004     UNINITIALIZED
                  20200404    00000004     libc.a : aeabi_portable.c.obj (.data.__aeabi_errno)

.stack     0    20207e00    00000200     UNINITIALIZED
                  20207e00    00000004     libc.a : boot_cortex_m.c.obj (.stack)
                  20207e04    000001fc     --HOLE--

__llvm_prf_cnts 
*          0    20200000    00000000     UNINITIALIZED

__llvm_prf_bits 
*          0    20200000    00000000     UNINITIALIZED

MODULE SUMMARY

       Module                         code    ro data   rw data
       ------                         ----    -------   -------
    .\
       main.o                         724     53        0      
       startup_mspm0g350x_ticlang.o   6       192       0      
       ti_msp_dl_config.o             156     0         0      
    +--+------------------------------+-------+---------+---------+
       Total:                         886     245       0      
                                                               
    .\hardware\OLED\
       OLED.o                         18324   0         1024   
       OLED_Data.o                    0       2677      0      
    +--+------------------------------+-------+---------+---------+
       Total:                         18324   2677      1024   
                                                               
    .\hardware\delay\
       delay.o                        160     0         4      
    +--+------------------------------+-------+---------+---------+
       Total:                         160     0         4      
                                                               
    C:/ti/mspm0_sdk_2_01_00_03/source/ti/driverlib/lib/ticlang/m0p/mspm0g1x0x_g3x0x/driverlib.a
       dl_common.o                    10      0         0      
    +--+------------------------------+-------+---------+---------+
       Total:                         10      0         0      
                                                               
    C:\ti\ccs2020\ccs\tools\compiler\ti-cgt-armllvm_4.0.3.LTS\lib\armv6m-ti-none-eabi/c/libc.a
       _printfi.c.obj                 4510    34        0      
       s_atan.c.obj                   784     64        0      
       e_atan2.c.obj                  392     0         0      
       s_floor.c.obj                  324     0         0      
       aeabi_ctype.S.obj              0       257       0      
       s_scalbn.c.obj                 216     0         0      
       s_round.c.obj                  176     0         0      
       memcpy16.S.obj                 154     0         0      
       strcmp-armv6m.S.obj            136     0         0      
       copy_decompress_lzss.c.obj     124     0         0      
       memset16.S.obj                 98      0         0      
       s_frexp.c.obj                  92      0         0      
       _ltoa.c.obj                    88      0         0      
       vsprintf.c.obj                 78      0         0      
       atoi.c.obj                     64      0         0      
       autoinit.c.obj                 60      0         0      
       boot_cortex_m.c.obj            40      0         0      
       memccpy.c.obj                  34      0         0      
       copy_decompress_none.c.obj     18      0         0      
       copy_zero_init.c.obj           16      0         0      
       wcslen.c.obj                   16      0         0      
       aeabi_portable.c.obj           8       0         4      
       exit.c.obj                     6       0         0      
       pre_init.c.obj                 4       0         0      
    +--+------------------------------+-------+---------+---------+
       Total:                         7438    355       4      
                                                               
    C:\ti\ccs2020\ccs\tools\compiler\ti-cgt-armllvm_4.0.3.LTS\lib\armv6m-ti-none-eabi/c/libsysbm.a
       hostexit.c.obj                 4       0         0      
    +--+------------------------------+-------+---------+---------+
       Total:                         4       0         0      
                                                               
    C:\ti\ccs2020\ccs\tools\compiler\ti-cgt-armllvm_4.0.3.LTS\lib\armv6m-ti-none-eabi/libclang_rt.builtins.a
       adddf3.S.obj                   434     0         0      
       divdf3.S.obj                   268     0         0      
       muldf3.S.obj                   244     0         0      
       comparedf2.c.obj               220     0         0      
       addsf3.S.obj                   216     0         0      
       udivmoddi4.S.obj               162     0         0      
       comparesf2.S.obj               118     0         0      
       truncdfsf2.S.obj               116     0         0      
       aeabi_dcmp.S.obj               98      0         0      
       aeabi_fcmp.S.obj               98      0         0      
       aeabi_idivmod.S.obj            86      0         0      
       fixdfsi.S.obj                  74      0         0      
       fixunsdfsi.S.obj               66      0         0      
       aeabi_uidivmod.S.obj           64      0         0      
       floatsisf.S.obj                60      0         0      
       muldsi3.S.obj                  58      0         0      
       floatsidf.S.obj                44      0         0      
       floatunsidf.S.obj              36      0         0      
       muldi3.S.obj                   36      0         0      
       ashldi3.S.obj                  30      0         0      
       aeabi_memset.S.obj             26      0         0      
       aeabi_uldivmod.S.obj           20      0         0      
       aeabi_memcpy.S.obj             8       0         0      
       aeabi_div0.c.obj               4       0         0      
    +--+------------------------------+-------+---------+---------+
       Total:                         2586    0         0      
                                                               
       Stack:                         0       0         512    
       Linker Generated:              0       43        0      
    +--+------------------------------+-------+---------+---------+
       Grand Total:                   29408   3320      1544   


LINKER GENERATED COPY TABLES

__TI_cinit_table @ 00007fdc records: 2, size/record: 8, table size: 16
	.bss: load addr=00007fcc, load size=00000008 bytes, run addr=20200000, run size=00000404 bytes, compression=zero_init
	.data: load addr=00007fd4, load size=00000007 bytes, run addr=20200404, run size=00000004 bytes, compression=lzss


LINKER GENERATED HANDLER TABLE

__TI_handler_table @ 00007fc0 records: 3, size/record: 4, table size: 12
	index: 0, handler: __TI_decompress_lzss
	index: 1, handler: __TI_decompress_none
	index: 2, handler: __TI_zero_init


FAR CALL TRAMPOLINES

callee name               trampoline name
   callee addr  tramp addr   call addr  call info
--------------  -----------  ---------  ----------------
__aeabi_dsub              $Tramp$TT$L$PI$$__aeabi_dsub
   0000569d     00007338     00007336   libc.a : _printfi.c.obj (.text.OUTLINED_FUNCTION_0)
__aeabi_dmul              $Tramp$TT$L$PI$$__aeabi_dmul
   0000619d     00007354     00007350   libc.a : s_atan.c.obj (.text.OUTLINED_FUNCTION_0)
__aeabi_dadd              $Tramp$TT$L$PI$$__aeabi_dadd
   000056a7     00007380     0000737e   libc.a : s_round.c.obj (.text.OUTLINED_FUNCTION_0)
                             0000739c          : s_atan.c.obj (.text.OUTLINED_FUNCTION_1)

[3 trampolines]
[4 trampoline calls]


GLOBAL SYMBOLS: SORTED ALPHABETICALLY BY Name 

address   name                          
-------   ----                          
0000582f  ADC0_IRQHandler               
0000582f  ADC1_IRQHandler               
0000582f  AES_IRQHandler                
000073a4  C$$EXIT                       
0000582f  CANFD0_IRQHandler             
0000582f  DAC0_IRQHandler               
00007325  DL_Common_delayCycles         
0000582f  DMA_IRQHandler                
0000582f  Default_Handler               
00007f58  Diode                         
0000582f  GROUP0_IRQHandler             
0000582f  GROUP1_IRQHandler             
000073a5  HOSTexit                      
0000582f  HardFault_Handler             
0000582f  I2C0_IRQHandler               
0000582f  I2C1_IRQHandler               
0000582f  NMI_Handler                   
00007bda  OLED_CF16x16                  
00007271  OLED_Clear                    
20200000  OLED_DisplayBuf               
000000c1  OLED_DrawArc                  
00002635  OLED_DrawCircle               
00001f8d  OLED_DrawEllipse              
00002c79  OLED_DrawLine                 
00007135  OLED_DrawPoint                
00005afd  OLED_DrawRectangle            
00005309  OLED_DrawTriangle             
000079a0  OLED_F6x8                     
000073b0  OLED_F8x16                    
00007085  OLED_GetPoint                 
000054e1  OLED_Init                     
0000715d  OLED_Printf                   
00006281  OLED_Reverse                  
00006a55  OLED_ReverseArea              
00003a31  OLED_ShowBinNum               
00006de1  OLED_ShowChar                 
00001645  OLED_ShowFloatNum             
000060a5  OLED_ShowHexNum               
00004ab9  OLED_ShowImage                
00003629  OLED_ShowNum                  
000031bd  OLED_ShowSignedNum            
00004f3d  OLED_ShowString               
00005fa1  OLED_Update                   
00004175  OLED_WriteCommand             
00003dd9  OLED_WriteData                
0000582f  PendSV_Handler                
0000582f  RTC_IRQHandler                
000073a9  Reset_Handler                 
0000582f  SPI0_IRQHandler               
0000582f  SPI1_IRQHandler               
0000582f  SVC_Handler                   
00007219  SYSCFG_DL_GPIO_init           
00006e69  SYSCFG_DL_SYSCTL_init         
000072bf  SYSCFG_DL_init                
000070b1  SYSCFG_DL_initPower           
20200400  SYSTEMCLOCK                   
0000582f  SysTick_Handler               
0000582f  TIMA0_IRQHandler              
0000582f  TIMA1_IRQHandler              
0000582f  TIMG0_IRQHandler              
0000582f  TIMG12_IRQHandler             
0000582f  TIMG6_IRQHandler              
0000582f  TIMG7_IRQHandler              
0000582f  TIMG8_IRQHandler              
0000582f  UART0_IRQHandler              
0000582f  UART1_IRQHandler              
0000582f  UART2_IRQHandler              
0000582f  UART3_IRQHandler              
20208000  __STACK_END                   
00000200  __STACK_SIZE                  
00000000  __TI_ATRegion0_region_sz      
00000000  __TI_ATRegion0_src_addr       
00000000  __TI_ATRegion0_trg_addr       
00000000  __TI_ATRegion1_region_sz      
00000000  __TI_ATRegion1_src_addr       
00000000  __TI_ATRegion1_trg_addr       
00000000  __TI_ATRegion2_region_sz      
00000000  __TI_ATRegion2_src_addr       
00000000  __TI_ATRegion2_trg_addr       
00007fdc  __TI_CINIT_Base               
00007fec  __TI_CINIT_Limit              
00007fec  __TI_CINIT_Warm               
00007fc0  __TI_Handler_Table_Base       
00007fcc  __TI_Handler_Table_Limit      
00006fa1  __TI_auto_init_nobinit_nopinit
00006819  __TI_decompress_lzss          
000072ad  __TI_decompress_none          
00006c3d  __TI_ltoa                     
ffffffff  __TI_pprof_out_hndl           
00000c75  __TI_printfi                  
ffffffff  __TI_prof_data_size           
ffffffff  __TI_prof_data_start          
00000000  __TI_static_base__            
000072df  __TI_zero_init                
000056a7  __adddf3                      
00006443  __addsf3                      
00007e10  __aeabi_ctype_table_          
00007e10  __aeabi_ctype_table_C         
00006911  __aeabi_d2f                   
00006d95  __aeabi_d2iz                  
00006e25  __aeabi_d2uiz                 
000056a7  __aeabi_dadd                  
00006ab9  __aeabi_dcmpeq                
00006af5  __aeabi_dcmpge                
00006b09  __aeabi_dcmpgt                
00006ae1  __aeabi_dcmple                
00006acd  __aeabi_dcmplt                
00005e95  __aeabi_ddiv                  
0000619d  __aeabi_dmul                  
0000569d  __aeabi_dsub                  
20200404  __aeabi_errno                 
00006909  __aeabi_errno_addr            
00006443  __aeabi_fadd                  
00006b1d  __aeabi_fcmpeq                
00006b59  __aeabi_fcmpge                
00006b6d  __aeabi_fcmpgt                
00006b45  __aeabi_fcmple                
00006b31  __aeabi_fcmplt                
00006439  __aeabi_fsub                  
000070dd  __aeabi_i2d                   
00006f29  __aeabi_i2f                   
00006ced  __aeabi_idiv                  
00006a53  __aeabi_idiv0                 
00006ced  __aeabi_idivmod               
00006b1b  __aeabi_ldiv0                 
00007239  __aeabi_llsl                  
000071d1  __aeabi_lmul                  
0000730d  __aeabi_memclr                
0000730d  __aeabi_memclr4               
0000730d  __aeabi_memclr8               
00007391  __aeabi_memcpy                
00007391  __aeabi_memcpy4               
00007391  __aeabi_memcpy8               
000072f1  __aeabi_memset                
000072f1  __aeabi_memset4               
000072f1  __aeabi_memset8               
000071ad  __aeabi_ui2d                  
00006ea9  __aeabi_uidiv                 
00006ea9  __aeabi_uidivmod              
00007285  __aeabi_uldivmod              
00007239  __ashldi3                     
ffffffff  __binit__                     
00006985  __cmpdf2                      
00006fdd  __cmpsf2                      
00005e95  __divdf3                      
00006985  __eqdf2                       
00006fdd  __eqsf2                       
00006d95  __fixdfsi                     
00006e25  __fixunsdfsi                  
000070dd  __floatsidf                   
00006f29  __floatsisf                   
000071ad  __floatunsidf                 
00006895  __gedf2                       
00006f65  __gesf2                       
00006895  __gtdf2                       
00006f65  __gtsf2                       
00006985  __ledf2                       
00006fdd  __lesf2                       
00006985  __ltdf2                       
00006fdd  __ltsf2                       
UNDEFED   __mpu_init                    
0000619d  __muldf3                      
000071d1  __muldi3                      
00007019  __muldsi3                     
00006985  __nedf2                       
00006fdd  __nesf2                       
20207e00  __stack                       
20200000  __start___llvm_prf_bits       
20200000  __start___llvm_prf_cnts       
20200000  __stop___llvm_prf_bits        
20200000  __stop___llvm_prf_cnts        
0000569d  __subdf3                      
00006439  __subsf3                      
00006911  __truncdfsf2                  
000065b9  __udivmoddi4                  
00007185  _c_int00_noargs               
UNDEFED   _system_post_cinit            
000073ad  _system_pre_init              
0000739f  abort                         
000044ed  atan                          
00005831  atan2                         
00005831  atan2l                        
000044ed  atanl                         
00006ee9  atoi                          
ffffffff  binit                         
00007319  delay_init                    
000066f5  delay_ms                      
000059b9  floor                         
000059b9  floorl                        
00006be1  frexp                         
00006be1  frexpl                        
00000000  interruptVectors              
00006361  ldexp                         
00006361  ldexpl                        
000047e5  main                          
000071f5  memccpy                       
0000665b  memcpy                        
00006b7f  memset                        
00006511  round                         
00006511  roundl                        
00006361  scalbn                        
00006361  scalbnl                       
00006791  strcmp                        
00007109  vsprintf                      
000072cf  wcslen                        


GLOBAL SYMBOLS: SORTED BY Symbol Address 

address   name                          
-------   ----                          
00000000  __TI_ATRegion0_region_sz      
00000000  __TI_ATRegion0_src_addr       
00000000  __TI_ATRegion0_trg_addr       
00000000  __TI_ATRegion1_region_sz      
00000000  __TI_ATRegion1_src_addr       
00000000  __TI_ATRegion1_trg_addr       
00000000  __TI_ATRegion2_region_sz      
00000000  __TI_ATRegion2_src_addr       
00000000  __TI_ATRegion2_trg_addr       
00000000  __TI_static_base__            
00000000  interruptVectors              
000000c1  OLED_DrawArc                  
00000200  __STACK_SIZE                  
00000c75  __TI_printfi                  
00001645  OLED_ShowFloatNum             
00001f8d  OLED_DrawEllipse              
00002635  OLED_DrawCircle               
00002c79  OLED_DrawLine                 
000031bd  OLED_ShowSignedNum            
00003629  OLED_ShowNum                  
00003a31  OLED_ShowBinNum               
00003dd9  OLED_WriteData                
00004175  OLED_WriteCommand             
000044ed  atan                          
000044ed  atanl                         
000047e5  main                          
00004ab9  OLED_ShowImage                
00004f3d  OLED_ShowString               
00005309  OLED_DrawTriangle             
000054e1  OLED_Init                     
0000569d  __aeabi_dsub                  
0000569d  __subdf3                      
000056a7  __adddf3                      
000056a7  __aeabi_dadd                  
0000582f  ADC0_IRQHandler               
0000582f  ADC1_IRQHandler               
0000582f  AES_IRQHandler                
0000582f  CANFD0_IRQHandler             
0000582f  DAC0_IRQHandler               
0000582f  DMA_IRQHandler                
0000582f  Default_Handler               
0000582f  GROUP0_IRQHandler             
0000582f  GROUP1_IRQHandler             
0000582f  HardFault_Handler             
0000582f  I2C0_IRQHandler               
0000582f  I2C1_IRQHandler               
0000582f  NMI_Handler                   
0000582f  PendSV_Handler                
0000582f  RTC_IRQHandler                
0000582f  SPI0_IRQHandler               
0000582f  SPI1_IRQHandler               
0000582f  SVC_Handler                   
0000582f  SysTick_Handler               
0000582f  TIMA0_IRQHandler              
0000582f  TIMA1_IRQHandler              
0000582f  TIMG0_IRQHandler              
0000582f  TIMG12_IRQHandler             
0000582f  TIMG6_IRQHandler              
0000582f  TIMG7_IRQHandler              
0000582f  TIMG8_IRQHandler              
0000582f  UART0_IRQHandler              
0000582f  UART1_IRQHandler              
0000582f  UART2_IRQHandler              
0000582f  UART3_IRQHandler              
00005831  atan2                         
00005831  atan2l                        
000059b9  floor                         
000059b9  floorl                        
00005afd  OLED_DrawRectangle            
00005e95  __aeabi_ddiv                  
00005e95  __divdf3                      
00005fa1  OLED_Update                   
000060a5  OLED_ShowHexNum               
0000619d  __aeabi_dmul                  
0000619d  __muldf3                      
00006281  OLED_Reverse                  
00006361  ldexp                         
00006361  ldexpl                        
00006361  scalbn                        
00006361  scalbnl                       
00006439  __aeabi_fsub                  
00006439  __subsf3                      
00006443  __addsf3                      
00006443  __aeabi_fadd                  
00006511  round                         
00006511  roundl                        
000065b9  __udivmoddi4                  
0000665b  memcpy                        
000066f5  delay_ms                      
00006791  strcmp                        
00006819  __TI_decompress_lzss          
00006895  __gedf2                       
00006895  __gtdf2                       
00006909  __aeabi_errno_addr            
00006911  __aeabi_d2f                   
00006911  __truncdfsf2                  
00006985  __cmpdf2                      
00006985  __eqdf2                       
00006985  __ledf2                       
00006985  __ltdf2                       
00006985  __nedf2                       
00006a53  __aeabi_idiv0                 
00006a55  OLED_ReverseArea              
00006ab9  __aeabi_dcmpeq                
00006acd  __aeabi_dcmplt                
00006ae1  __aeabi_dcmple                
00006af5  __aeabi_dcmpge                
00006b09  __aeabi_dcmpgt                
00006b1b  __aeabi_ldiv0                 
00006b1d  __aeabi_fcmpeq                
00006b31  __aeabi_fcmplt                
00006b45  __aeabi_fcmple                
00006b59  __aeabi_fcmpge                
00006b6d  __aeabi_fcmpgt                
00006b7f  memset                        
00006be1  frexp                         
00006be1  frexpl                        
00006c3d  __TI_ltoa                     
00006ced  __aeabi_idiv                  
00006ced  __aeabi_idivmod               
00006d95  __aeabi_d2iz                  
00006d95  __fixdfsi                     
00006de1  OLED_ShowChar                 
00006e25  __aeabi_d2uiz                 
00006e25  __fixunsdfsi                  
00006e69  SYSCFG_DL_SYSCTL_init         
00006ea9  __aeabi_uidiv                 
00006ea9  __aeabi_uidivmod              
00006ee9  atoi                          
00006f29  __aeabi_i2f                   
00006f29  __floatsisf                   
00006f65  __gesf2                       
00006f65  __gtsf2                       
00006fa1  __TI_auto_init_nobinit_nopinit
00006fdd  __cmpsf2                      
00006fdd  __eqsf2                       
00006fdd  __lesf2                       
00006fdd  __ltsf2                       
00006fdd  __nesf2                       
00007019  __muldsi3                     
00007085  OLED_GetPoint                 
000070b1  SYSCFG_DL_initPower           
000070dd  __aeabi_i2d                   
000070dd  __floatsidf                   
00007109  vsprintf                      
00007135  OLED_DrawPoint                
0000715d  OLED_Printf                   
00007185  _c_int00_noargs               
000071ad  __aeabi_ui2d                  
000071ad  __floatunsidf                 
000071d1  __aeabi_lmul                  
000071d1  __muldi3                      
000071f5  memccpy                       
00007219  SYSCFG_DL_GPIO_init           
00007239  __aeabi_llsl                  
00007239  __ashldi3                     
00007271  OLED_Clear                    
00007285  __aeabi_uldivmod              
000072ad  __TI_decompress_none          
000072bf  SYSCFG_DL_init                
000072cf  wcslen                        
000072df  __TI_zero_init                
000072f1  __aeabi_memset                
000072f1  __aeabi_memset4               
000072f1  __aeabi_memset8               
0000730d  __aeabi_memclr                
0000730d  __aeabi_memclr4               
0000730d  __aeabi_memclr8               
00007319  delay_init                    
00007325  DL_Common_delayCycles         
00007391  __aeabi_memcpy                
00007391  __aeabi_memcpy4               
00007391  __aeabi_memcpy8               
0000739f  abort                         
000073a4  C$$EXIT                       
000073a5  HOSTexit                      
000073a9  Reset_Handler                 
000073ad  _system_pre_init              
000073b0  OLED_F8x16                    
000079a0  OLED_F6x8                     
00007bda  OLED_CF16x16                  
00007e10  __aeabi_ctype_table_          
00007e10  __aeabi_ctype_table_C         
00007f58  Diode                         
00007fc0  __TI_Handler_Table_Base       
00007fcc  __TI_Handler_Table_Limit      
00007fdc  __TI_CINIT_Base               
00007fec  __TI_CINIT_Limit              
00007fec  __TI_CINIT_Warm               
20200000  OLED_DisplayBuf               
20200000  __start___llvm_prf_bits       
20200000  __start___llvm_prf_cnts       
20200000  __stop___llvm_prf_bits        
20200000  __stop___llvm_prf_cnts        
20200400  SYSTEMCLOCK                   
20200404  __aeabi_errno                 
20207e00  __stack                       
20208000  __STACK_END                   
ffffffff  __TI_pprof_out_hndl           
ffffffff  __TI_prof_data_size           
ffffffff  __TI_prof_data_start          
ffffffff  __binit__                     
ffffffff  binit                         
UNDEFED   __mpu_init                    
UNDEFED   _system_post_cinit            

[205 symbols]
