******************************************************************************
            TI ARM Clang Linker PC v4.0.3                      
******************************************************************************
>> Linked Fri Jun 13 23:56:28 2025

OUTPUT FILE NAME:   <empty_LP_MSPM0G3507_nortos_ticlang.out>
ENTRY POINT SYMBOL: "_c_int00_noargs"  address: 00001ec9


MEMORY CONFIGURATION

         name            origin    length      used     unused   attr    fill
----------------------  --------  ---------  --------  --------  ----  --------
  FLASH                 00000000   00020000  000023c0  0001dc40  R  X
  SRAM                  20200000   00008000  0000087c  00007784  RW X
  BCR_CONFIG            41c00000   00000080  00000000  00000080  R   
  BSL_CONFIG            41c00100   00000080  00000000  00000080  R   


SEGMENT ALLOCATION MAP

run origin  load origin   length   init length attrs members
----------  ----------- ---------- ----------- ----- -------
00000000    00000000    000023c0   000023c0    r-x
  00000000    00000000    000000c0   000000c0    r-- .intvecs
  000000c0    000000c0    00001ed0   00001ed0    r-x .text
  00001f90    00001f90    00000050   00000050    r-- .rodata
  00001fe0    00001fe0    000003e0   000003e0    r-- .cinit
20200000    20200000    0000067c   00000000    rw-
  20200000    20200000    000005f0   00000000    rw- .data
  202005f0    202005f0    0000008c   00000000    rw- .bss
20207e00    20207e00    00000200   00000000    rw-
  20207e00    20207e00    00000200   00000000    rw- .stack


SECTION ALLOCATION MAP

 output                                  attributes/
section   page    origin      length       input sections
--------  ----  ----------  ----------   ----------------
.intvecs   0    00000000    000000c0     
                  00000000    000000c0     startup_mspm0g350x_ticlang.o (.intvecs)

.text      0    000000c0    00001ed0     
                  000000c0    0000096c     OLED.o (.text.OLED_Init)
                  00000a2c    000006f0     OLED.o (.text.OLED_ShowFloatNum)
                  0000111c    00000310     OLED.o (.text.OLED_ShowChar)
                  0000142c    0000019c     main.o (.text.main)
                  000015c8    0000011c     OLED.o (.text.OLED_SetCursor)
                  000016e4    000000e4     libclang_rt.builtins.a : muldf3.S.obj (.text.__muldf3)
                  000017c8    0000009a     libc.a : memcpy16.S.obj (.text:memcpy)
                  00001862    00000002     startup_mspm0g350x_ticlang.o (.text.Default_Handler)
                  00001864    00000094     delay.o (.text.delay_ms)
                  000018f8    0000008c     libclang_rt.builtins.a : mulsf3.S.obj (.text.__mulsf3)
                  00001984    0000007c     libc.a : copy_decompress_lzss.c.obj (.text:decompress:lzss)
                  00001a00    00000074     libclang_rt.builtins.a : truncdfsf2.S.obj (.text.__truncdfsf2)
                  00001a74    0000006c     ti_msp_dl_config.o (.text.SYSCFG_DL_UART_JY901S_init)
                  00001ae0    0000005e     driverlib.a : dl_i2c.o (.text.DL_I2C_fillControllerTXFIFO)
                  00001b3e    00000054     OLED.o (.text.OLED_ShowString)
                  00001b92    00000002     libclang_rt.builtins.a : aeabi_div0.c.obj (.text.__aeabi_idiv0)
                  00001b94    00000054     ti_msp_dl_config.o (.text.SYSCFG_DL_I2C_OLED_init)
                  00001be8    0000004c     driverlib.a : dl_dma.o (.text.DL_DMA_initChannel)
                  00001c34    00000048                 : dl_uart.o (.text.DL_UART_init)
                  00001c7c    00000040     ti_msp_dl_config.o (.text.SYSCFG_DL_SYSCTL_init)
                  00001cbc    00000040     ti_msp_dl_config.o (.text.SYSCFG_DL_initPower)
                  00001cfc    00000040     libclang_rt.builtins.a : aeabi_uidivmod.S.obj (.text.__aeabi_uidivmod)
                  00001d3c    0000003c     libc.a : autoinit.c.obj (.text:__TI_auto_init_nobinit_nopinit)
                  00001d78    0000003a     libclang_rt.builtins.a : muldsi3.S.obj (.text.__muldsi3)
                  00001db2    00000002     --HOLE-- [fill = 0]
                  00001db4    00000038                            : fixsfsi.S.obj (.text.__fixsfsi)
                  00001dec    00000030     ti_msp_dl_config.o (.text.SYSCFG_DL_DMA_UART_JY901S_init)
                  00001e1c    00000030     ti_msp_dl_config.o (.text.SYSCFG_DL_GPIO_init)
                  00001e4c    0000002c     libclang_rt.builtins.a : floatsidf.S.obj (.text.__floatsidf)
                  00001e78    00000028     ti_msp_dl_config.o (.text.SYSCFG_DL_init)
                  00001ea0    00000028     libclang_rt.builtins.a : floatunsisf.S.obj (.text.__floatunsisf)
                  00001ec8    00000028     libc.a : boot_cortex_m.c.obj (.text:_c_int00_noargs)
                  00001ef0    00000026     driverlib.a : dl_i2c.o (.text.DL_I2C_setClockConfig)
                  00001f16    00000016     libc.a : copy_zero_init.c.obj (.text:decompress:ZI:__TI_zero_init_nomemset)
                  00001f2c    00000012     driverlib.a : dl_uart.o (.text.DL_UART_setClockConfig)
                  00001f3e    00000012     libc.a : copy_decompress_none.c.obj (.text:decompress:none)
                  00001f50    0000000c     delay.o (.text.delay_init)
                  00001f5c    0000000a     driverlib.a : dl_common.o (.text.DL_Common_delayCycles)
                  00001f66    00000008     ti_msp_dl_config.o (.text.SYSCFG_DL_DMA_init)
                  00001f6e    00000002     --HOLE-- [fill = 0]
                  00001f70    00000008     libclang_rt.builtins.a : aeabi_memcpy.S.obj (.text.__aeabi_memcpy)
                  00001f78    00000006     libc.a : exit.c.obj (.text:abort)
                  00001f7e    00000004     libsysbm.a : hostexit.c.obj (.text.HOSTexit)
                  00001f82    00000004     startup_mspm0g350x_ticlang.o (.text.Reset_Handler)
                  00001f86    00000004     libc.a : pre_init.c.obj (.text._system_pre_init)
                  00001f8a    00000006     --HOLE-- [fill = 0]

.cinit     0    00001fe0    000003e0     
                  00001fe0    000003b6     (.cinit..data.load) [load image, compression = lzss]
                  00002396    00000002     --HOLE-- [fill = 0]
                  00002398    0000000c     (__TI_handler_table)
                  000023a4    00000008     (.cinit..bss.load) [load image, compression = zero_init]
                  000023ac    00000010     (__TI_cinit_table)
                  000023bc    00000004     --HOLE-- [fill = 0]

.rodata    0    00001f90    00000050     
                  00001f90    00000018     ti_msp_dl_config.o (.rodata.gDMA_UART_JY901SConfig)
                  00001fa8    0000000e     main.o (.rodata.str1.15159059442110792349.1)
                  00001fb6    0000000a     ti_msp_dl_config.o (.rodata.gUART_JY901SConfig)
                  00001fc0    00000008     main.o (.rodata.str1.17100691992556644108.1)
                  00001fc8    00000008     main.o (.rodata.str1.18227636981041470289.1)
                  00001fd0    00000008     main.o (.rodata.str1.8154729771448623357.1)
                  00001fd8    00000002     ti_msp_dl_config.o (.rodata.gI2C_OLEDClockConfig)
                  00001fda    00000002     ti_msp_dl_config.o (.rodata.gUART_JY901SClockConfig)
                  00001fdc    00000004     --HOLE-- [fill = 0]

.init_array 
*          0    00000000    00000000     UNINITIALIZED

.binit     0    00000000    00000000     

.data      0    20200000    000005f0     UNINITIALIZED
                  20200000    000005f0     OLED.o (.data.OLED_F8x16)

.bss       0    202005f0    0000008c     UNINITIALIZED
                  202005f0    00000058     (.common:rxData)
                  20200648    00000030     (.common:gUART_JY901SBackup)
                  20200678    00000004     (.common:SYSTEMCLOCK)

.stack     0    20207e00    00000200     UNINITIALIZED
                  20207e00    00000004     libc.a : boot_cortex_m.c.obj (.stack)
                  20207e04    000001fc     --HOLE--

__llvm_prf_cnts 
*          0    20200000    00000000     UNINITIALIZED

__llvm_prf_bits 
*          0    20200000    00000000     UNINITIALIZED

MODULE SUMMARY

       Module                         code   ro data   rw data
       ------                         ----   -------   -------
    .\
       ti_msp_dl_config.o             464    38        48     
       main.o                         412    38        88     
       startup_mspm0g350x_ticlang.o   6      192       0      
    +--+------------------------------+------+---------+---------+
       Total:                         882    268       136    
                                                              
    .\hardware\delay\
       delay.o                        160    0         4      
    +--+------------------------------+------+---------+---------+
       Total:                         160    0         4      
                                                              
    .\hardware\oled\
       OLED.o                         5340   0         1520   
    +--+------------------------------+------+---------+---------+
       Total:                         5340   0         1520   
                                                              
    C:/ti/mspm0_sdk_2_01_00_03/source/ti/driverlib/lib/ticlang/m0p/mspm0g1x0x_g3x0x/driverlib.a
       dl_i2c.o                       132    0         0      
       dl_uart.o                      90     0         0      
       dl_dma.o                       76     0         0      
       dl_common.o                    10     0         0      
    +--+------------------------------+------+---------+---------+
       Total:                         308    0         0      
                                                              
    C:\ti\ccs2020\ccs\tools\compiler\ti-cgt-armllvm_4.0.3.LTS\lib\armv6m-ti-none-eabi/c/libc.a
       memcpy16.S.obj                 154    0         0      
       copy_decompress_lzss.c.obj     124    0         0      
       autoinit.c.obj                 60     0         0      
       boot_cortex_m.c.obj            40     0         0      
       copy_zero_init.c.obj           22     0         0      
       copy_decompress_none.c.obj     18     0         0      
       exit.c.obj                     6      0         0      
       pre_init.c.obj                 4      0         0      
    +--+------------------------------+------+---------+---------+
       Total:                         428    0         0      
                                                              
    C:\ti\ccs2020\ccs\tools\compiler\ti-cgt-armllvm_4.0.3.LTS\lib\armv6m-ti-none-eabi/c/libsysbm.a
       hostexit.c.obj                 4      0         0      
    +--+------------------------------+------+---------+---------+
       Total:                         4      0         0      
                                                              
    C:\ti\ccs2020\ccs\tools\compiler\ti-cgt-armllvm_4.0.3.LTS\lib\armv6m-ti-none-eabi/libclang_rt.builtins.a
       muldf3.S.obj                   228    0         0      
       mulsf3.S.obj                   140    0         0      
       truncdfsf2.S.obj               116    0         0      
       aeabi_uidivmod.S.obj           64     0         0      
       muldsi3.S.obj                  58     0         0      
       fixsfsi.S.obj                  56     0         0      
       floatsidf.S.obj                44     0         0      
       floatunsisf.S.obj              40     0         0      
       aeabi_memcpy.S.obj             8      0         0      
       aeabi_div0.c.obj               2      0         0      
    +--+------------------------------+------+---------+---------+
       Total:                         756    0         0      
                                                              
       Stack:                         0      0         512    
       Linker Generated:              0      986       0      
    +--+------------------------------+------+---------+---------+
       Grand Total:                   7878   1254      2172   


LINKER GENERATED COPY TABLES

__TI_cinit_table @ 000023ac records: 2, size/record: 8, table size: 16
	.data: load addr=00001fe0, load size=000003b6 bytes, run addr=20200000, run size=000005f0 bytes, compression=lzss
	.bss: load addr=000023a4, load size=00000008 bytes, run addr=202005f0, run size=0000008c bytes, compression=zero_init


LINKER GENERATED HANDLER TABLE

__TI_handler_table @ 00002398 records: 3, size/record: 4, table size: 12
	index: 0, handler: __TI_decompress_lzss
	index: 1, handler: __TI_decompress_none
	index: 2, handler: __TI_zero_init


GLOBAL SYMBOLS: SORTED ALPHABETICALLY BY Name 

address   name                          
-------   ----                          
00001863  ADC0_IRQHandler               
00001863  ADC1_IRQHandler               
00001863  AES_IRQHandler                
00001f7e  C$$EXIT                       
00001863  CANFD0_IRQHandler             
00001863  DAC0_IRQHandler               
00001f5d  DL_Common_delayCycles         
00001be9  DL_DMA_initChannel            
00001ae1  DL_I2C_fillControllerTXFIFO   
00001ef1  DL_I2C_setClockConfig         
00001c35  DL_UART_init                  
00001f2d  DL_UART_setClockConfig        
00001863  DMA_IRQHandler                
00001863  Default_Handler               
00001863  GROUP0_IRQHandler             
00001863  GROUP1_IRQHandler             
00001f7f  HOSTexit                      
00001863  HardFault_Handler             
00001863  I2C0_IRQHandler               
00001863  I2C1_IRQHandler               
00001863  NMI_Handler                   
20200000  OLED_F8x16                    
000000c1  OLED_Init                     
000015c9  OLED_SetCursor                
0000111d  OLED_ShowChar                 
00000a2d  OLED_ShowFloatNum             
00001b3f  OLED_ShowString               
00001863  PendSV_Handler                
00001863  RTC_IRQHandler                
00001f83  Reset_Handler                 
00001863  SPI0_IRQHandler               
00001863  SPI1_IRQHandler               
00001863  SVC_Handler                   
00001ded  SYSCFG_DL_DMA_UART_JY901S_init
00001f67  SYSCFG_DL_DMA_init            
00001e1d  SYSCFG_DL_GPIO_init           
00001b95  SYSCFG_DL_I2C_OLED_init       
00001c7d  SYSCFG_DL_SYSCTL_init         
00001a75  SYSCFG_DL_UART_JY901S_init    
00001e79  SYSCFG_DL_init                
00001cbd  SYSCFG_DL_initPower           
20200678  SYSTEMCLOCK                   
00001863  SysTick_Handler               
00001863  TIMA0_IRQHandler              
00001863  TIMA1_IRQHandler              
00001863  TIMG0_IRQHandler              
00001863  TIMG12_IRQHandler             
00001863  TIMG6_IRQHandler              
00001863  TIMG7_IRQHandler              
00001863  TIMG8_IRQHandler              
00001863  UART0_IRQHandler              
00001863  UART1_IRQHandler              
00001863  UART2_IRQHandler              
00001863  UART3_IRQHandler              
20208000  __STACK_END                   
00000200  __STACK_SIZE                  
00000000  __TI_ATRegion0_region_sz      
00000000  __TI_ATRegion0_src_addr       
00000000  __TI_ATRegion0_trg_addr       
00000000  __TI_ATRegion1_region_sz      
00000000  __TI_ATRegion1_src_addr       
00000000  __TI_ATRegion1_trg_addr       
00000000  __TI_ATRegion2_region_sz      
00000000  __TI_ATRegion2_src_addr       
00000000  __TI_ATRegion2_trg_addr       
000023ac  __TI_CINIT_Base               
000023bc  __TI_CINIT_Limit              
000023bc  __TI_CINIT_Warm               
00002398  __TI_Handler_Table_Base       
000023a4  __TI_Handler_Table_Limit      
00001d3d  __TI_auto_init_nobinit_nopinit
00001985  __TI_decompress_lzss          
00001f3f  __TI_decompress_none          
ffffffff  __TI_pprof_out_hndl           
ffffffff  __TI_prof_data_size           
ffffffff  __TI_prof_data_start          
00000000  __TI_static_base__            
00001f17  __TI_zero_init_nomemset       
00001a01  __aeabi_d2f                   
000016e5  __aeabi_dmul                  
00001db5  __aeabi_f2iz                  
000018f9  __aeabi_fmul                  
00001e4d  __aeabi_i2d                   
00001b93  __aeabi_idiv0                 
00001f71  __aeabi_memcpy                
00001f71  __aeabi_memcpy4               
00001f71  __aeabi_memcpy8               
00001ea1  __aeabi_ui2f                  
00001cfd  __aeabi_uidiv                 
00001cfd  __aeabi_uidivmod              
ffffffff  __binit__                     
00001db5  __fixsfsi                     
00001e4d  __floatsidf                   
00001ea1  __floatunsisf                 
UNDEFED   __mpu_init                    
000016e5  __muldf3                      
00001d79  __muldsi3                     
000018f9  __mulsf3                      
20207e00  __stack                       
20200000  __start___llvm_prf_bits       
20200000  __start___llvm_prf_cnts       
20200000  __stop___llvm_prf_bits        
20200000  __stop___llvm_prf_cnts        
00001a01  __truncdfsf2                  
00001ec9  _c_int00_noargs               
UNDEFED   _system_post_cinit            
00001f87  _system_pre_init              
00001f79  abort                         
ffffffff  binit                         
00001f51  delay_init                    
00001865  delay_ms                      
20200648  gUART_JY901SBackup            
00000000  interruptVectors              
0000142d  main                          
000017c9  memcpy                        
202005f0  rxData                        


GLOBAL SYMBOLS: SORTED BY Symbol Address 

address   name                          
-------   ----                          
00000000  __TI_ATRegion0_region_sz      
00000000  __TI_ATRegion0_src_addr       
00000000  __TI_ATRegion0_trg_addr       
00000000  __TI_ATRegion1_region_sz      
00000000  __TI_ATRegion1_src_addr       
00000000  __TI_ATRegion1_trg_addr       
00000000  __TI_ATRegion2_region_sz      
00000000  __TI_ATRegion2_src_addr       
00000000  __TI_ATRegion2_trg_addr       
00000000  __TI_static_base__            
00000000  interruptVectors              
000000c1  OLED_Init                     
00000200  __STACK_SIZE                  
00000a2d  OLED_ShowFloatNum             
0000111d  OLED_ShowChar                 
0000142d  main                          
000015c9  OLED_SetCursor                
000016e5  __aeabi_dmul                  
000016e5  __muldf3                      
000017c9  memcpy                        
00001863  ADC0_IRQHandler               
00001863  ADC1_IRQHandler               
00001863  AES_IRQHandler                
00001863  CANFD0_IRQHandler             
00001863  DAC0_IRQHandler               
00001863  DMA_IRQHandler                
00001863  Default_Handler               
00001863  GROUP0_IRQHandler             
00001863  GROUP1_IRQHandler             
00001863  HardFault_Handler             
00001863  I2C0_IRQHandler               
00001863  I2C1_IRQHandler               
00001863  NMI_Handler                   
00001863  PendSV_Handler                
00001863  RTC_IRQHandler                
00001863  SPI0_IRQHandler               
00001863  SPI1_IRQHandler               
00001863  SVC_Handler                   
00001863  SysTick_Handler               
00001863  TIMA0_IRQHandler              
00001863  TIMA1_IRQHandler              
00001863  TIMG0_IRQHandler              
00001863  TIMG12_IRQHandler             
00001863  TIMG6_IRQHandler              
00001863  TIMG7_IRQHandler              
00001863  TIMG8_IRQHandler              
00001863  UART0_IRQHandler              
00001863  UART1_IRQHandler              
00001863  UART2_IRQHandler              
00001863  UART3_IRQHandler              
00001865  delay_ms                      
000018f9  __aeabi_fmul                  
000018f9  __mulsf3                      
00001985  __TI_decompress_lzss          
00001a01  __aeabi_d2f                   
00001a01  __truncdfsf2                  
00001a75  SYSCFG_DL_UART_JY901S_init    
00001ae1  DL_I2C_fillControllerTXFIFO   
00001b3f  OLED_ShowString               
00001b93  __aeabi_idiv0                 
00001b95  SYSCFG_DL_I2C_OLED_init       
00001be9  DL_DMA_initChannel            
00001c35  DL_UART_init                  
00001c7d  SYSCFG_DL_SYSCTL_init         
00001cbd  SYSCFG_DL_initPower           
00001cfd  __aeabi_uidiv                 
00001cfd  __aeabi_uidivmod              
00001d3d  __TI_auto_init_nobinit_nopinit
00001d79  __muldsi3                     
00001db5  __aeabi_f2iz                  
00001db5  __fixsfsi                     
00001ded  SYSCFG_DL_DMA_UART_JY901S_init
00001e1d  SYSCFG_DL_GPIO_init           
00001e4d  __aeabi_i2d                   
00001e4d  __floatsidf                   
00001e79  SYSCFG_DL_init                
00001ea1  __aeabi_ui2f                  
00001ea1  __floatunsisf                 
00001ec9  _c_int00_noargs               
00001ef1  DL_I2C_setClockConfig         
00001f17  __TI_zero_init_nomemset       
00001f2d  DL_UART_setClockConfig        
00001f3f  __TI_decompress_none          
00001f51  delay_init                    
00001f5d  DL_Common_delayCycles         
00001f67  SYSCFG_DL_DMA_init            
00001f71  __aeabi_memcpy                
00001f71  __aeabi_memcpy4               
00001f71  __aeabi_memcpy8               
00001f79  abort                         
00001f7e  C$$EXIT                       
00001f7f  HOSTexit                      
00001f83  Reset_Handler                 
00001f87  _system_pre_init              
00002398  __TI_Handler_Table_Base       
000023a4  __TI_Handler_Table_Limit      
000023ac  __TI_CINIT_Base               
000023bc  __TI_CINIT_Limit              
000023bc  __TI_CINIT_Warm               
20200000  OLED_F8x16                    
20200000  __start___llvm_prf_bits       
20200000  __start___llvm_prf_cnts       
20200000  __stop___llvm_prf_bits        
20200000  __stop___llvm_prf_cnts        
202005f0  rxData                        
20200648  gUART_JY901SBackup            
20200678  SYSTEMCLOCK                   
20207e00  __stack                       
20208000  __STACK_END                   
ffffffff  __TI_pprof_out_hndl           
ffffffff  __TI_prof_data_size           
ffffffff  __TI_prof_data_start          
ffffffff  __binit__                     
ffffffff  binit                         
UNDEFED   __mpu_init                    
UNDEFED   _system_post_cinit            

[116 symbols]
