******************************************************************************
            TI ARM Clang Linker PC v4.0.3                      
******************************************************************************
>> Linked Tue Jun 17 01:09:05 2025

OUTPUT FILE NAME:   <uart_rx_dma_read_jy901s_data.out>
ENTRY POINT SYMBOL: "_c_int00_noargs"  address: 00002099


MEMORY CONFIGURATION

         name            origin    length      used     unused   attr    fill
----------------------  --------  ---------  --------  --------  ----  --------
  FLASH                 00000000   00020000  000025b0  0001da50  R  X
  SRAM                  20200000   00008000  0000088c  00007774  RW X
  BCR_CONFIG            41c00000   00000080  00000000  00000080  R   
  BSL_CONFIG            41c00100   00000080  00000000  00000080  R   


SEGMENT ALLOCATION MAP

run origin  load origin   length   init length attrs members
----------  ----------- ---------- ----------- ----- -------
00000000    00000000    000025b0   000025b0    r-x
  00000000    00000000    000000c0   000000c0    r-- .intvecs
  000000c0    000000c0    000020a0   000020a0    r-x .text
  00002160    00002160    00000070   00000070    r-- .rodata
  000021d0    000021d0    000003e0   000003e0    r-- .cinit
20200000    20200000    0000068c   00000000    rw-
  20200000    20200000    000005f0   00000000    rw- .data
  202005f0    202005f0    0000009c   00000000    rw- .bss
20207e00    20207e00    00000200   00000000    rw-
  20207e00    20207e00    00000200   00000000    rw- .stack


SECTION ALLOCATION MAP

 output                                  attributes/
section   page    origin      length       input sections
--------  ----  ----------  ----------   ----------------
.intvecs   0    00000000    000000c0     
                  00000000    000000c0     startup_mspm0g350x_ticlang.o (.intvecs)

.text      0    000000c0    000020a0     
                  000000c0    0000096c     OLED.o (.text.OLED_Init)
                  00000a2c    000006f0     OLED.o (.text.OLED_ShowFloatNum)
                  0000111c    0000036c     main.o (.text.main)
                  00001488    00000310     OLED.o (.text.OLED_ShowChar)
                  00001798    0000011c     OLED.o (.text.OLED_SetCursor)
                  000018b4    000000e4     libclang_rt.builtins.a : muldf3.S.obj (.text.__muldf3)
                  00001998    0000009a     libc.a : memcpy16.S.obj (.text:memcpy)
                  00001a32    00000002     startup_mspm0g350x_ticlang.o (.text.Default_Handler)
                  00001a34    00000094     delay.o (.text.delay_ms)
                  00001ac8    0000008c     libclang_rt.builtins.a : mulsf3.S.obj (.text.__mulsf3)
                  00001b54    0000007c     libc.a : copy_decompress_lzss.c.obj (.text:decompress:lzss)
                  00001bd0    00000074     libclang_rt.builtins.a : truncdfsf2.S.obj (.text.__truncdfsf2)
                  00001c44    0000006c     ti_msp_dl_config.o (.text.SYSCFG_DL_UART_JY901S_init)
                  00001cb0    0000005e     driverlib.a : dl_i2c.o (.text.DL_I2C_fillControllerTXFIFO)
                  00001d0e    00000054     OLED.o (.text.OLED_ShowString)
                  00001d62    00000002     libclang_rt.builtins.a : aeabi_div0.c.obj (.text.__aeabi_idiv0)
                  00001d64    00000054     ti_msp_dl_config.o (.text.SYSCFG_DL_I2C_OLED_init)
                  00001db8    0000004c     driverlib.a : dl_dma.o (.text.DL_DMA_initChannel)
                  00001e04    00000048                 : dl_uart.o (.text.DL_UART_init)
                  00001e4c    00000040     ti_msp_dl_config.o (.text.SYSCFG_DL_SYSCTL_init)
                  00001e8c    00000040     ti_msp_dl_config.o (.text.SYSCFG_DL_initPower)
                  00001ecc    00000040     libclang_rt.builtins.a : aeabi_uidivmod.S.obj (.text.__aeabi_uidivmod)
                  00001f0c    0000003c     libc.a : autoinit.c.obj (.text:__TI_auto_init_nobinit_nopinit)
                  00001f48    0000003a     libclang_rt.builtins.a : muldsi3.S.obj (.text.__muldsi3)
                  00001f82    00000002     --HOLE-- [fill = 0]
                  00001f84    00000038                            : fixsfsi.S.obj (.text.__fixsfsi)
                  00001fbc    00000030     ti_msp_dl_config.o (.text.SYSCFG_DL_DMA_UART_JY901S_init)
                  00001fec    00000030     ti_msp_dl_config.o (.text.SYSCFG_DL_GPIO_init)
                  0000201c    0000002c     libclang_rt.builtins.a : floatsidf.S.obj (.text.__floatsidf)
                  00002048    00000028     ti_msp_dl_config.o (.text.SYSCFG_DL_init)
                  00002070    00000028     libclang_rt.builtins.a : floatunsisf.S.obj (.text.__floatunsisf)
                  00002098    00000028     libc.a : boot_cortex_m.c.obj (.text:_c_int00_noargs)
                  000020c0    00000026     driverlib.a : dl_i2c.o (.text.DL_I2C_setClockConfig)
                  000020e6    00000016     libc.a : copy_zero_init.c.obj (.text:decompress:ZI:__TI_zero_init_nomemset)
                  000020fc    00000012     driverlib.a : dl_uart.o (.text.DL_UART_setClockConfig)
                  0000210e    00000012     libc.a : copy_decompress_none.c.obj (.text:decompress:none)
                  00002120    0000000c     delay.o (.text.delay_init)
                  0000212c    0000000a     driverlib.a : dl_common.o (.text.DL_Common_delayCycles)
                  00002136    00000008     ti_msp_dl_config.o (.text.SYSCFG_DL_DMA_init)
                  0000213e    00000002     --HOLE-- [fill = 0]
                  00002140    00000008     libclang_rt.builtins.a : aeabi_memcpy.S.obj (.text.__aeabi_memcpy)
                  00002148    00000006     libc.a : exit.c.obj (.text:abort)
                  0000214e    00000004     libsysbm.a : hostexit.c.obj (.text.HOSTexit)
                  00002152    00000004     startup_mspm0g350x_ticlang.o (.text.Reset_Handler)
                  00002156    00000004     libc.a : pre_init.c.obj (.text._system_pre_init)
                  0000215a    00000006     --HOLE-- [fill = 0]

.cinit     0    000021d0    000003e0     
                  000021d0    000003b6     (.cinit..data.load) [load image, compression = lzss]
                  00002586    00000002     --HOLE-- [fill = 0]
                  00002588    0000000c     (__TI_handler_table)
                  00002594    00000008     (.cinit..bss.load) [load image, compression = zero_init]
                  0000259c    00000010     (__TI_cinit_table)
                  000025ac    00000004     --HOLE-- [fill = 0]

.rodata    0    00002160    00000070     
                  00002160    00000018     ti_msp_dl_config.o (.rodata.gDMA_UART_JY901SConfig)
                  00002178    00000011     main.o (.rodata.str1.15159059442110792349.1)
                  00002189    00000011     main.o (.rodata.str1.17100691992556644108.1)
                  0000219a    00000011     main.o (.rodata.str1.18227636981041470289.1)
                  000021ab    00000011     main.o (.rodata.str1.8154729771448623357.1)
                  000021bc    0000000a     ti_msp_dl_config.o (.rodata.gUART_JY901SConfig)
                  000021c6    00000002     ti_msp_dl_config.o (.rodata.gI2C_OLEDClockConfig)
                  000021c8    00000002     ti_msp_dl_config.o (.rodata.gUART_JY901SClockConfig)
                  000021ca    00000006     --HOLE-- [fill = 0]

.init_array 
*          0    00000000    00000000     UNINITIALIZED

.binit     0    00000000    00000000     

.data      0    20200000    000005f0     UNINITIALIZED
                  20200000    000005f0     OLED.o (.data.OLED_F8x16)

.bss       0    202005f0    0000009c     UNINITIALIZED
                  202005f0    00000042     (.common:rxData)
                  20200632    00000002     --HOLE--
                  20200634    00000030     (.common:gUART_JY901SBackup)
                  20200664    00000004     (.common:SYSTEMCLOCK)
                  20200668    00000004     (.common:accX)
                  2020066c    00000004     (.common:accY)
                  20200670    00000004     (.common:accZ)
                  20200674    00000004     (.common:angleX)
                  20200678    00000004     (.common:angleY)
                  2020067c    00000004     (.common:angleZ)
                  20200680    00000004     (.common:gyroX)
                  20200684    00000004     (.common:gyroY)
                  20200688    00000004     (.common:gyroZ)

.stack     0    20207e00    00000200     UNINITIALIZED
                  20207e00    00000004     libc.a : boot_cortex_m.c.obj (.stack)
                  20207e04    000001fc     --HOLE--

__llvm_prf_cnts 
*          0    20200000    00000000     UNINITIALIZED

__llvm_prf_bits 
*          0    20200000    00000000     UNINITIALIZED

MODULE SUMMARY

       Module                         code   ro data   rw data
       ------                         ----   -------   -------
    .\
       main.o                         876    68        102    
       ti_msp_dl_config.o             464    38        48     
       startup_mspm0g350x_ticlang.o   6      192       0      
    +--+------------------------------+------+---------+---------+
       Total:                         1346   298       150    
                                                              
    .\hardware\delay\
       delay.o                        160    0         4      
    +--+------------------------------+------+---------+---------+
       Total:                         160    0         4      
                                                              
    .\hardware\oled\
       OLED.o                         5340   0         1520   
    +--+------------------------------+------+---------+---------+
       Total:                         5340   0         1520   
                                                              
    C:/ti/mspm0_sdk_2_01_00_03/source/ti/driverlib/lib/ticlang/m0p/mspm0g1x0x_g3x0x/driverlib.a
       dl_i2c.o                       132    0         0      
       dl_uart.o                      90     0         0      
       dl_dma.o                       76     0         0      
       dl_common.o                    10     0         0      
    +--+------------------------------+------+---------+---------+
       Total:                         308    0         0      
                                                              
    C:\ti\ccs2020\ccs\tools\compiler\ti-cgt-armllvm_4.0.3.LTS\lib\armv6m-ti-none-eabi/c/libc.a
       memcpy16.S.obj                 154    0         0      
       copy_decompress_lzss.c.obj     124    0         0      
       autoinit.c.obj                 60     0         0      
       boot_cortex_m.c.obj            40     0         0      
       copy_zero_init.c.obj           22     0         0      
       copy_decompress_none.c.obj     18     0         0      
       exit.c.obj                     6      0         0      
       pre_init.c.obj                 4      0         0      
    +--+------------------------------+------+---------+---------+
       Total:                         428    0         0      
                                                              
    C:\ti\ccs2020\ccs\tools\compiler\ti-cgt-armllvm_4.0.3.LTS\lib\armv6m-ti-none-eabi/c/libsysbm.a
       hostexit.c.obj                 4      0         0      
    +--+------------------------------+------+---------+---------+
       Total:                         4      0         0      
                                                              
    C:\ti\ccs2020\ccs\tools\compiler\ti-cgt-armllvm_4.0.3.LTS\lib\armv6m-ti-none-eabi/libclang_rt.builtins.a
       muldf3.S.obj                   228    0         0      
       mulsf3.S.obj                   140    0         0      
       truncdfsf2.S.obj               116    0         0      
       aeabi_uidivmod.S.obj           64     0         0      
       muldsi3.S.obj                  58     0         0      
       fixsfsi.S.obj                  56     0         0      
       floatsidf.S.obj                44     0         0      
       floatunsisf.S.obj              40     0         0      
       aeabi_memcpy.S.obj             8      0         0      
       aeabi_div0.c.obj               2      0         0      
    +--+------------------------------+------+---------+---------+
       Total:                         756    0         0      
                                                              
       Stack:                         0      0         512    
       Linker Generated:              0      986       0      
    +--+------------------------------+------+---------+---------+
       Grand Total:                   8342   1284      2186   


LINKER GENERATED COPY TABLES

__TI_cinit_table @ 0000259c records: 2, size/record: 8, table size: 16
	.data: load addr=000021d0, load size=000003b6 bytes, run addr=20200000, run size=000005f0 bytes, compression=lzss
	.bss: load addr=00002594, load size=00000008 bytes, run addr=202005f0, run size=0000009c bytes, compression=zero_init


LINKER GENERATED HANDLER TABLE

__TI_handler_table @ 00002588 records: 3, size/record: 4, table size: 12
	index: 0, handler: __TI_decompress_lzss
	index: 1, handler: __TI_decompress_none
	index: 2, handler: __TI_zero_init


GLOBAL SYMBOLS: SORTED ALPHABETICALLY BY Name 

address   name                          
-------   ----                          
00001a33  ADC0_IRQHandler               
00001a33  ADC1_IRQHandler               
00001a33  AES_IRQHandler                
0000214e  C$$EXIT                       
00001a33  CANFD0_IRQHandler             
00001a33  DAC0_IRQHandler               
0000212d  DL_Common_delayCycles         
00001db9  DL_DMA_initChannel            
00001cb1  DL_I2C_fillControllerTXFIFO   
000020c1  DL_I2C_setClockConfig         
00001e05  DL_UART_init                  
000020fd  DL_UART_setClockConfig        
00001a33  DMA_IRQHandler                
00001a33  Default_Handler               
00001a33  GROUP0_IRQHandler             
00001a33  GROUP1_IRQHandler             
0000214f  HOSTexit                      
00001a33  HardFault_Handler             
00001a33  I2C0_IRQHandler               
00001a33  I2C1_IRQHandler               
00001a33  NMI_Handler                   
20200000  OLED_F8x16                    
000000c1  OLED_Init                     
00001799  OLED_SetCursor                
00001489  OLED_ShowChar                 
00000a2d  OLED_ShowFloatNum             
00001d0f  OLED_ShowString               
00001a33  PendSV_Handler                
00001a33  RTC_IRQHandler                
00002153  Reset_Handler                 
00001a33  SPI0_IRQHandler               
00001a33  SPI1_IRQHandler               
00001a33  SVC_Handler                   
00001fbd  SYSCFG_DL_DMA_UART_JY901S_init
00002137  SYSCFG_DL_DMA_init            
00001fed  SYSCFG_DL_GPIO_init           
00001d65  SYSCFG_DL_I2C_OLED_init       
00001e4d  SYSCFG_DL_SYSCTL_init         
00001c45  SYSCFG_DL_UART_JY901S_init    
00002049  SYSCFG_DL_init                
00001e8d  SYSCFG_DL_initPower           
20200664  SYSTEMCLOCK                   
00001a33  SysTick_Handler               
00001a33  TIMA0_IRQHandler              
00001a33  TIMA1_IRQHandler              
00001a33  TIMG0_IRQHandler              
00001a33  TIMG12_IRQHandler             
00001a33  TIMG6_IRQHandler              
00001a33  TIMG7_IRQHandler              
00001a33  TIMG8_IRQHandler              
00001a33  UART0_IRQHandler              
00001a33  UART1_IRQHandler              
00001a33  UART2_IRQHandler              
00001a33  UART3_IRQHandler              
20208000  __STACK_END                   
00000200  __STACK_SIZE                  
00000000  __TI_ATRegion0_region_sz      
00000000  __TI_ATRegion0_src_addr       
00000000  __TI_ATRegion0_trg_addr       
00000000  __TI_ATRegion1_region_sz      
00000000  __TI_ATRegion1_src_addr       
00000000  __TI_ATRegion1_trg_addr       
00000000  __TI_ATRegion2_region_sz      
00000000  __TI_ATRegion2_src_addr       
00000000  __TI_ATRegion2_trg_addr       
0000259c  __TI_CINIT_Base               
000025ac  __TI_CINIT_Limit              
000025ac  __TI_CINIT_Warm               
00002588  __TI_Handler_Table_Base       
00002594  __TI_Handler_Table_Limit      
00001f0d  __TI_auto_init_nobinit_nopinit
00001b55  __TI_decompress_lzss          
0000210f  __TI_decompress_none          
ffffffff  __TI_pprof_out_hndl           
ffffffff  __TI_prof_data_size           
ffffffff  __TI_prof_data_start          
00000000  __TI_static_base__            
000020e7  __TI_zero_init_nomemset       
00001bd1  __aeabi_d2f                   
000018b5  __aeabi_dmul                  
00001f85  __aeabi_f2iz                  
00001ac9  __aeabi_fmul                  
0000201d  __aeabi_i2d                   
00001d63  __aeabi_idiv0                 
00002141  __aeabi_memcpy                
00002141  __aeabi_memcpy4               
00002141  __aeabi_memcpy8               
00002071  __aeabi_ui2f                  
00001ecd  __aeabi_uidiv                 
00001ecd  __aeabi_uidivmod              
ffffffff  __binit__                     
00001f85  __fixsfsi                     
0000201d  __floatsidf                   
00002071  __floatunsisf                 
UNDEFED   __mpu_init                    
000018b5  __muldf3                      
00001f49  __muldsi3                     
00001ac9  __mulsf3                      
20207e00  __stack                       
20200000  __start___llvm_prf_bits       
20200000  __start___llvm_prf_cnts       
20200000  __stop___llvm_prf_bits        
20200000  __stop___llvm_prf_cnts        
00001bd1  __truncdfsf2                  
00002099  _c_int00_noargs               
UNDEFED   _system_post_cinit            
00002157  _system_pre_init              
00002149  abort                         
20200668  accX                          
2020066c  accY                          
20200670  accZ                          
20200674  angleX                        
20200678  angleY                        
2020067c  angleZ                        
ffffffff  binit                         
00002121  delay_init                    
00001a35  delay_ms                      
20200634  gUART_JY901SBackup            
20200680  gyroX                         
20200684  gyroY                         
20200688  gyroZ                         
00000000  interruptVectors              
0000111d  main                          
00001999  memcpy                        
202005f0  rxData                        


GLOBAL SYMBOLS: SORTED BY Symbol Address 

address   name                          
-------   ----                          
00000000  __TI_ATRegion0_region_sz      
00000000  __TI_ATRegion0_src_addr       
00000000  __TI_ATRegion0_trg_addr       
00000000  __TI_ATRegion1_region_sz      
00000000  __TI_ATRegion1_src_addr       
00000000  __TI_ATRegion1_trg_addr       
00000000  __TI_ATRegion2_region_sz      
00000000  __TI_ATRegion2_src_addr       
00000000  __TI_ATRegion2_trg_addr       
00000000  __TI_static_base__            
00000000  interruptVectors              
000000c1  OLED_Init                     
00000200  __STACK_SIZE                  
00000a2d  OLED_ShowFloatNum             
0000111d  main                          
00001489  OLED_ShowChar                 
00001799  OLED_SetCursor                
000018b5  __aeabi_dmul                  
000018b5  __muldf3                      
00001999  memcpy                        
00001a33  ADC0_IRQHandler               
00001a33  ADC1_IRQHandler               
00001a33  AES_IRQHandler                
00001a33  CANFD0_IRQHandler             
00001a33  DAC0_IRQHandler               
00001a33  DMA_IRQHandler                
00001a33  Default_Handler               
00001a33  GROUP0_IRQHandler             
00001a33  GROUP1_IRQHandler             
00001a33  HardFault_Handler             
00001a33  I2C0_IRQHandler               
00001a33  I2C1_IRQHandler               
00001a33  NMI_Handler                   
00001a33  PendSV_Handler                
00001a33  RTC_IRQHandler                
00001a33  SPI0_IRQHandler               
00001a33  SPI1_IRQHandler               
00001a33  SVC_Handler                   
00001a33  SysTick_Handler               
00001a33  TIMA0_IRQHandler              
00001a33  TIMA1_IRQHandler              
00001a33  TIMG0_IRQHandler              
00001a33  TIMG12_IRQHandler             
00001a33  TIMG6_IRQHandler              
00001a33  TIMG7_IRQHandler              
00001a33  TIMG8_IRQHandler              
00001a33  UART0_IRQHandler              
00001a33  UART1_IRQHandler              
00001a33  UART2_IRQHandler              
00001a33  UART3_IRQHandler              
00001a35  delay_ms                      
00001ac9  __aeabi_fmul                  
00001ac9  __mulsf3                      
00001b55  __TI_decompress_lzss          
00001bd1  __aeabi_d2f                   
00001bd1  __truncdfsf2                  
00001c45  SYSCFG_DL_UART_JY901S_init    
00001cb1  DL_I2C_fillControllerTXFIFO   
00001d0f  OLED_ShowString               
00001d63  __aeabi_idiv0                 
00001d65  SYSCFG_DL_I2C_OLED_init       
00001db9  DL_DMA_initChannel            
00001e05  DL_UART_init                  
00001e4d  SYSCFG_DL_SYSCTL_init         
00001e8d  SYSCFG_DL_initPower           
00001ecd  __aeabi_uidiv                 
00001ecd  __aeabi_uidivmod              
00001f0d  __TI_auto_init_nobinit_nopinit
00001f49  __muldsi3                     
00001f85  __aeabi_f2iz                  
00001f85  __fixsfsi                     
00001fbd  SYSCFG_DL_DMA_UART_JY901S_init
00001fed  SYSCFG_DL_GPIO_init           
0000201d  __aeabi_i2d                   
0000201d  __floatsidf                   
00002049  SYSCFG_DL_init                
00002071  __aeabi_ui2f                  
00002071  __floatunsisf                 
00002099  _c_int00_noargs               
000020c1  DL_I2C_setClockConfig         
000020e7  __TI_zero_init_nomemset       
000020fd  DL_UART_setClockConfig        
0000210f  __TI_decompress_none          
00002121  delay_init                    
0000212d  DL_Common_delayCycles         
00002137  SYSCFG_DL_DMA_init            
00002141  __aeabi_memcpy                
00002141  __aeabi_memcpy4               
00002141  __aeabi_memcpy8               
00002149  abort                         
0000214e  C$$EXIT                       
0000214f  HOSTexit                      
00002153  Reset_Handler                 
00002157  _system_pre_init              
00002588  __TI_Handler_Table_Base       
00002594  __TI_Handler_Table_Limit      
0000259c  __TI_CINIT_Base               
000025ac  __TI_CINIT_Limit              
000025ac  __TI_CINIT_Warm               
20200000  OLED_F8x16                    
20200000  __start___llvm_prf_bits       
20200000  __start___llvm_prf_cnts       
20200000  __stop___llvm_prf_bits        
20200000  __stop___llvm_prf_cnts        
202005f0  rxData                        
20200634  gUART_JY901SBackup            
20200664  SYSTEMCLOCK                   
20200668  accX                          
2020066c  accY                          
20200670  accZ                          
20200674  angleX                        
20200678  angleY                        
2020067c  angleZ                        
20200680  gyroX                         
20200684  gyroY                         
20200688  gyroZ                         
20207e00  __stack                       
20208000  __STACK_END                   
ffffffff  __TI_pprof_out_hndl           
ffffffff  __TI_prof_data_size           
ffffffff  __TI_prof_data_start          
ffffffff  __binit__                     
ffffffff  binit                         
UNDEFED   __mpu_init                    
UNDEFED   _system_post_cinit            

[125 symbols]
