******************************************************************************
            TI ARM Clang Linker PC v4.0.3                      
******************************************************************************
>> Linked Mon Jun 16 01:01:09 2025

OUTPUT FILE NAME:   <uart_rx_dma_read_jy901s_data.out>
ENTRY POINT SYMBOL: "_c_int00_noargs"  address: 00001f49


MEMORY CONFIGURATION

         name            origin    length      used     unused   attr    fill
----------------------  --------  ---------  --------  --------  ----  --------
  FLASH                 00000000   00020000  00002460  0001dba0  R  X
  SRAM                  20200000   00008000  00000868  00007798  RW X
  BCR_CONFIG            41c00000   00000080  00000000  00000080  R   
  BSL_CONFIG            41c00100   00000080  00000000  00000080  R   


SEGMENT ALLOCATION MAP

run origin  load origin   length   init length attrs members
----------  ----------- ---------- ----------- ----- -------
00000000    00000000    00002460   00002460    r-x
  00000000    00000000    000000c0   000000c0    r-- .intvecs
  000000c0    000000c0    00001f50   00001f50    r-x .text
  00002010    00002010    00000070   00000070    r-- .rodata
  00002080    00002080    000003e0   000003e0    r-- .cinit
20200000    20200000    00000668   00000000    rw-
  20200000    20200000    000005f0   00000000    rw- .data
  202005f0    202005f0    00000078   00000000    rw- .bss
20207e00    20207e00    00000200   00000000    rw-
  20207e00    20207e00    00000200   00000000    rw- .stack


SECTION ALLOCATION MAP

 output                                  attributes/
section   page    origin      length       input sections
--------  ----  ----------  ----------   ----------------
.intvecs   0    00000000    000000c0     
                  00000000    000000c0     startup_mspm0g350x_ticlang.o (.intvecs)

.text      0    000000c0    00001f50     
                  000000c0    0000096c     OLED.o (.text.OLED_Init)
                  00000a2c    000006f0     OLED.o (.text.OLED_ShowFloatNum)
                  0000111c    00000310     OLED.o (.text.OLED_ShowChar)
                  0000142c    00000214     main.o (.text.main)
                  00001640    0000011c     OLED.o (.text.OLED_SetCursor)
                  0000175c    000000e4     libclang_rt.builtins.a : muldf3.S.obj (.text.__muldf3)
                  00001840    0000009a     libc.a : memcpy16.S.obj (.text:memcpy)
                  000018da    00000002     startup_mspm0g350x_ticlang.o (.text.Default_Handler)
                  000018dc    00000094     delay.o (.text.delay_ms)
                  00001970    0000008c     libclang_rt.builtins.a : mulsf3.S.obj (.text.__mulsf3)
                  000019fc    0000007c     libc.a : copy_decompress_lzss.c.obj (.text:decompress:lzss)
                  00001a78    00000008     ti_msp_dl_config.o (.text.SYSCFG_DL_DMA_init)
                  00001a80    00000074     libclang_rt.builtins.a : truncdfsf2.S.obj (.text.__truncdfsf2)
                  00001af4    0000006c     ti_msp_dl_config.o (.text.SYSCFG_DL_UART_JY901S_init)
                  00001b60    0000005e     driverlib.a : dl_i2c.o (.text.DL_I2C_fillControllerTXFIFO)
                  00001bbe    00000054     OLED.o (.text.OLED_ShowString)
                  00001c12    00000002     libclang_rt.builtins.a : aeabi_div0.c.obj (.text.__aeabi_idiv0)
                  00001c14    00000054     ti_msp_dl_config.o (.text.SYSCFG_DL_I2C_OLED_init)
                  00001c68    0000004c     driverlib.a : dl_dma.o (.text.DL_DMA_initChannel)
                  00001cb4    00000048                 : dl_uart.o (.text.DL_UART_init)
                  00001cfc    00000040     ti_msp_dl_config.o (.text.SYSCFG_DL_SYSCTL_init)
                  00001d3c    00000040     ti_msp_dl_config.o (.text.SYSCFG_DL_initPower)
                  00001d7c    00000040     libclang_rt.builtins.a : aeabi_uidivmod.S.obj (.text.__aeabi_uidivmod)
                  00001dbc    0000003c     libc.a : autoinit.c.obj (.text:__TI_auto_init_nobinit_nopinit)
                  00001df8    0000003a     libclang_rt.builtins.a : muldsi3.S.obj (.text.__muldsi3)
                  00001e32    00000002     --HOLE-- [fill = 0]
                  00001e34    00000038                            : fixsfsi.S.obj (.text.__fixsfsi)
                  00001e6c    00000030     ti_msp_dl_config.o (.text.SYSCFG_DL_DMA_UART_JY901S_init)
                  00001e9c    00000030     ti_msp_dl_config.o (.text.SYSCFG_DL_GPIO_init)
                  00001ecc    0000002c     libclang_rt.builtins.a : floatsidf.S.obj (.text.__floatsidf)
                  00001ef8    00000028     ti_msp_dl_config.o (.text.SYSCFG_DL_init)
                  00001f20    00000028     libclang_rt.builtins.a : floatunsisf.S.obj (.text.__floatunsisf)
                  00001f48    00000028     libc.a : boot_cortex_m.c.obj (.text:_c_int00_noargs)
                  00001f70    00000026     driverlib.a : dl_i2c.o (.text.DL_I2C_setClockConfig)
                  00001f96    00000016     libc.a : copy_zero_init.c.obj (.text:decompress:ZI:__TI_zero_init_nomemset)
                  00001fac    00000012     driverlib.a : dl_uart.o (.text.DL_UART_setClockConfig)
                  00001fbe    00000012     libc.a : copy_decompress_none.c.obj (.text:decompress:none)
                  00001fd0    0000000c     delay.o (.text.delay_init)
                  00001fdc    0000000a     driverlib.a : dl_common.o (.text.DL_Common_delayCycles)
                  00001fe6    00000002     --HOLE-- [fill = 0]
                  00001fe8    00000008     libclang_rt.builtins.a : aeabi_memcpy.S.obj (.text.__aeabi_memcpy)
                  00001ff0    00000006     libc.a : exit.c.obj (.text:abort)
                  00001ff6    00000004     libsysbm.a : hostexit.c.obj (.text.HOSTexit)
                  00001ffa    00000004     startup_mspm0g350x_ticlang.o (.text.Reset_Handler)
                  00001ffe    00000004     libc.a : pre_init.c.obj (.text._system_pre_init)
                  00002002    0000000e     --HOLE-- [fill = 0]

.cinit     0    00002080    000003e0     
                  00002080    000003b6     (.cinit..data.load) [load image, compression = lzss]
                  00002436    00000002     --HOLE-- [fill = 0]
                  00002438    0000000c     (__TI_handler_table)
                  00002444    00000008     (.cinit..bss.load) [load image, compression = zero_init]
                  0000244c    00000010     (__TI_cinit_table)
                  0000245c    00000004     --HOLE-- [fill = 0]

.rodata    0    00002010    00000070     
                  00002010    00000018     ti_msp_dl_config.o (.rodata.gDMA_UART_JY901SConfig)
                  00002028    00000011     main.o (.rodata.str1.15159059442110792349.1)
                  00002039    00000011     main.o (.rodata.str1.17100691992556644108.1)
                  0000204a    00000011     main.o (.rodata.str1.18227636981041470289.1)
                  0000205b    00000011     main.o (.rodata.str1.8154729771448623357.1)
                  0000206c    0000000a     ti_msp_dl_config.o (.rodata.gUART_JY901SConfig)
                  00002076    00000002     ti_msp_dl_config.o (.rodata.gI2C_OLEDClockConfig)
                  00002078    00000002     ti_msp_dl_config.o (.rodata.gUART_JY901SClockConfig)
                  0000207a    00000006     --HOLE-- [fill = 0]

.init_array 
*          0    00000000    00000000     UNINITIALIZED

.binit     0    00000000    00000000     

.data      0    20200000    000005f0     UNINITIALIZED
                  20200000    000005f0     OLED.o (.data.OLED_F8x16)

.bss       0    202005f0    00000078     UNINITIALIZED
                  202005f0    00000042     (.common:rxData)
                  20200632    00000002     --HOLE--
                  20200634    00000030     (.common:gUART_JY901SBackup)
                  20200664    00000004     (.common:SYSTEMCLOCK)

.stack     0    20207e00    00000200     UNINITIALIZED
                  20207e00    00000004     libc.a : boot_cortex_m.c.obj (.stack)
                  20207e04    000001fc     --HOLE--

__llvm_prf_cnts 
*          0    20200000    00000000     UNINITIALIZED

__llvm_prf_bits 
*          0    20200000    00000000     UNINITIALIZED

MODULE SUMMARY

       Module                         code   ro data   rw data
       ------                         ----   -------   -------
    .\
       main.o                         532    68        66     
       ti_msp_dl_config.o             464    38        48     
       startup_mspm0g350x_ticlang.o   6      192       0      
    +--+------------------------------+------+---------+---------+
       Total:                         1002   298       114    
                                                              
    .\hardware\delay\
       delay.o                        160    0         4      
    +--+------------------------------+------+---------+---------+
       Total:                         160    0         4      
                                                              
    .\hardware\oled\
       OLED.o                         5340   0         1520   
    +--+------------------------------+------+---------+---------+
       Total:                         5340   0         1520   
                                                              
    C:/ti/mspm0_sdk_2_01_00_03/source/ti/driverlib/lib/ticlang/m0p/mspm0g1x0x_g3x0x/driverlib.a
       dl_i2c.o                       132    0         0      
       dl_uart.o                      90     0         0      
       dl_dma.o                       76     0         0      
       dl_common.o                    10     0         0      
    +--+------------------------------+------+---------+---------+
       Total:                         308    0         0      
                                                              
    C:\ti\ccs2020\ccs\tools\compiler\ti-cgt-armllvm_4.0.3.LTS\lib\armv6m-ti-none-eabi/c/libc.a
       memcpy16.S.obj                 154    0         0      
       copy_decompress_lzss.c.obj     124    0         0      
       autoinit.c.obj                 60     0         0      
       boot_cortex_m.c.obj            40     0         0      
       copy_zero_init.c.obj           22     0         0      
       copy_decompress_none.c.obj     18     0         0      
       exit.c.obj                     6      0         0      
       pre_init.c.obj                 4      0         0      
    +--+------------------------------+------+---------+---------+
       Total:                         428    0         0      
                                                              
    C:\ti\ccs2020\ccs\tools\compiler\ti-cgt-armllvm_4.0.3.LTS\lib\armv6m-ti-none-eabi/c/libsysbm.a
       hostexit.c.obj                 4      0         0      
    +--+------------------------------+------+---------+---------+
       Total:                         4      0         0      
                                                              
    C:\ti\ccs2020\ccs\tools\compiler\ti-cgt-armllvm_4.0.3.LTS\lib\armv6m-ti-none-eabi/libclang_rt.builtins.a
       muldf3.S.obj                   228    0         0      
       mulsf3.S.obj                   140    0         0      
       truncdfsf2.S.obj               116    0         0      
       aeabi_uidivmod.S.obj           64     0         0      
       muldsi3.S.obj                  58     0         0      
       fixsfsi.S.obj                  56     0         0      
       floatsidf.S.obj                44     0         0      
       floatunsisf.S.obj              40     0         0      
       aeabi_memcpy.S.obj             8      0         0      
       aeabi_div0.c.obj               2      0         0      
    +--+------------------------------+------+---------+---------+
       Total:                         756    0         0      
                                                              
       Stack:                         0      0         512    
       Linker Generated:              0      986       0      
    +--+------------------------------+------+---------+---------+
       Grand Total:                   7998   1284      2150   


LINKER GENERATED COPY TABLES

__TI_cinit_table @ 0000244c records: 2, size/record: 8, table size: 16
	.data: load addr=00002080, load size=000003b6 bytes, run addr=20200000, run size=000005f0 bytes, compression=lzss
	.bss: load addr=00002444, load size=00000008 bytes, run addr=202005f0, run size=00000078 bytes, compression=zero_init


LINKER GENERATED HANDLER TABLE

__TI_handler_table @ 00002438 records: 3, size/record: 4, table size: 12
	index: 0, handler: __TI_decompress_lzss
	index: 1, handler: __TI_decompress_none
	index: 2, handler: __TI_zero_init


GLOBAL SYMBOLS: SORTED ALPHABETICALLY BY Name 

address   name                          
-------   ----                          
000018db  ADC0_IRQHandler               
000018db  ADC1_IRQHandler               
000018db  AES_IRQHandler                
00001ff6  C$$EXIT                       
000018db  CANFD0_IRQHandler             
000018db  DAC0_IRQHandler               
00001fdd  DL_Common_delayCycles         
00001c69  DL_DMA_initChannel            
00001b61  DL_I2C_fillControllerTXFIFO   
00001f71  DL_I2C_setClockConfig         
00001cb5  DL_UART_init                  
00001fad  DL_UART_setClockConfig        
000018db  DMA_IRQHandler                
000018db  Default_Handler               
000018db  GROUP0_IRQHandler             
000018db  GROUP1_IRQHandler             
00001ff7  HOSTexit                      
000018db  HardFault_Handler             
000018db  I2C0_IRQHandler               
000018db  I2C1_IRQHandler               
000018db  NMI_Handler                   
20200000  OLED_F8x16                    
000000c1  OLED_Init                     
00001641  OLED_SetCursor                
0000111d  OLED_ShowChar                 
00000a2d  OLED_ShowFloatNum             
00001bbf  OLED_ShowString               
000018db  PendSV_Handler                
000018db  RTC_IRQHandler                
00001ffb  Reset_Handler                 
000018db  SPI0_IRQHandler               
000018db  SPI1_IRQHandler               
000018db  SVC_Handler                   
00001e6d  SYSCFG_DL_DMA_UART_JY901S_init
00001a79  SYSCFG_DL_DMA_init            
00001e9d  SYSCFG_DL_GPIO_init           
00001c15  SYSCFG_DL_I2C_OLED_init       
00001cfd  SYSCFG_DL_SYSCTL_init         
00001af5  SYSCFG_DL_UART_JY901S_init    
00001ef9  SYSCFG_DL_init                
00001d3d  SYSCFG_DL_initPower           
20200664  SYSTEMCLOCK                   
000018db  SysTick_Handler               
000018db  TIMA0_IRQHandler              
000018db  TIMA1_IRQHandler              
000018db  TIMG0_IRQHandler              
000018db  TIMG12_IRQHandler             
000018db  TIMG6_IRQHandler              
000018db  TIMG7_IRQHandler              
000018db  TIMG8_IRQHandler              
000018db  UART0_IRQHandler              
000018db  UART1_IRQHandler              
000018db  UART2_IRQHandler              
000018db  UART3_IRQHandler              
20208000  __STACK_END                   
00000200  __STACK_SIZE                  
00000000  __TI_ATRegion0_region_sz      
00000000  __TI_ATRegion0_src_addr       
00000000  __TI_ATRegion0_trg_addr       
00000000  __TI_ATRegion1_region_sz      
00000000  __TI_ATRegion1_src_addr       
00000000  __TI_ATRegion1_trg_addr       
00000000  __TI_ATRegion2_region_sz      
00000000  __TI_ATRegion2_src_addr       
00000000  __TI_ATRegion2_trg_addr       
0000244c  __TI_CINIT_Base               
0000245c  __TI_CINIT_Limit              
0000245c  __TI_CINIT_Warm               
00002438  __TI_Handler_Table_Base       
00002444  __TI_Handler_Table_Limit      
00001dbd  __TI_auto_init_nobinit_nopinit
000019fd  __TI_decompress_lzss          
00001fbf  __TI_decompress_none          
ffffffff  __TI_pprof_out_hndl           
ffffffff  __TI_prof_data_size           
ffffffff  __TI_prof_data_start          
00000000  __TI_static_base__            
00001f97  __TI_zero_init_nomemset       
00001a81  __aeabi_d2f                   
0000175d  __aeabi_dmul                  
00001e35  __aeabi_f2iz                  
00001971  __aeabi_fmul                  
00001ecd  __aeabi_i2d                   
00001c13  __aeabi_idiv0                 
00001fe9  __aeabi_memcpy                
00001fe9  __aeabi_memcpy4               
00001fe9  __aeabi_memcpy8               
00001f21  __aeabi_ui2f                  
00001d7d  __aeabi_uidiv                 
00001d7d  __aeabi_uidivmod              
ffffffff  __binit__                     
00001e35  __fixsfsi                     
00001ecd  __floatsidf                   
00001f21  __floatunsisf                 
UNDEFED   __mpu_init                    
0000175d  __muldf3                      
00001df9  __muldsi3                     
00001971  __mulsf3                      
20207e00  __stack                       
20200000  __start___llvm_prf_bits       
20200000  __start___llvm_prf_cnts       
20200000  __stop___llvm_prf_bits        
20200000  __stop___llvm_prf_cnts        
00001a81  __truncdfsf2                  
00001f49  _c_int00_noargs               
UNDEFED   _system_post_cinit            
00001fff  _system_pre_init              
00001ff1  abort                         
ffffffff  binit                         
00001fd1  delay_init                    
000018dd  delay_ms                      
20200634  gUART_JY901SBackup            
00000000  interruptVectors              
0000142d  main                          
00001841  memcpy                        
202005f0  rxData                        


GLOBAL SYMBOLS: SORTED BY Symbol Address 

address   name                          
-------   ----                          
00000000  __TI_ATRegion0_region_sz      
00000000  __TI_ATRegion0_src_addr       
00000000  __TI_ATRegion0_trg_addr       
00000000  __TI_ATRegion1_region_sz      
00000000  __TI_ATRegion1_src_addr       
00000000  __TI_ATRegion1_trg_addr       
00000000  __TI_ATRegion2_region_sz      
00000000  __TI_ATRegion2_src_addr       
00000000  __TI_ATRegion2_trg_addr       
00000000  __TI_static_base__            
00000000  interruptVectors              
000000c1  OLED_Init                     
00000200  __STACK_SIZE                  
00000a2d  OLED_ShowFloatNum             
0000111d  OLED_ShowChar                 
0000142d  main                          
00001641  OLED_SetCursor                
0000175d  __aeabi_dmul                  
0000175d  __muldf3                      
00001841  memcpy                        
000018db  ADC0_IRQHandler               
000018db  ADC1_IRQHandler               
000018db  AES_IRQHandler                
000018db  CANFD0_IRQHandler             
000018db  DAC0_IRQHandler               
000018db  DMA_IRQHandler                
000018db  Default_Handler               
000018db  GROUP0_IRQHandler             
000018db  GROUP1_IRQHandler             
000018db  HardFault_Handler             
000018db  I2C0_IRQHandler               
000018db  I2C1_IRQHandler               
000018db  NMI_Handler                   
000018db  PendSV_Handler                
000018db  RTC_IRQHandler                
000018db  SPI0_IRQHandler               
000018db  SPI1_IRQHandler               
000018db  SVC_Handler                   
000018db  SysTick_Handler               
000018db  TIMA0_IRQHandler              
000018db  TIMA1_IRQHandler              
000018db  TIMG0_IRQHandler              
000018db  TIMG12_IRQHandler             
000018db  TIMG6_IRQHandler              
000018db  TIMG7_IRQHandler              
000018db  TIMG8_IRQHandler              
000018db  UART0_IRQHandler              
000018db  UART1_IRQHandler              
000018db  UART2_IRQHandler              
000018db  UART3_IRQHandler              
000018dd  delay_ms                      
00001971  __aeabi_fmul                  
00001971  __mulsf3                      
000019fd  __TI_decompress_lzss          
00001a79  SYSCFG_DL_DMA_init            
00001a81  __aeabi_d2f                   
00001a81  __truncdfsf2                  
00001af5  SYSCFG_DL_UART_JY901S_init    
00001b61  DL_I2C_fillControllerTXFIFO   
00001bbf  OLED_ShowString               
00001c13  __aeabi_idiv0                 
00001c15  SYSCFG_DL_I2C_OLED_init       
00001c69  DL_DMA_initChannel            
00001cb5  DL_UART_init                  
00001cfd  SYSCFG_DL_SYSCTL_init         
00001d3d  SYSCFG_DL_initPower           
00001d7d  __aeabi_uidiv                 
00001d7d  __aeabi_uidivmod              
00001dbd  __TI_auto_init_nobinit_nopinit
00001df9  __muldsi3                     
00001e35  __aeabi_f2iz                  
00001e35  __fixsfsi                     
00001e6d  SYSCFG_DL_DMA_UART_JY901S_init
00001e9d  SYSCFG_DL_GPIO_init           
00001ecd  __aeabi_i2d                   
00001ecd  __floatsidf                   
00001ef9  SYSCFG_DL_init                
00001f21  __aeabi_ui2f                  
00001f21  __floatunsisf                 
00001f49  _c_int00_noargs               
00001f71  DL_I2C_setClockConfig         
00001f97  __TI_zero_init_nomemset       
00001fad  DL_UART_setClockConfig        
00001fbf  __TI_decompress_none          
00001fd1  delay_init                    
00001fdd  DL_Common_delayCycles         
00001fe9  __aeabi_memcpy                
00001fe9  __aeabi_memcpy4               
00001fe9  __aeabi_memcpy8               
00001ff1  abort                         
00001ff6  C$$EXIT                       
00001ff7  HOSTexit                      
00001ffb  Reset_Handler                 
00001fff  _system_pre_init              
00002438  __TI_Handler_Table_Base       
00002444  __TI_Handler_Table_Limit      
0000244c  __TI_CINIT_Base               
0000245c  __TI_CINIT_Limit              
0000245c  __TI_CINIT_Warm               
20200000  OLED_F8x16                    
20200000  __start___llvm_prf_bits       
20200000  __start___llvm_prf_cnts       
20200000  __stop___llvm_prf_bits        
20200000  __stop___llvm_prf_cnts        
202005f0  rxData                        
20200634  gUART_JY901SBackup            
20200664  SYSTEMCLOCK                   
20207e00  __stack                       
20208000  __STACK_END                   
ffffffff  __TI_pprof_out_hndl           
ffffffff  __TI_prof_data_size           
ffffffff  __TI_prof_data_start          
ffffffff  __binit__                     
ffffffff  binit                         
UNDEFED   __mpu_init                    
UNDEFED   _system_post_cinit            

[116 symbols]
