******************************************************************************
            TI ARM Clang Linker PC v4.0.3                      
******************************************************************************
>> Linked Sun Jun 29 15:37:57 2025

OUTPUT FILE NAME:   <led_matrix_32x32_with_74ic.out>
ENTRY POINT SYMBOL: "_c_int00_noargs"  address: 00001151


MEMORY CONFIGURATION

         name            origin    length      used     unused   attr    fill
----------------------  --------  ---------  --------  --------  ----  --------
  FLASH                 00000000   00020000  00001c18  0001e3e8  R  X
  SRAM                  20200000   00008000  0000033e  00007cc2  RW X
  BCR_CONFIG            41c00000   00000080  00000000  00000080  R   
  BSL_CONFIG            41c00100   00000080  00000000  00000080  R   


SEGMENT ALLOCATION MAP

run origin  load origin   length   init length attrs members
----------  ----------- ---------- ----------- ----- -------
00000000    00000000    00001c18   00001c18    r-x
  00000000    00000000    000000c0   000000c0    r-- .intvecs
  000000c0    000000c0    00001188   00001188    r-x .text
  00001248    00001248    000009a0   000009a0    r-- .rodata
  00001be8    00001be8    00000030   00000030    r-- .cinit
20200000    20200000    0000013e   00000000    rw-
  20200000    20200000    000000bc   00000000    rw- .bss
  202000bc    202000bc    00000082   00000000    rw- .data
20207e00    20207e00    00000200   00000000    rw-
  20207e00    20207e00    00000200   00000000    rw- .stack


SECTION ALLOCATION MAP

 output                                  attributes/
section   page    origin      length       input sections
--------  ----  ----------  ----------   ----------------
.intvecs   0    00000000    000000c0     
                  00000000    000000c0     startup_mspm0g350x_ticlang.o (.intvecs)

.text      0    000000c0    00001188     
                  000000c0    000004d8     LEDMatrix.o (.text.LEDMatrix_ShowCNChar)
                  00000598    000002f8     LEDMatrix.o (.text.LEDMatrix_ShowENChar)
                  00000890    00000198     hc595.o (.text.HC595OutputBits)
                  00000a28    00000188     hc595.o (.text.HC595ShiftBits)
                  00000bb0    000000e8     driverlib.a : dl_timer.o (.text.DL_Timer_initTimerMode)
                  00000c98    000000e0     LEDMatrix.o (.text.LEDMatrix_TestPic)
                  00000d78    0000009a     libc.a : memcpy16.S.obj (.text:memcpy)
                  00000e12    00000002     startup_mspm0g350x_ticlang.o (.text.Default_Handler)
                  00000e14    0000007c     libc.a : copy_decompress_lzss.c.obj (.text:decompress:lzss)
                  00000e90    00000078     main.o (.text.main)
                  00000f08    00000058     LEDMatrix.o (.text.LEDMatrix_Init)
                  00000f60    00000050     LEDMatrix.o (.text.TIMA0_IRQHandler)
                  00000fb0    0000004c     ti_msp_dl_config.o (.text.SYSCFG_DL_TIMER_LED_MATRIX_init)
                  00000ffc    00000040     ti_msp_dl_config.o (.text.SYSCFG_DL_SYSCTL_init)
                  0000103c    00000040     libclang_rt.builtins.a : aeabi_uidivmod.S.obj (.text.__aeabi_uidivmod)
                  0000107c    0000003c     libc.a : autoinit.c.obj (.text:__TI_auto_init_nobinit_nopinit)
                  000010b8    00000038     ti_msp_dl_config.o (.text.SYSCFG_DL_GPIO_init)
                  000010f0    00000034     ti_msp_dl_config.o (.text.SYSCFG_DL_initPower)
                  00001124    0000002c     hc595.o (.text.HC595Init)
                  00001150    00000028     libc.a : boot_cortex_m.c.obj (.text:_c_int00_noargs)
                  00001178    00000020     ti_msp_dl_config.o (.text.SYSCFG_DL_init)
                  00001198    0000001c     driverlib.a : dl_timer.o (.text.DL_Timer_setClockConfig)
                  000011b4    00000018     hc595.o (.text.HC595LatchBits)
                  000011cc    00000018     decoder_5_32.o (.text.YMQWritePort)
                  000011e4    00000016     libc.a : copy_zero_init.c.obj (.text:decompress:ZI:__TI_zero_init_nomemset)
                  000011fa    00000002     libclang_rt.builtins.a : aeabi_div0.c.obj (.text.__aeabi_idiv0)
                  000011fc    00000014     decoder_5_32.o (.text.YMQInit)
                  00001210    00000012     libc.a : copy_decompress_none.c.obj (.text:decompress:none)
                  00001222    0000000a     driverlib.a : dl_common.o (.text.DL_Common_delayCycles)
                  0000122c    00000008     libclang_rt.builtins.a : aeabi_memcpy.S.obj (.text.__aeabi_memcpy)
                  00001234    00000006     libc.a : exit.c.obj (.text:abort)
                  0000123a    00000004     libsysbm.a : hostexit.c.obj (.text.HOSTexit)
                  0000123e    00000004     startup_mspm0g350x_ticlang.o (.text.Reset_Handler)
                  00001242    00000004     libc.a : pre_init.c.obj (.text._system_pre_init)
                  00001246    00000002     --HOLE-- [fill = 0]

.cinit     0    00001be8    00000030     
                  00001be8    0000000c     (__TI_handler_table)
                  00001bf4    00000008     (.cinit..bss.load) [load image, compression = zero_init]
                  00001bfc    00000008     (.cinit..data.load) [load image, compression = lzss]
                  00001c04    00000010     (__TI_cinit_table)
                  00001c14    00000004     --HOLE-- [fill = 0]

.rodata    0    00001248    000009a0     
                  00001248    000005f0     LEDMatrix_Data.o (.rodata.enchar_8x16)
                  00001838    000002f8     LEDMatrix_Data.o (.rodata.enchar_6x8)
                  00001b30    00000060     LEDMatrix_Data.o (.rodata.cnchar_11x16)
                  00001b90    00000040     LEDMatrix_Data.o (.rodata.cnchar_16x16)
                  00001bd0    00000014     ti_msp_dl_config.o (.rodata.gTIMER_LED_MATRIXTimerConfig)
                  00001be4    00000003     ti_msp_dl_config.o (.rodata.gTIMER_LED_MATRIXClockConfig)
                  00001be7    00000001     --HOLE-- [fill = 0]

.init_array 
*          0    00000000    00000000     UNINITIALIZED

.binit     0    00000000    00000000     

.bss       0    20200000    000000bc     UNINITIALIZED
                  20200000    000000bc     (.common:gTIMER_LED_MATRIXBackup)

.data      0    202000bc    00000082     UNINITIALIZED
                  202000bc    00000080     LEDMatrix.o (.data.__disp_pic)
                  2020013c    00000002     LEDMatrix.o (.data.DispRow)

.stack     0    20207e00    00000200     UNINITIALIZED
                  20207e00    00000004     libc.a : boot_cortex_m.c.obj (.stack)
                  20207e04    000001fc     --HOLE--

__llvm_prf_cnts 
*          0    20200000    00000000     UNINITIALIZED

__llvm_prf_bits 
*          0    20200000    00000000     UNINITIALIZED

MODULE SUMMARY

       Module                         code   ro data   rw data
       ------                         ----   -------   -------
    .\
       ti_msp_dl_config.o             280    23        188    
       startup_mspm0g350x_ticlang.o   6      192       0      
       main.o                         120    0         0      
    +--+------------------------------+------+---------+---------+
       Total:                         406    215       188    
                                                              
    .\hardware\LEDMatrix\
       LEDMatrix.o                    2392   0         130    
       LEDMatrix_Data.o               0      2440      0      
    +--+------------------------------+------+---------+---------+
       Total:                         2392   2440      130    
                                                              
    .\hardware\decoder\
       decoder_5_32.o                 44     0         0      
    +--+------------------------------+------+---------+---------+
       Total:                         44     0         0      
                                                              
    .\hardware\hc595\
       hc595.o                        868    0         0      
    +--+------------------------------+------+---------+---------+
       Total:                         868    0         0      
                                                              
    C:/ti/mspm0_sdk_2_01_00_03/source/ti/driverlib/lib/ticlang/m0p/mspm0g1x0x_g3x0x/driverlib.a
       dl_timer.o                     260    0         0      
       dl_common.o                    10     0         0      
    +--+------------------------------+------+---------+---------+
       Total:                         270    0         0      
                                                              
    C:\ti\ccs2020\ccs\tools\compiler\ti-cgt-armllvm_4.0.3.LTS\lib\armv6m-ti-none-eabi/c/libc.a
       memcpy16.S.obj                 154    0         0      
       copy_decompress_lzss.c.obj     124    0         0      
       autoinit.c.obj                 60     0         0      
       boot_cortex_m.c.obj            40     0         0      
       copy_zero_init.c.obj           22     0         0      
       copy_decompress_none.c.obj     18     0         0      
       exit.c.obj                     6      0         0      
       pre_init.c.obj                 4      0         0      
    +--+------------------------------+------+---------+---------+
       Total:                         428    0         0      
                                                              
    C:\ti\ccs2020\ccs\tools\compiler\ti-cgt-armllvm_4.0.3.LTS\lib\armv6m-ti-none-eabi/c/libsysbm.a
       hostexit.c.obj                 4      0         0      
    +--+------------------------------+------+---------+---------+
       Total:                         4      0         0      
                                                              
    C:\ti\ccs2020\ccs\tools\compiler\ti-cgt-armllvm_4.0.3.LTS\lib\armv6m-ti-none-eabi/libclang_rt.builtins.a
       aeabi_uidivmod.S.obj           64     0         0      
       aeabi_memcpy.S.obj             8      0         0      
       aeabi_div0.c.obj               2      0         0      
    +--+------------------------------+------+---------+---------+
       Total:                         74     0         0      
                                                              
       Stack:                         0      0         512    
       Linker Generated:              0      44        0      
    +--+------------------------------+------+---------+---------+
       Grand Total:                   4486   2699      830    


LINKER GENERATED COPY TABLES

__TI_cinit_table @ 00001c04 records: 2, size/record: 8, table size: 16
	.bss: load addr=00001bf4, load size=00000008 bytes, run addr=20200000, run size=000000bc bytes, compression=zero_init
	.data: load addr=00001bfc, load size=00000008 bytes, run addr=202000bc, run size=00000082 bytes, compression=lzss


LINKER GENERATED HANDLER TABLE

__TI_handler_table @ 00001be8 records: 3, size/record: 4, table size: 12
	index: 0, handler: __TI_decompress_lzss
	index: 1, handler: __TI_decompress_none
	index: 2, handler: __TI_zero_init


GLOBAL SYMBOLS: SORTED ALPHABETICALLY BY Name 

address   name                           
-------   ----                           
00000e13  ADC0_IRQHandler                
00000e13  ADC1_IRQHandler                
00000e13  AES_IRQHandler                 
0000123a  C$$EXIT                        
00000e13  CANFD0_IRQHandler              
00000e13  DAC0_IRQHandler                
00001223  DL_Common_delayCycles          
00000bb1  DL_Timer_initTimerMode         
00001199  DL_Timer_setClockConfig        
00000e13  DMA_IRQHandler                 
00000e13  Default_Handler                
2020013c  DispRow                        
00000e13  GROUP0_IRQHandler              
00000e13  GROUP1_IRQHandler              
00001125  HC595Init                      
000011b5  HC595LatchBits                 
00000891  HC595OutputBits                
00000a29  HC595ShiftBits                 
0000123b  HOSTexit                       
00000e13  HardFault_Handler              
00000e13  I2C0_IRQHandler                
00000e13  I2C1_IRQHandler                
00000f09  LEDMatrix_Init                 
000000c1  LEDMatrix_ShowCNChar           
00000599  LEDMatrix_ShowENChar           
00000c99  LEDMatrix_TestPic              
00000e13  NMI_Handler                    
00000e13  PendSV_Handler                 
00000e13  RTC_IRQHandler                 
0000123f  Reset_Handler                  
00000e13  SPI0_IRQHandler                
00000e13  SPI1_IRQHandler                
00000e13  SVC_Handler                    
000010b9  SYSCFG_DL_GPIO_init            
00000ffd  SYSCFG_DL_SYSCTL_init          
00000fb1  SYSCFG_DL_TIMER_LED_MATRIX_init
00001179  SYSCFG_DL_init                 
000010f1  SYSCFG_DL_initPower            
00000e13  SysTick_Handler                
00000f61  TIMA0_IRQHandler               
00000e13  TIMA1_IRQHandler               
00000e13  TIMG0_IRQHandler               
00000e13  TIMG12_IRQHandler              
00000e13  TIMG6_IRQHandler               
00000e13  TIMG7_IRQHandler               
00000e13  TIMG8_IRQHandler               
00000e13  UART0_IRQHandler               
00000e13  UART1_IRQHandler               
00000e13  UART2_IRQHandler               
00000e13  UART3_IRQHandler               
000011fd  YMQInit                        
000011cd  YMQWritePort                   
20208000  __STACK_END                    
00000200  __STACK_SIZE                   
00000000  __TI_ATRegion0_region_sz       
00000000  __TI_ATRegion0_src_addr        
00000000  __TI_ATRegion0_trg_addr        
00000000  __TI_ATRegion1_region_sz       
00000000  __TI_ATRegion1_src_addr        
00000000  __TI_ATRegion1_trg_addr        
00000000  __TI_ATRegion2_region_sz       
00000000  __TI_ATRegion2_src_addr        
00000000  __TI_ATRegion2_trg_addr        
00001c04  __TI_CINIT_Base                
00001c14  __TI_CINIT_Limit               
00001c14  __TI_CINIT_Warm                
00001be8  __TI_Handler_Table_Base        
00001bf4  __TI_Handler_Table_Limit       
0000107d  __TI_auto_init_nobinit_nopinit 
00000e15  __TI_decompress_lzss           
00001211  __TI_decompress_none           
ffffffff  __TI_pprof_out_hndl            
ffffffff  __TI_prof_data_size            
ffffffff  __TI_prof_data_start           
00000000  __TI_static_base__             
000011e5  __TI_zero_init_nomemset        
000011fb  __aeabi_idiv0                  
0000122d  __aeabi_memcpy                 
0000122d  __aeabi_memcpy4                
0000122d  __aeabi_memcpy8                
0000103d  __aeabi_uidiv                  
0000103d  __aeabi_uidivmod               
ffffffff  __binit__                      
202000bc  __disp_pic                     
UNDEFED   __mpu_init                     
20207e00  __stack                        
20200000  __start___llvm_prf_bits        
20200000  __start___llvm_prf_cnts        
20200000  __stop___llvm_prf_bits         
20200000  __stop___llvm_prf_cnts         
00001151  _c_int00_noargs                
UNDEFED   _system_post_cinit             
00001243  _system_pre_init               
00001235  abort                          
ffffffff  binit                          
00001b30  cnchar_11x16                   
00001b90  cnchar_16x16                   
00001838  enchar_6x8                     
00001248  enchar_8x16                    
20200000  gTIMER_LED_MATRIXBackup        
00000000  interruptVectors               
00000e91  main                           
00000d79  memcpy                         


GLOBAL SYMBOLS: SORTED BY Symbol Address 

address   name                           
-------   ----                           
00000000  __TI_ATRegion0_region_sz       
00000000  __TI_ATRegion0_src_addr        
00000000  __TI_ATRegion0_trg_addr        
00000000  __TI_ATRegion1_region_sz       
00000000  __TI_ATRegion1_src_addr        
00000000  __TI_ATRegion1_trg_addr        
00000000  __TI_ATRegion2_region_sz       
00000000  __TI_ATRegion2_src_addr        
00000000  __TI_ATRegion2_trg_addr        
00000000  __TI_static_base__             
00000000  interruptVectors               
000000c1  LEDMatrix_ShowCNChar           
00000200  __STACK_SIZE                   
00000599  LEDMatrix_ShowENChar           
00000891  HC595OutputBits                
00000a29  HC595ShiftBits                 
00000bb1  DL_Timer_initTimerMode         
00000c99  LEDMatrix_TestPic              
00000d79  memcpy                         
00000e13  ADC0_IRQHandler                
00000e13  ADC1_IRQHandler                
00000e13  AES_IRQHandler                 
00000e13  CANFD0_IRQHandler              
00000e13  DAC0_IRQHandler                
00000e13  DMA_IRQHandler                 
00000e13  Default_Handler                
00000e13  GROUP0_IRQHandler              
00000e13  GROUP1_IRQHandler              
00000e13  HardFault_Handler              
00000e13  I2C0_IRQHandler                
00000e13  I2C1_IRQHandler                
00000e13  NMI_Handler                    
00000e13  PendSV_Handler                 
00000e13  RTC_IRQHandler                 
00000e13  SPI0_IRQHandler                
00000e13  SPI1_IRQHandler                
00000e13  SVC_Handler                    
00000e13  SysTick_Handler                
00000e13  TIMA1_IRQHandler               
00000e13  TIMG0_IRQHandler               
00000e13  TIMG12_IRQHandler              
00000e13  TIMG6_IRQHandler               
00000e13  TIMG7_IRQHandler               
00000e13  TIMG8_IRQHandler               
00000e13  UART0_IRQHandler               
00000e13  UART1_IRQHandler               
00000e13  UART2_IRQHandler               
00000e13  UART3_IRQHandler               
00000e15  __TI_decompress_lzss           
00000e91  main                           
00000f09  LEDMatrix_Init                 
00000f61  TIMA0_IRQHandler               
00000fb1  SYSCFG_DL_TIMER_LED_MATRIX_init
00000ffd  SYSCFG_DL_SYSCTL_init          
0000103d  __aeabi_uidiv                  
0000103d  __aeabi_uidivmod               
0000107d  __TI_auto_init_nobinit_nopinit 
000010b9  SYSCFG_DL_GPIO_init            
000010f1  SYSCFG_DL_initPower            
00001125  HC595Init                      
00001151  _c_int00_noargs                
00001179  SYSCFG_DL_init                 
00001199  DL_Timer_setClockConfig        
000011b5  HC595LatchBits                 
000011cd  YMQWritePort                   
000011e5  __TI_zero_init_nomemset        
000011fb  __aeabi_idiv0                  
000011fd  YMQInit                        
00001211  __TI_decompress_none           
00001223  DL_Common_delayCycles          
0000122d  __aeabi_memcpy                 
0000122d  __aeabi_memcpy4                
0000122d  __aeabi_memcpy8                
00001235  abort                          
0000123a  C$$EXIT                        
0000123b  HOSTexit                       
0000123f  Reset_Handler                  
00001243  _system_pre_init               
00001248  enchar_8x16                    
00001838  enchar_6x8                     
00001b30  cnchar_11x16                   
00001b90  cnchar_16x16                   
00001be8  __TI_Handler_Table_Base        
00001bf4  __TI_Handler_Table_Limit       
00001c04  __TI_CINIT_Base                
00001c14  __TI_CINIT_Limit               
00001c14  __TI_CINIT_Warm                
20200000  __start___llvm_prf_bits        
20200000  __start___llvm_prf_cnts        
20200000  __stop___llvm_prf_bits         
20200000  __stop___llvm_prf_cnts         
20200000  gTIMER_LED_MATRIXBackup        
202000bc  __disp_pic                     
2020013c  DispRow                        
20207e00  __stack                        
20208000  __STACK_END                    
ffffffff  __TI_pprof_out_hndl            
ffffffff  __TI_prof_data_size            
ffffffff  __TI_prof_data_start           
ffffffff  __binit__                      
ffffffff  binit                          
UNDEFED   __mpu_init                     
UNDEFED   _system_post_cinit             

[103 symbols]
