******************************************************************************
            TI ARM Clang Linker PC v4.0.3                      
******************************************************************************
>> Linked Sat Aug  9 09:13:22 2025

OUTPUT FILE NAME:   <gpio_interrupt_encoder_measurement.out>
ENTRY POINT SYMBOL: "_c_int00_noargs"  address: 00002f89


MEMORY CONFIGURATION

         name            origin    length      used     unused   attr    fill
----------------------  --------  ---------  --------  --------  ----  --------
  FLASH                 00000000   00020000  00003d20  0001c2e0  R  X
  SRAM                  20200000   00008000  00000611  000079ef  RW X
  BCR_CONFIG            41c00000   00000080  00000000  00000080  R   
  BSL_CONFIG            41c00100   00000080  00000000  00000080  R   


SEGMENT ALLOCATION MAP

run origin  load origin   length   init length attrs members
----------  ----------- ---------- ----------- ----- -------
00000000    00000000    00003d20   00003d20    r-x
  00000000    00000000    000000c0   000000c0    r-- .intvecs
  000000c0    000000c0    00003070   00003070    r-x .text
  00003130    00003130    00000bc0   00000bc0    r-- .rodata
  00003cf0    00003cf0    00000030   00000030    r-- .cinit
20200000    20200000    00000411   00000000    rw-
  20200000    20200000    00000408   00000000    rw- .bss
  20200408    20200408    00000009   00000000    rw- .data
20207e00    20207e00    00000200   00000000    rw-
  20207e00    20207e00    00000200   00000000    rw- .stack


SECTION ALLOCATION MAP

 output                                  attributes/
section   page    origin      length       input sections
--------  ----  ----------  ----------   ----------------
.intvecs   0    00000000    000000c0     
                  00000000    000000c0     startup_mspm0g350x_ticlang.o (.intvecs)

.text      0    000000c0    00003070     
                  000000c0    000009d0     libc.a : _printfi.c.obj (.text:__TI_printfi)
                  00000a90    0000039c     OLED.o (.text.OLED_WriteData)
                  00000e2c    00000378     OLED.o (.text.OLED_WriteCommand)
                  000011a4    00000304     OLED.o (.text.OLED_Init)
                  000014a8    00000264     OLED.o (.text.OLED_ShowImage)
                  0000170c    00000220     libc.a : _printfi.c.obj (.text._pconv_a)
                  0000192c    000001f0     OLED.o (.text.OLED_ShowString)
                  00001b1c    000001dc     libc.a : _printfi.c.obj (.text._pconv_g)
                  00001cf8    00000192     libclang_rt.builtins.a : adddf3.S.obj (.text.adddf3_subdf3)
                  00001e8a    00000002     startup_mspm0g350x_ticlang.o (.text.Default_Handler)
                  00001e8c    0000013c     libc.a : _printfi.c.obj (.text.fcvt)
                  00001fc8    00000120            : _printfi.c.obj (.text._pconv_e)
                  000020e8    0000010c     libclang_rt.builtins.a : divdf3.S.obj (.text.__divdf3)
                  000021f4    00000104     OLED.o (.text.OLED_Update)
                  000022f8    000000e4     libclang_rt.builtins.a : muldf3.S.obj (.text.__muldf3)
                  000023dc    000000d8     libc.a : s_scalbn.c.obj (.text.scalbn)
                  000024b4    000000c0     main.o (.text.GROUP1_IRQHandler)
                  00002574    000000b0     main.o (.text.main)
                  00002624    000000a8     delay.o (.text.delay_ms)
                  000026cc    000000a2     libclang_rt.builtins.a : udivmoddi4.S.obj (.text)
                  0000276e    0000009a     libc.a : memcpy16.S.obj (.text:memcpy)
                  00002808    00000008            : aeabi_portable.c.obj (.text.__aeabi_errno_addr)
                  00002810    00000088            : strcmp-armv6m.S.obj (.text:strcmp)
                  00002898    0000007c            : copy_decompress_lzss.c.obj (.text:decompress:lzss)
                  00002914    00000074     libclang_rt.builtins.a : comparedf2.c.obj (.text.__gedf2)
                  00002988    00000068                            : comparedf2.c.obj (.text.__ledf2)
                  000029f0    00000066     libc.a : _printfi.c.obj (.text._mcpy)
                  00002a56    00000002     libclang_rt.builtins.a : aeabi_div0.c.obj (.text.__aeabi_idiv0)
                  00002a58    00000062                            : aeabi_dcmp.S.obj (.text.__aeabi_dcmp)
                  00002aba    00000062     libc.a : memset16.S.obj (.text:memset)
                  00002b1c    0000005c            : s_frexp.c.obj (.text.frexp)
                  00002b78    00000058            : _ltoa.c.obj (.text.__TI_ltoa)
                  00002bd0    00000058            : _printfi.c.obj (.text._pconv_f)
                  00002c28    00000056     libclang_rt.builtins.a : aeabi_idivmod.S.obj (.text.__aeabi_idivmod)
                  00002c7e    00000002                            : aeabi_div0.c.obj (.text.__aeabi_ldiv0)
                  00002c80    00000054     ti_msp_dl_config.o (.text.SYSCFG_DL_GPIO_init)
                  00002cd4    00000052     libc.a : _printfi.c.obj (.text._ecpy)
                  00002d26    00000002     --HOLE-- [fill = 0]
                  00002d28    0000004a     libclang_rt.builtins.a : fixdfsi.S.obj (.text.__fixdfsi)
                  00002d72    00000002     --HOLE-- [fill = 0]
                  00002d74    00000040     ti_msp_dl_config.o (.text.SYSCFG_DL_SYSCTL_init)
                  00002db4    00000040     libclang_rt.builtins.a : aeabi_uidivmod.S.obj (.text.__aeabi_uidivmod)
                  00002df4    00000040     libc.a : atoi.c.obj (.text.atoi)
                  00002e34    0000003c            : autoinit.c.obj (.text:__TI_auto_init_nobinit_nopinit)
                  00002e70    0000003a     libclang_rt.builtins.a : muldsi3.S.obj (.text.__muldsi3)
                  00002eaa    00000030     libc.a : _printfi.c.obj (.text._fcpy)
                  00002eda    00000002     --HOLE-- [fill = 0]
                  00002edc    0000002c     ti_msp_dl_config.o (.text.SYSCFG_DL_initPower)
                  00002f08    0000002c     libclang_rt.builtins.a : floatsidf.S.obj (.text.__floatsidf)
                  00002f34    0000002c     libc.a : vsprintf.c.obj (.text.vsprintf)
                  00002f60    00000028     OLED.o (.text.OLED_Printf)
                  00002f88    00000028     libc.a : boot_cortex_m.c.obj (.text:_c_int00_noargs)
                  00002fb0    00000024     libclang_rt.builtins.a : muldi3.S.obj (.text.__muldi3)
                  00002fd4    00000022     libc.a : memccpy.c.obj (.text.memccpy)
                  00002ff6    00000002     --HOLE-- [fill = 0]
                  00002ff8    0000001e     libclang_rt.builtins.a : ashldi3.S.obj (.text.__ashldi3)
                  00003016    00000018     libc.a : vsprintf.c.obj (.text._outs)
                  0000302e    00000002     --HOLE-- [fill = 0]
                  00003030    00000014     libclang_rt.builtins.a : aeabi_uldivmod.S.obj (.text.__aeabi_uldivmod)
                  00003044    00000014     libc.a : _printfi.c.obj (.text.strchr)
                  00003058    00000012            : copy_decompress_none.c.obj (.text:decompress:none)
                  0000306a    00000010     ti_msp_dl_config.o (.text.SYSCFG_DL_init)
                  0000307a    00000010     libc.a : wcslen.c.obj (.text.wcslen)
                  0000308a    00000010            : copy_zero_init.c.obj (.text:decompress:ZI)
                  0000309a    00000002     --HOLE-- [fill = 0]
                  0000309c    0000000e     libclang_rt.builtins.a : aeabi_memset.S.obj (.text.__aeabi_memset)
                  000030aa    0000000e     libc.a : _printfi.c.obj (.text.strlen)
                  000030b8    0000000c     libclang_rt.builtins.a : aeabi_memset.S.obj (.text.__aeabi_memclr)
                  000030c4    0000000c     delay.o (.text.delay_init)
                  000030d0    0000000a     driverlib.a : dl_common.o (.text.DL_Common_delayCycles)
                  000030da    0000000a     libc.a : _printfi.c.obj (.text.OUTLINED_FUNCTION_0)
                  000030e4    00000010     libclang_rt.builtins.a : adddf3.S.obj (.tramp.__aeabi_dsub.1)
                  000030f4    0000000a     libc.a : _printfi.c.obj (.text.OUTLINED_FUNCTION_1)
                  000030fe    0000000a            : vsprintf.c.obj (.text._outc)
                  00003108    00000008     libclang_rt.builtins.a : aeabi_memcpy.S.obj (.text.__aeabi_memcpy)
                  00003110    00000006     libc.a : exit.c.obj (.text:abort)
                  00003116    00000004     libsysbm.a : hostexit.c.obj (.text.HOSTexit)
                  0000311a    00000004     startup_mspm0g350x_ticlang.o (.text.Reset_Handler)
                  0000311e    00000004     libc.a : pre_init.c.obj (.text._system_pre_init)
                  00003122    0000000e     --HOLE-- [fill = 0]

.cinit     0    00003cf0    00000030     
                  00003cf0    0000000c     (__TI_handler_table)
                  00003cfc    00000008     (.cinit..bss.load) [load image, compression = zero_init]
                  00003d04    00000007     (.cinit..data.load) [load image, compression = lzss]
                  00003d0b    00000001     --HOLE-- [fill = 0]
                  00003d0c    00000010     (__TI_cinit_table)
                  00003d1c    00000004     --HOLE-- [fill = 0]

.rodata    0    00003130    00000bc0     
                  00003130    000005f0     OLED_Data.o (.rodata.OLED_F8x16)
                  00003720    0000023a     OLED_Data.o (.rodata.OLED_F6x8)
                  0000395a    0000022b     OLED_Data.o (.rodata.OLED_CF16x16)
                  00003b85    0000000b     main.o (.rodata.str1.18227636981041470289.1)
                  00003b90    00000101     libc.a : aeabi_ctype.S.obj (.rodata:__aeabi_ctype_table_)
                  00003c91    00000011            : _printfi.c.obj (.rodata.str1.10348868589481759720.1)
                  00003ca2    00000011            : _printfi.c.obj (.rodata.str1.15363888844622738466.1)
                  00003cb3    0000000d     main.o (.rodata.str1.12180500075719773345.1)
                  00003cc0    0000000d     main.o (.rodata.str1.15159059442110792349.1)
                  00003ccd    0000000d     main.o (.rodata.str1.2846389346932560359.1)
                  00003cda    0000000c     main.o (.rodata.str1.8154729771448623357.1)
                  00003ce6    00000006     main.o (.rodata.str1.17100691992556644108.1)
                  00003cec    00000004     --HOLE-- [fill = 0]

.init_array 
*          0    00000000    00000000     UNINITIALIZED

.binit     0    00000000    00000000     

.bss       0    20200000    00000408     UNINITIALIZED
                  20200000    00000400     (.common:OLED_DisplayBuf)
                  20200400    00000008     (.common:SYSTEMCLOCK)

.data      0    20200408    00000009     UNINITIALIZED
                  20200408    00000004     main.o (.data.EncoderCount)
                  2020040c    00000004     libc.a : aeabi_portable.c.obj (.data.__aeabi_errno)
                  20200410    00000001     main.o (.data.isEncoderRotatingForward)

.stack     0    20207e00    00000200     UNINITIALIZED
                  20207e00    00000004     libc.a : boot_cortex_m.c.obj (.stack)
                  20207e04    000001fc     --HOLE--

__llvm_prf_cnts 
*          0    20200000    00000000     UNINITIALIZED

__llvm_prf_bits 
*          0    20200000    00000000     UNINITIALIZED

MODULE SUMMARY

       Module                         code    ro data   rw data
       ------                         ----    -------   -------
    .\
       main.o                         368     68        5      
       ti_msp_dl_config.o             208     0         0      
       startup_mspm0g350x_ticlang.o   6       192       0      
    +--+------------------------------+-------+---------+---------+
       Total:                         582     260       5      
                                                               
    .\hardware\OLED\
       OLED.o                         3992    0         1024   
       OLED_Data.o                    0       2645      0      
    +--+------------------------------+-------+---------+---------+
       Total:                         3992    2645      1024   
                                                               
    .\hardware\delay\
       delay.o                        180     0         8      
    +--+------------------------------+-------+---------+---------+
       Total:                         180     0         8      
                                                               
    C:/ti/mspm0_sdk_2_01_00_03/source/ti/driverlib/lib/ticlang/m0p/mspm0g1x0x_g3x0x/driverlib.a
       dl_common.o                    10      0         0      
    +--+------------------------------+-------+---------+---------+
       Total:                         10      0         0      
                                                               
    C:\ti\ccs2020\ccs\tools\compiler\ti-cgt-armllvm_4.0.3.LTS\lib\armv6m-ti-none-eabi/c/libc.a
       _printfi.c.obj                 4510    34        0      
       aeabi_ctype.S.obj              0       257       0      
       s_scalbn.c.obj                 216     0         0      
       memcpy16.S.obj                 154     0         0      
       strcmp-armv6m.S.obj            136     0         0      
       copy_decompress_lzss.c.obj     124     0         0      
       memset16.S.obj                 98      0         0      
       s_frexp.c.obj                  92      0         0      
       _ltoa.c.obj                    88      0         0      
       vsprintf.c.obj                 78      0         0      
       atoi.c.obj                     64      0         0      
       autoinit.c.obj                 60      0         0      
       boot_cortex_m.c.obj            40      0         0      
       memccpy.c.obj                  34      0         0      
       copy_decompress_none.c.obj     18      0         0      
       copy_zero_init.c.obj           16      0         0      
       wcslen.c.obj                   16      0         0      
       aeabi_portable.c.obj           8       0         4      
       exit.c.obj                     6       0         0      
       pre_init.c.obj                 4       0         0      
    +--+------------------------------+-------+---------+---------+
       Total:                         5762    291       4      
                                                               
    C:\ti\ccs2020\ccs\tools\compiler\ti-cgt-armllvm_4.0.3.LTS\lib\armv6m-ti-none-eabi/c/libsysbm.a
       hostexit.c.obj                 4       0         0      
    +--+------------------------------+-------+---------+---------+
       Total:                         4       0         0      
                                                               
    C:\ti\ccs2020\ccs\tools\compiler\ti-cgt-armllvm_4.0.3.LTS\lib\armv6m-ti-none-eabi/libclang_rt.builtins.a
       adddf3.S.obj                   418     0         0      
       divdf3.S.obj                   268     0         0      
       muldf3.S.obj                   228     0         0      
       comparedf2.c.obj               220     0         0      
       udivmoddi4.S.obj               162     0         0      
       aeabi_dcmp.S.obj               98      0         0      
       aeabi_idivmod.S.obj            86      0         0      
       fixdfsi.S.obj                  74      0         0      
       aeabi_uidivmod.S.obj           64      0         0      
       muldsi3.S.obj                  58      0         0      
       floatsidf.S.obj                44      0         0      
       muldi3.S.obj                   36      0         0      
       ashldi3.S.obj                  30      0         0      
       aeabi_memset.S.obj             26      0         0      
       aeabi_uldivmod.S.obj           20      0         0      
       aeabi_memcpy.S.obj             8       0         0      
       aeabi_div0.c.obj               4       0         0      
    +--+------------------------------+-------+---------+---------+
       Total:                         1844    0         0      
                                                               
       Stack:                         0       0         512    
       Linker Generated:              0       43        0      
    +--+------------------------------+-------+---------+---------+
       Grand Total:                   12374   3239      1553   


LINKER GENERATED COPY TABLES

__TI_cinit_table @ 00003d0c records: 2, size/record: 8, table size: 16
	.bss: load addr=00003cfc, load size=00000008 bytes, run addr=20200000, run size=00000408 bytes, compression=zero_init
	.data: load addr=00003d04, load size=00000007 bytes, run addr=20200408, run size=00000009 bytes, compression=lzss


LINKER GENERATED HANDLER TABLE

__TI_handler_table @ 00003cf0 records: 3, size/record: 4, table size: 12
	index: 0, handler: __TI_decompress_lzss
	index: 1, handler: __TI_decompress_none
	index: 2, handler: __TI_zero_init


FAR CALL TRAMPOLINES

callee name               trampoline name
   callee addr  tramp addr   call addr  call info
--------------  -----------  ---------  ----------------
__aeabi_dsub              $Tramp$TT$L$PI$$__aeabi_dsub
   00001cf9     000030e4     000030e2   libc.a : _printfi.c.obj (.text.OUTLINED_FUNCTION_0)

[1 trampolines]
[1 trampoline calls]


GLOBAL SYMBOLS: SORTED ALPHABETICALLY BY Name 

address   name                          
-------   ----                          
00001e8b  ADC0_IRQHandler               
00001e8b  ADC1_IRQHandler               
00001e8b  AES_IRQHandler                
00003116  C$$EXIT                       
00001e8b  CANFD0_IRQHandler             
00001e8b  DAC0_IRQHandler               
000030d1  DL_Common_delayCycles         
00001e8b  DMA_IRQHandler                
00001e8b  Default_Handler               
20200408  EncoderCount                  
00001e8b  GROUP0_IRQHandler             
000024b5  GROUP1_IRQHandler             
00003117  HOSTexit                      
00001e8b  HardFault_Handler             
00001e8b  I2C0_IRQHandler               
00001e8b  I2C1_IRQHandler               
00001e8b  NMI_Handler                   
0000395a  OLED_CF16x16                  
20200000  OLED_DisplayBuf               
00003720  OLED_F6x8                     
00003130  OLED_F8x16                    
000011a5  OLED_Init                     
00002f61  OLED_Printf                   
000014a9  OLED_ShowImage                
0000192d  OLED_ShowString               
000021f5  OLED_Update                   
00000e2d  OLED_WriteCommand             
00000a91  OLED_WriteData                
00001e8b  PendSV_Handler                
00001e8b  RTC_IRQHandler                
0000311b  Reset_Handler                 
00001e8b  SPI0_IRQHandler               
00001e8b  SPI1_IRQHandler               
00001e8b  SVC_Handler                   
00002c81  SYSCFG_DL_GPIO_init           
00002d75  SYSCFG_DL_SYSCTL_init         
0000306b  SYSCFG_DL_init                
00002edd  SYSCFG_DL_initPower           
20200400  SYSTEMCLOCK                   
00001e8b  SysTick_Handler               
00001e8b  TIMA0_IRQHandler              
00001e8b  TIMA1_IRQHandler              
00001e8b  TIMG0_IRQHandler              
00001e8b  TIMG12_IRQHandler             
00001e8b  TIMG6_IRQHandler              
00001e8b  TIMG7_IRQHandler              
00001e8b  TIMG8_IRQHandler              
00001e8b  UART0_IRQHandler              
00001e8b  UART1_IRQHandler              
00001e8b  UART2_IRQHandler              
00001e8b  UART3_IRQHandler              
20208000  __STACK_END                   
00000200  __STACK_SIZE                  
00000000  __TI_ATRegion0_region_sz      
00000000  __TI_ATRegion0_src_addr       
00000000  __TI_ATRegion0_trg_addr       
00000000  __TI_ATRegion1_region_sz      
00000000  __TI_ATRegion1_src_addr       
00000000  __TI_ATRegion1_trg_addr       
00000000  __TI_ATRegion2_region_sz      
00000000  __TI_ATRegion2_src_addr       
00000000  __TI_ATRegion2_trg_addr       
00003d0c  __TI_CINIT_Base               
00003d1c  __TI_CINIT_Limit              
00003d1c  __TI_CINIT_Warm               
00003cf0  __TI_Handler_Table_Base       
00003cfc  __TI_Handler_Table_Limit      
00002e35  __TI_auto_init_nobinit_nopinit
00002899  __TI_decompress_lzss          
00003059  __TI_decompress_none          
00002b79  __TI_ltoa                     
ffffffff  __TI_pprof_out_hndl           
000000c1  __TI_printfi                  
ffffffff  __TI_prof_data_size           
ffffffff  __TI_prof_data_start          
00000000  __TI_static_base__            
0000308b  __TI_zero_init                
00001d03  __adddf3                      
00003b90  __aeabi_ctype_table_          
00003b90  __aeabi_ctype_table_C         
00002d29  __aeabi_d2iz                  
00001d03  __aeabi_dadd                  
00002a59  __aeabi_dcmpeq                
00002a95  __aeabi_dcmpge                
00002aa9  __aeabi_dcmpgt                
00002a81  __aeabi_dcmple                
00002a6d  __aeabi_dcmplt                
000020e9  __aeabi_ddiv                  
000022f9  __aeabi_dmul                  
00001cf9  __aeabi_dsub                  
2020040c  __aeabi_errno                 
00002809  __aeabi_errno_addr            
00002f09  __aeabi_i2d                   
00002c29  __aeabi_idiv                  
00002a57  __aeabi_idiv0                 
00002c29  __aeabi_idivmod               
00002c7f  __aeabi_ldiv0                 
00002ff9  __aeabi_llsl                  
00002fb1  __aeabi_lmul                  
000030b9  __aeabi_memclr                
000030b9  __aeabi_memclr4               
000030b9  __aeabi_memclr8               
00003109  __aeabi_memcpy                
00003109  __aeabi_memcpy4               
00003109  __aeabi_memcpy8               
0000309d  __aeabi_memset                
0000309d  __aeabi_memset4               
0000309d  __aeabi_memset8               
00002db5  __aeabi_uidiv                 
00002db5  __aeabi_uidivmod              
00003031  __aeabi_uldivmod              
00002ff9  __ashldi3                     
ffffffff  __binit__                     
00002989  __cmpdf2                      
000020e9  __divdf3                      
00002989  __eqdf2                       
00002d29  __fixdfsi                     
00002f09  __floatsidf                   
00002915  __gedf2                       
00002915  __gtdf2                       
00002989  __ledf2                       
00002989  __ltdf2                       
UNDEFED   __mpu_init                    
000022f9  __muldf3                      
00002fb1  __muldi3                      
00002e71  __muldsi3                     
00002989  __nedf2                       
20207e00  __stack                       
20200000  __start___llvm_prf_bits       
20200000  __start___llvm_prf_cnts       
20200000  __stop___llvm_prf_bits        
20200000  __stop___llvm_prf_cnts        
00001cf9  __subdf3                      
000026cd  __udivmoddi4                  
00002f89  _c_int00_noargs               
UNDEFED   _system_post_cinit            
0000311f  _system_pre_init              
00003111  abort                         
00002df5  atoi                          
ffffffff  binit                         
000030c5  delay_init                    
00002625  delay_ms                      
00002b1d  frexp                         
00002b1d  frexpl                        
00000000  interruptVectors              
20200410  isEncoderRotatingForward      
000023dd  ldexp                         
000023dd  ldexpl                        
00002575  main                          
00002fd5  memccpy                       
0000276f  memcpy                        
00002abb  memset                        
000023dd  scalbn                        
000023dd  scalbnl                       
00002811  strcmp                        
00002f35  vsprintf                      
0000307b  wcslen                        


GLOBAL SYMBOLS: SORTED BY Symbol Address 

address   name                          
-------   ----                          
00000000  __TI_ATRegion0_region_sz      
00000000  __TI_ATRegion0_src_addr       
00000000  __TI_ATRegion0_trg_addr       
00000000  __TI_ATRegion1_region_sz      
00000000  __TI_ATRegion1_src_addr       
00000000  __TI_ATRegion1_trg_addr       
00000000  __TI_ATRegion2_region_sz      
00000000  __TI_ATRegion2_src_addr       
00000000  __TI_ATRegion2_trg_addr       
00000000  __TI_static_base__            
00000000  interruptVectors              
000000c1  __TI_printfi                  
00000200  __STACK_SIZE                  
00000a91  OLED_WriteData                
00000e2d  OLED_WriteCommand             
000011a5  OLED_Init                     
000014a9  OLED_ShowImage                
0000192d  OLED_ShowString               
00001cf9  __aeabi_dsub                  
00001cf9  __subdf3                      
00001d03  __adddf3                      
00001d03  __aeabi_dadd                  
00001e8b  ADC0_IRQHandler               
00001e8b  ADC1_IRQHandler               
00001e8b  AES_IRQHandler                
00001e8b  CANFD0_IRQHandler             
00001e8b  DAC0_IRQHandler               
00001e8b  DMA_IRQHandler                
00001e8b  Default_Handler               
00001e8b  GROUP0_IRQHandler             
00001e8b  HardFault_Handler             
00001e8b  I2C0_IRQHandler               
00001e8b  I2C1_IRQHandler               
00001e8b  NMI_Handler                   
00001e8b  PendSV_Handler                
00001e8b  RTC_IRQHandler                
00001e8b  SPI0_IRQHandler               
00001e8b  SPI1_IRQHandler               
00001e8b  SVC_Handler                   
00001e8b  SysTick_Handler               
00001e8b  TIMA0_IRQHandler              
00001e8b  TIMA1_IRQHandler              
00001e8b  TIMG0_IRQHandler              
00001e8b  TIMG12_IRQHandler             
00001e8b  TIMG6_IRQHandler              
00001e8b  TIMG7_IRQHandler              
00001e8b  TIMG8_IRQHandler              
00001e8b  UART0_IRQHandler              
00001e8b  UART1_IRQHandler              
00001e8b  UART2_IRQHandler              
00001e8b  UART3_IRQHandler              
000020e9  __aeabi_ddiv                  
000020e9  __divdf3                      
000021f5  OLED_Update                   
000022f9  __aeabi_dmul                  
000022f9  __muldf3                      
000023dd  ldexp                         
000023dd  ldexpl                        
000023dd  scalbn                        
000023dd  scalbnl                       
000024b5  GROUP1_IRQHandler             
00002575  main                          
00002625  delay_ms                      
000026cd  __udivmoddi4                  
0000276f  memcpy                        
00002809  __aeabi_errno_addr            
00002811  strcmp                        
00002899  __TI_decompress_lzss          
00002915  __gedf2                       
00002915  __gtdf2                       
00002989  __cmpdf2                      
00002989  __eqdf2                       
00002989  __ledf2                       
00002989  __ltdf2                       
00002989  __nedf2                       
00002a57  __aeabi_idiv0                 
00002a59  __aeabi_dcmpeq                
00002a6d  __aeabi_dcmplt                
00002a81  __aeabi_dcmple                
00002a95  __aeabi_dcmpge                
00002aa9  __aeabi_dcmpgt                
00002abb  memset                        
00002b1d  frexp                         
00002b1d  frexpl                        
00002b79  __TI_ltoa                     
00002c29  __aeabi_idiv                  
00002c29  __aeabi_idivmod               
00002c7f  __aeabi_ldiv0                 
00002c81  SYSCFG_DL_GPIO_init           
00002d29  __aeabi_d2iz                  
00002d29  __fixdfsi                     
00002d75  SYSCFG_DL_SYSCTL_init         
00002db5  __aeabi_uidiv                 
00002db5  __aeabi_uidivmod              
00002df5  atoi                          
00002e35  __TI_auto_init_nobinit_nopinit
00002e71  __muldsi3                     
00002edd  SYSCFG_DL_initPower           
00002f09  __aeabi_i2d                   
00002f09  __floatsidf                   
00002f35  vsprintf                      
00002f61  OLED_Printf                   
00002f89  _c_int00_noargs               
00002fb1  __aeabi_lmul                  
00002fb1  __muldi3                      
00002fd5  memccpy                       
00002ff9  __aeabi_llsl                  
00002ff9  __ashldi3                     
00003031  __aeabi_uldivmod              
00003059  __TI_decompress_none          
0000306b  SYSCFG_DL_init                
0000307b  wcslen                        
0000308b  __TI_zero_init                
0000309d  __aeabi_memset                
0000309d  __aeabi_memset4               
0000309d  __aeabi_memset8               
000030b9  __aeabi_memclr                
000030b9  __aeabi_memclr4               
000030b9  __aeabi_memclr8               
000030c5  delay_init                    
000030d1  DL_Common_delayCycles         
00003109  __aeabi_memcpy                
00003109  __aeabi_memcpy4               
00003109  __aeabi_memcpy8               
00003111  abort                         
00003116  C$$EXIT                       
00003117  HOSTexit                      
0000311b  Reset_Handler                 
0000311f  _system_pre_init              
00003130  OLED_F8x16                    
00003720  OLED_F6x8                     
0000395a  OLED_CF16x16                  
00003b90  __aeabi_ctype_table_          
00003b90  __aeabi_ctype_table_C         
00003cf0  __TI_Handler_Table_Base       
00003cfc  __TI_Handler_Table_Limit      
00003d0c  __TI_CINIT_Base               
00003d1c  __TI_CINIT_Limit              
00003d1c  __TI_CINIT_Warm               
20200000  OLED_DisplayBuf               
20200000  __start___llvm_prf_bits       
20200000  __start___llvm_prf_cnts       
20200000  __stop___llvm_prf_bits        
20200000  __stop___llvm_prf_cnts        
20200400  SYSTEMCLOCK                   
20200408  EncoderCount                  
2020040c  __aeabi_errno                 
20200410  isEncoderRotatingForward      
20207e00  __stack                       
20208000  __STACK_END                   
ffffffff  __TI_pprof_out_hndl           
ffffffff  __TI_prof_data_size           
ffffffff  __TI_prof_data_start          
ffffffff  __binit__                     
ffffffff  binit                         
UNDEFED   __mpu_init                    
UNDEFED   _system_post_cinit            

[157 symbols]
